  Determinando los proyectos que se van a restaurar...
D:\UNIVERSIDAD\PROYECTOS BDD Y DS\Proyecto Integrador\BioUTN\BioUTN.API\BioUTN.API.csproj : warning NU1903: El paquete "Microsoft.OpenApi" 2.0.0 tiene una vulnerabilidad de gravedad alta conocida, https://github.com/advisories/GHSA-v5pm-xwqc-g5wc [D:\UNIVERSIDAD\PROYECTOS BDD Y DS\Proyecto Integrador\BioUTN\BioUTN.slnx]
  Todos los proyectos están actualizados para la restauración.
D:\UNIVERSIDAD\PROYECTOS BDD Y DS\Proyecto Integrador\BioUTN\BioUTN.API\BioUTN.API.csproj : warning NU1903: El paquete "Microsoft.OpenApi" 2.0.0 tiene una vulnerabilidad de gravedad alta conocida, https://github.com/advisories/GHSA-v5pm-xwqc-g5wc
  BioUTN.Modelos -> D:\UNIVERSIDAD\PROYECTOS BDD Y DS\Proyecto Integrador\BioUTN\BioUTN.Modelos\bin\Debug\net10.0\BioUTN.Modelos.dll
  BioUTN.ApiConsumer -> D:\UNIVERSIDAD\PROYECTOS BDD Y DS\Proyecto Integrador\BioUTN\BioUTN.ApiConsumer\bin\Debug\net10.0\BioUTN.ApiConsumer.dll
  BioUTN.Servicios -> D:\UNIVERSIDAD\PROYECTOS BDD Y DS\Proyecto Integrador\BioUTN\BioUTN.Servicios\bin\Debug\net10.0\BioUTN.Servicios.dll
D:\UNIVERSIDAD\PROYECTOS BDD Y DS\Proyecto Integrador\BioUTN\BioUTN.API\Controllers\DocumentosController.cs(29,43): error CS1061: "BioUTNContext" no contiene una definición para "Documentos" ni un método de extensión accesible "Documentos" que acepte un primer argumento del tipo "BioUTNContext" (¿falta alguna directiva using o una referencia de ensamblado?) [D:\UNIVERSIDAD\PROYECTOS BDD Y DS\Proyecto Integrador\BioUTN\BioUTN.API\BioUTN.API.csproj]
D:\UNIVERSIDAD\PROYECTOS BDD Y DS\Proyecto Integrador\BioUTN\BioUTN.API\Controllers\EspeciesController.cs(30,37): error CS1061: "Especie" no contiene una definición para "Familia" ni un método de extensión accesible "Familia" que acepte un primer argumento del tipo "Especie" (¿falta alguna directiva using o una referencia de ensamblado?) [D:\UNIVERSIDAD\PROYECTOS BDD Y DS\Proyecto Integrador\BioUTN\BioUTN.API\BioUTN.API.csproj]
D:\UNIVERSIDAD\PROYECTOS BDD Y DS\Proyecto Integrador\BioUTN\BioUTN.API\Controllers\DocumentosController.cs(44,43): error CS1061: "BioUTNContext" no contiene una definición para "Documentos" ni un método de extensión accesible "Documentos" que acepte un primer argumento del tipo "BioUTNContext" (¿falta alguna directiva using o una referencia de ensamblado?) [D:\UNIVERSIDAD\PROYECTOS BDD Y DS\Proyecto Integrador\BioUTN\BioUTN.API\BioUTN.API.csproj]
D:\UNIVERSIDAD\PROYECTOS BDD Y DS\Proyecto Integrador\BioUTN\BioUTN.API\Controllers\EspeciesController.cs(48,37): error CS1061: "Especie" no contiene una definición para "Familia" ni un método de extensión accesible "Familia" que acepte un primer argumento del tipo "Especie" (¿falta alguna directiva using o una referencia de ensamblado?) [D:\UNIVERSIDAD\PROYECTOS BDD Y DS\Proyecto Integrador\BioUTN\BioUTN.API\BioUTN.API.csproj]
D:\UNIVERSIDAD\PROYECTOS BDD Y DS\Proyecto Integrador\BioUTN\BioUTN.API\Controllers\DocumentosController.cs(98,26): error CS1061: "BioUTNContext" no contiene una definición para "Documentos" ni un método de extensión accesible "Documentos" que acepte un primer argumento del tipo "BioUTNContext" (¿falta alguna directiva using o una referencia de ensamblado?) [D:\UNIVERSIDAD\PROYECTOS BDD Y DS\Proyecto Integrador\BioUTN\BioUTN.API\BioUTN.API.csproj]
D:\UNIVERSIDAD\PROYECTOS BDD Y DS\Proyecto Integrador\BioUTN\BioUTN.API\Controllers\DocumentosController.cs(115,43): error CS1061: "BioUTNContext" no contiene una definición para "Documentos" ni un método de extensión accesible "Documentos" que acepte un primer argumento del tipo "BioUTNContext" (¿falta alguna directiva using o una referencia de ensamblado?) [D:\UNIVERSIDAD\PROYECTOS BDD Y DS\Proyecto Integrador\BioUTN\BioUTN.API\BioUTN.API.csproj]
D:\UNIVERSIDAD\PROYECTOS BDD Y DS\Proyecto Integrador\BioUTN\BioUTN.API\Controllers\DocumentosController.cs(121,26): error CS1061: "BioUTNContext" no contiene una definición para "Documentos" ni un método de extensión accesible "Documentos" que acepte un primer argumento del tipo "BioUTNContext" (¿falta alguna directiva using o una referencia de ensamblado?) [D:\UNIVERSIDAD\PROYECTOS BDD Y DS\Proyecto Integrador\BioUTN\BioUTN.API\BioUTN.API.csproj]
D:\UNIVERSIDAD\PROYECTOS BDD Y DS\Proyecto Integrador\BioUTN\BioUTN.API\Controllers\DocumentosController.cs(134,29): error CS1061: "BioUTNContext" no contiene una definición para "Documentos" ni un método de extensión accesible "Documentos" que acepte un primer argumento del tipo "BioUTNContext" (¿falta alguna directiva using o una referencia de ensamblado?) [D:\UNIVERSIDAD\PROYECTOS BDD Y DS\Proyecto Integrador\BioUTN\BioUTN.API\BioUTN.API.csproj]
D:\UNIVERSIDAD\PROYECTOS BDD Y DS\Proyecto Integrador\BioUTN\BioUTN.API\Controllers\FamiliasController.cs(29,43): error CS1061: "BioUTNContext" no contiene una definición para "Familias" ni un método de extensión accesible "Familias" que acepte un primer argumento del tipo "BioUTNContext" (¿falta alguna directiva using o una referencia de ensamblado?) [D:\UNIVERSIDAD\PROYECTOS BDD Y DS\Proyecto Integrador\BioUTN\BioUTN.API\BioUTN.API.csproj]
D:\UNIVERSIDAD\PROYECTOS BDD Y DS\Proyecto Integrador\BioUTN\BioUTN.API\Controllers\FamiliasController.cs(44,43): error CS1061: "BioUTNContext" no contiene una definición para "Familias" ni un método de extensión accesible "Familias" que acepte un primer argumento del tipo "BioUTNContext" (¿falta alguna directiva using o una referencia de ensamblado?) [D:\UNIVERSIDAD\PROYECTOS BDD Y DS\Proyecto Integrador\BioUTN\BioUTN.API\BioUTN.API.csproj]
D:\UNIVERSIDAD\PROYECTOS BDD Y DS\Proyecto Integrador\BioUTN\BioUTN.API\Controllers\FamiliasController.cs(98,26): error CS1061: "BioUTNContext" no contiene una definición para "Familias" ni un método de extensión accesible "Familias" que acepte un primer argumento del tipo "BioUTNContext" (¿falta alguna directiva using o una referencia de ensamblado?) [D:\UNIVERSIDAD\PROYECTOS BDD Y DS\Proyecto Integrador\BioUTN\BioUTN.API\BioUTN.API.csproj]
D:\UNIVERSIDAD\PROYECTOS BDD Y DS\Proyecto Integrador\BioUTN\BioUTN.API\Controllers\FamiliasController.cs(115,43): error CS1061: "BioUTNContext" no contiene una definición para "Familias" ni un método de extensión accesible "Familias" que acepte un primer argumento del tipo "BioUTNContext" (¿falta alguna directiva using o una referencia de ensamblado?) [D:\UNIVERSIDAD\PROYECTOS BDD Y DS\Proyecto Integrador\BioUTN\BioUTN.API\BioUTN.API.csproj]
D:\UNIVERSIDAD\PROYECTOS BDD Y DS\Proyecto Integrador\BioUTN\BioUTN.API\Controllers\FamiliasController.cs(121,26): error CS1061: "BioUTNContext" no contiene una definición para "Familias" ni un método de extensión accesible "Familias" que acepte un primer argumento del tipo "BioUTNContext" (¿falta alguna directiva using o una referencia de ensamblado?) [D:\UNIVERSIDAD\PROYECTOS BDD Y DS\Proyecto Integrador\BioUTN\BioUTN.API\BioUTN.API.csproj]
D:\UNIVERSIDAD\PROYECTOS BDD Y DS\Proyecto Integrador\BioUTN\BioUTN.API\Controllers\FamiliasController.cs(134,29): error CS1061: "BioUTNContext" no contiene una definición para "Familias" ni un método de extensión accesible "Familias" que acepte un primer argumento del tipo "BioUTNContext" (¿falta alguna directiva using o una referencia de ensamblado?) [D:\UNIVERSIDAD\PROYECTOS BDD Y DS\Proyecto Integrador\BioUTN\BioUTN.API\BioUTN.API.csproj]
D:\UNIVERSIDAD\PROYECTOS BDD Y DS\Proyecto Integrador\BioUTN\BioUTN.API\Controllers\LoteCultivosController.cs(36,39): error CS1061: "LoteCultivo" no contiene una definición para "TipoCultivo" ni un método de extensión accesible "TipoCultivo" que acepte un primer argumento del tipo "LoteCultivo" (¿falta alguna directiva using o una referencia de ensamblado?) [D:\UNIVERSIDAD\PROYECTOS BDD Y DS\Proyecto Integrador\BioUTN\BioUTN.API\BioUTN.API.csproj]
D:\UNIVERSIDAD\PROYECTOS BDD Y DS\Proyecto Integrador\BioUTN\BioUTN.API\Controllers\LoteCultivosController.cs(31,44): warning CS8602: Desreferencia de una referencia posiblemente NULL. [D:\UNIVERSIDAD\PROYECTOS BDD Y DS\Proyecto Integrador\BioUTN\BioUTN.API\BioUTN.API.csproj]
D:\UNIVERSIDAD\PROYECTOS BDD Y DS\Proyecto Integrador\BioUTN\BioUTN.API\Controllers\LoteCultivosController.cs(59,39): error CS1061: "LoteCultivo" no contiene una definición para "TipoCultivo" ni un método de extensión accesible "TipoCultivo" que acepte un primer argumento del tipo "LoteCultivo" (¿falta alguna directiva using o una referencia de ensamblado?) [D:\UNIVERSIDAD\PROYECTOS BDD Y DS\Proyecto Integrador\BioUTN\BioUTN.API\BioUTN.API.csproj]
D:\UNIVERSIDAD\PROYECTOS BDD Y DS\Proyecto Integrador\BioUTN\BioUTN.API\Controllers\LoteCultivosController.cs(54,44): warning CS8602: Desreferencia de una referencia posiblemente NULL. [D:\UNIVERSIDAD\PROYECTOS BDD Y DS\Proyecto Integrador\BioUTN\BioUTN.API\BioUTN.API.csproj]
D:\UNIVERSIDAD\PROYECTOS BDD Y DS\Proyecto Integrador\BioUTN\BioUTN.API\Controllers\TipoCultivosController.cs(29,43): error CS1061: "BioUTNContext" no contiene una definición para "TiposCultivo" ni un método de extensión accesible "TiposCultivo" que acepte un primer argumento del tipo "BioUTNContext" (¿falta alguna directiva using o una referencia de ensamblado?) [D:\UNIVERSIDAD\PROYECTOS BDD Y DS\Proyecto Integrador\BioUTN\BioUTN.API\BioUTN.API.csproj]
D:\UNIVERSIDAD\PROYECTOS BDD Y DS\Proyecto Integrador\BioUTN\BioUTN.API\Controllers\TipoCultivosController.cs(44,43): error CS1061: "BioUTNContext" no contiene una definición para "TiposCultivo" ni un método de extensión accesible "TiposCultivo" que acepte un primer argumento del tipo "BioUTNContext" (¿falta alguna directiva using o una referencia de ensamblado?) [D:\UNIVERSIDAD\PROYECTOS BDD Y DS\Proyecto Integrador\BioUTN\BioUTN.API\BioUTN.API.csproj]
D:\UNIVERSIDAD\PROYECTOS BDD Y DS\Proyecto Integrador\BioUTN\BioUTN.API\Controllers\TipoCultivosController.cs(98,26): error CS1061: "BioUTNContext" no contiene una definición para "TiposCultivo" ni un método de extensión accesible "TiposCultivo" que acepte un primer argumento del tipo "BioUTNContext" (¿falta alguna directiva using o una referencia de ensamblado?) [D:\UNIVERSIDAD\PROYECTOS BDD Y DS\Proyecto Integrador\BioUTN\BioUTN.API\BioUTN.API.csproj]
D:\UNIVERSIDAD\PROYECTOS BDD Y DS\Proyecto Integrador\BioUTN\BioUTN.API\Controllers\TipoCultivosController.cs(115,43): error CS1061: "BioUTNContext" no contiene una definición para "TiposCultivo" ni un método de extensión accesible "TiposCultivo" que acepte un primer argumento del tipo "BioUTNContext" (¿falta alguna directiva using o una referencia de ensamblado?) [D:\UNIVERSIDAD\PROYECTOS BDD Y DS\Proyecto Integrador\BioUTN\BioUTN.API\BioUTN.API.csproj]
D:\UNIVERSIDAD\PROYECTOS BDD Y DS\Proyecto Integrador\BioUTN\BioUTN.API\Controllers\TipoCultivosController.cs(121,26): error CS1061: "BioUTNContext" no contiene una definición para "TiposCultivo" ni un método de extensión accesible "TiposCultivo" que acepte un primer argumento del tipo "BioUTNContext" (¿falta alguna directiva using o una referencia de ensamblado?) [D:\UNIVERSIDAD\PROYECTOS BDD Y DS\Proyecto Integrador\BioUTN\BioUTN.API\BioUTN.API.csproj]
D:\UNIVERSIDAD\PROYECTOS BDD Y DS\Proyecto Integrador\BioUTN\BioUTN.API\Controllers\TipoCultivosController.cs(134,29): error CS1061: "BioUTNContext" no contiene una definición para "TiposCultivo" ni un método de extensión accesible "TiposCultivo" que acepte un primer argumento del tipo "BioUTNContext" (¿falta alguna directiva using o una referencia de ensamblado?) [D:\UNIVERSIDAD\PROYECTOS BDD Y DS\Proyecto Integrador\BioUTN\BioUTN.API\BioUTN.API.csproj]
D:\UNIVERSIDAD\PROYECTOS BDD Y DS\Proyecto Integrador\BioUTN\BioUTN.API\Controllers\ProyectoUsuariosController.cs(29,43): error CS1061: "BioUTNContext" no contiene una definición para "ProyectosUsuarios" ni un método de extensión accesible "ProyectosUsuarios" que acepte un primer argumento del tipo "BioUTNContext" (¿falta alguna directiva using o una referencia de ensamblado?) [D:\UNIVERSIDAD\PROYECTOS BDD Y DS\Proyecto Integrador\BioUTN\BioUTN.API\BioUTN.API.csproj]
D:\UNIVERSIDAD\PROYECTOS BDD Y DS\Proyecto Integrador\BioUTN\BioUTN.API\Controllers\ProyectoUsuariosController.cs(44,43): error CS1061: "BioUTNContext" no contiene una definición para "ProyectosUsuarios" ni un método de extensión accesible "ProyectosUsuarios" que acepte un primer argumento del tipo "BioUTNContext" (¿falta alguna directiva using o una referencia de ensamblado?) [D:\UNIVERSIDAD\PROYECTOS BDD Y DS\Proyecto Integrador\BioUTN\BioUTN.API\BioUTN.API.csproj]
D:\UNIVERSIDAD\PROYECTOS BDD Y DS\Proyecto Integrador\BioUTN\BioUTN.API\Controllers\ProyectoUsuariosController.cs(98,26): error CS1061: "BioUTNContext" no contiene una definición para "ProyectosUsuarios" ni un método de extensión accesible "ProyectosUsuarios" que acepte un primer argumento del tipo "BioUTNContext" (¿falta alguna directiva using o una referencia de ensamblado?) [D:\UNIVERSIDAD\PROYECTOS BDD Y DS\Proyecto Integrador\BioUTN\BioUTN.API\BioUTN.API.csproj]
D:\UNIVERSIDAD\PROYECTOS BDD Y DS\Proyecto Integrador\BioUTN\BioUTN.API\Controllers\ProyectoUsuariosController.cs(115,43): error CS1061: "BioUTNContext" no contiene una definición para "ProyectosUsuarios" ni un método de extensión accesible "ProyectosUsuarios" que acepte un primer argumento del tipo "BioUTNContext" (¿falta alguna directiva using o una referencia de ensamblado?) [D:\UNIVERSIDAD\PROYECTOS BDD Y DS\Proyecto Integrador\BioUTN\BioUTN.API\BioUTN.API.csproj]
D:\UNIVERSIDAD\PROYECTOS BDD Y DS\Proyecto Integrador\BioUTN\BioUTN.API\Controllers\ProyectoUsuariosController.cs(121,26): error CS1061: "BioUTNContext" no contiene una definición para "ProyectosUsuarios" ni un método de extensión accesible "ProyectosUsuarios" que acepte un primer argumento del tipo "BioUTNContext" (¿falta alguna directiva using o una referencia de ensamblado?) [D:\UNIVERSIDAD\PROYECTOS BDD Y DS\Proyecto Integrador\BioUTN\BioUTN.API\BioUTN.API.csproj]
D:\UNIVERSIDAD\PROYECTOS BDD Y DS\Proyecto Integrador\BioUTN\BioUTN.API\Controllers\ProyectoUsuariosController.cs(134,29): error CS1061: "BioUTNContext" no contiene una definición para "ProyectosUsuarios" ni un método de extensión accesible "ProyectosUsuarios" que acepte un primer argumento del tipo "BioUTNContext" (¿falta alguna directiva using o una referencia de ensamblado?) [D:\UNIVERSIDAD\PROYECTOS BDD Y DS\Proyecto Integrador\BioUTN\BioUTN.API\BioUTN.API.csproj]
D:\UNIVERSIDAD\PROYECTOS BDD Y DS\Proyecto Integrador\BioUTN\BioUTN.MVC\Controllers\UsuariosController.cs(18,28): error CS0103: El nombre 'Crud' no existe en el contexto actual [D:\UNIVERSIDAD\PROYECTOS BDD Y DS\Proyecto Integrador\BioUTN\BioUTN.MVC\BioUTN.MVC.csproj]
D:\UNIVERSIDAD\PROYECTOS BDD Y DS\Proyecto Integrador\BioUTN\BioUTN.MVC\Controllers\UsuariosController.cs(43,21): error CS0103: El nombre 'Crud' no existe en el contexto actual [D:\UNIVERSIDAD\PROYECTOS BDD Y DS\Proyecto Integrador\BioUTN\BioUTN.MVC\BioUTN.MVC.csproj]
D:\UNIVERSIDAD\PROYECTOS BDD Y DS\Proyecto Integrador\BioUTN\BioUTN.MVC\Controllers\UsuariosController.cs(60,28): error CS0103: El nombre 'Crud' no existe en el contexto actual [D:\UNIVERSIDAD\PROYECTOS BDD Y DS\Proyecto Integrador\BioUTN\BioUTN.MVC\BioUTN.MVC.csproj]
D:\UNIVERSIDAD\PROYECTOS BDD Y DS\Proyecto Integrador\BioUTN\BioUTN.MVC\Controllers\UsuariosController.cs(83,21): error CS0103: El nombre 'Crud' no existe en el contexto actual [D:\UNIVERSIDAD\PROYECTOS BDD Y DS\Proyecto Integrador\BioUTN\BioUTN.MVC\BioUTN.MVC.csproj]
D:\UNIVERSIDAD\PROYECTOS BDD Y DS\Proyecto Integrador\BioUTN\BioUTN.MVC\Controllers\UsuariosController.cs(100,28): error CS0103: El nombre 'Crud' no existe en el contexto actual [D:\UNIVERSIDAD\PROYECTOS BDD Y DS\Proyecto Integrador\BioUTN\BioUTN.MVC\BioUTN.MVC.csproj]
D:\UNIVERSIDAD\PROYECTOS BDD Y DS\Proyecto Integrador\BioUTN\BioUTN.MVC\Controllers\UsuariosController.cs(119,17): error CS0103: El nombre 'Crud' no existe en el contexto actual [D:\UNIVERSIDAD\PROYECTOS BDD Y DS\Proyecto Integrador\BioUTN\BioUTN.MVC\BioUTN.MVC.csproj]
D:\UNIVERSIDAD\PROYECTOS BDD Y DS\Proyecto Integrador\BioUTN\BioUTN.MVC\Controllers\UbicacionFisicasController.cs(18,28): error CS0103: El nombre 'Crud' no existe en el contexto actual [D:\UNIVERSIDAD\PROYECTOS BDD Y DS\Proyecto Integrador\BioUTN\BioUTN.MVC\BioUTN.MVC.csproj]
D:\UNIVERSIDAD\PROYECTOS BDD Y DS\Proyecto Integrador\BioUTN\BioUTN.MVC\Program.cs(36,13): error CS0103: El nombre 'Crud' no existe en el contexto actual [D:\UNIVERSIDAD\PROYECTOS BDD Y DS\Proyecto Integrador\BioUTN\BioUTN.MVC\BioUTN.MVC.csproj]
D:\UNIVERSIDAD\PROYECTOS BDD Y DS\Proyecto Integrador\BioUTN\BioUTN.MVC\Program.cs(37,13): error CS0103: El nombre 'Crud' no existe en el contexto actual [D:\UNIVERSIDAD\PROYECTOS BDD Y DS\Proyecto Integrador\BioUTN\BioUTN.MVC\BioUTN.MVC.csproj]
D:\UNIVERSIDAD\PROYECTOS BDD Y DS\Proyecto Integrador\BioUTN\BioUTN.MVC\Program.cs(38,13): error CS0103: El nombre 'Crud' no existe en el contexto actual [D:\UNIVERSIDAD\PROYECTOS BDD Y DS\Proyecto Integrador\BioUTN\BioUTN.MVC\BioUTN.MVC.csproj]
D:\UNIVERSIDAD\PROYECTOS BDD Y DS\Proyecto Integrador\BioUTN\BioUTN.MVC\Program.cs(39,13): error CS0103: El nombre 'Crud' no existe en el contexto actual [D:\UNIVERSIDAD\PROYECTOS BDD Y DS\Proyecto Integrador\BioUTN\BioUTN.MVC\BioUTN.MVC.csproj]
D:\UNIVERSIDAD\PROYECTOS BDD Y DS\Proyecto Integrador\BioUTN\BioUTN.MVC\Program.cs(40,13): error CS0103: El nombre 'Crud' no existe en el contexto actual [D:\UNIVERSIDAD\PROYECTOS BDD Y DS\Proyecto Integrador\BioUTN\BioUTN.MVC\BioUTN.MVC.csproj]
D:\UNIVERSIDAD\PROYECTOS BDD Y DS\Proyecto Integrador\BioUTN\BioUTN.MVC\Program.cs(41,13): error CS0103: El nombre 'Crud' no existe en el contexto actual [D:\UNIVERSIDAD\PROYECTOS BDD Y DS\Proyecto Integrador\BioUTN\BioUTN.MVC\BioUTN.MVC.csproj]
D:\UNIVERSIDAD\PROYECTOS BDD Y DS\Proyecto Integrador\BioUTN\BioUTN.MVC\Program.cs(42,13): error CS0103: El nombre 'Crud' no existe en el contexto actual [D:\UNIVERSIDAD\PROYECTOS BDD Y DS\Proyecto Integrador\BioUTN\BioUTN.MVC\BioUTN.MVC.csproj]
D:\UNIVERSIDAD\PROYECTOS BDD Y DS\Proyecto Integrador\BioUTN\BioUTN.MVC\Program.cs(43,13): error CS0103: El nombre 'Crud' no existe en el contexto actual [D:\UNIVERSIDAD\PROYECTOS BDD Y DS\Proyecto Integrador\BioUTN\BioUTN.MVC\BioUTN.MVC.csproj]
D:\UNIVERSIDAD\PROYECTOS BDD Y DS\Proyecto Integrador\BioUTN\BioUTN.MVC\Program.cs(44,13): error CS0103: El nombre 'Crud' no existe en el contexto actual [D:\UNIVERSIDAD\PROYECTOS BDD Y DS\Proyecto Integrador\BioUTN\BioUTN.MVC\BioUTN.MVC.csproj]
D:\UNIVERSIDAD\PROYECTOS BDD Y DS\Proyecto Integrador\BioUTN\BioUTN.MVC\Program.cs(45,13): error CS0103: El nombre 'Crud' no existe en el contexto actual [D:\UNIVERSIDAD\PROYECTOS BDD Y DS\Proyecto Integrador\BioUTN\BioUTN.MVC\BioUTN.MVC.csproj]
D:\UNIVERSIDAD\PROYECTOS BDD Y DS\Proyecto Integrador\BioUTN\BioUTN.MVC\Program.cs(46,13): error CS0103: El nombre 'Crud' no existe en el contexto actual [D:\UNIVERSIDAD\PROYECTOS BDD Y DS\Proyecto Integrador\BioUTN\BioUTN.MVC\BioUTN.MVC.csproj]
D:\UNIVERSIDAD\PROYECTOS BDD Y DS\Proyecto Integrador\BioUTN\BioUTN.MVC\Program.cs(47,13): error CS0103: El nombre 'Crud' no existe en el contexto actual [D:\UNIVERSIDAD\PROYECTOS BDD Y DS\Proyecto Integrador\BioUTN\BioUTN.MVC\BioUTN.MVC.csproj]
D:\UNIVERSIDAD\PROYECTOS BDD Y DS\Proyecto Integrador\BioUTN\BioUTN.MVC\Program.cs(48,13): error CS0103: El nombre 'Crud' no existe en el contexto actual [D:\UNIVERSIDAD\PROYECTOS BDD Y DS\Proyecto Integrador\BioUTN\BioUTN.MVC\BioUTN.MVC.csproj]
D:\UNIVERSIDAD\PROYECTOS BDD Y DS\Proyecto Integrador\BioUTN\BioUTN.MVC\Program.cs(49,13): error CS0103: El nombre 'Crud' no existe en el contexto actual [D:\UNIVERSIDAD\PROYECTOS BDD Y DS\Proyecto Integrador\BioUTN\BioUTN.MVC\BioUTN.MVC.csproj]
D:\UNIVERSIDAD\PROYECTOS BDD Y DS\Proyecto Integrador\BioUTN\BioUTN.MVC\Program.cs(50,13): error CS0103: El nombre 'Crud' no existe en el contexto actual [D:\UNIVERSIDAD\PROYECTOS BDD Y DS\Proyecto Integrador\BioUTN\BioUTN.MVC\BioUTN.MVC.csproj]
D:\UNIVERSIDAD\PROYECTOS BDD Y DS\Proyecto Integrador\BioUTN\BioUTN.MVC\Program.cs(51,13): error CS0103: El nombre 'Crud' no existe en el contexto actual [D:\UNIVERSIDAD\PROYECTOS BDD Y DS\Proyecto Integrador\BioUTN\BioUTN.MVC\BioUTN.MVC.csproj]
D:\UNIVERSIDAD\PROYECTOS BDD Y DS\Proyecto Integrador\BioUTN\BioUTN.MVC\Program.cs(52,13): error CS0103: El nombre 'Crud' no existe en el contexto actual [D:\UNIVERSIDAD\PROYECTOS BDD Y DS\Proyecto Integrador\BioUTN\BioUTN.MVC\BioUTN.MVC.csproj]
D:\UNIVERSIDAD\PROYECTOS BDD Y DS\Proyecto Integrador\BioUTN\BioUTN.MVC\Program.cs(53,13): error CS0103: El nombre 'Crud' no existe en el contexto actual [D:\UNIVERSIDAD\PROYECTOS BDD Y DS\Proyecto Integrador\BioUTN\BioUTN.MVC\BioUTN.MVC.csproj]
D:\UNIVERSIDAD\PROYECTOS BDD Y DS\Proyecto Integrador\BioUTN\BioUTN.MVC\Program.cs(54,13): error CS0103: El nombre 'Crud' no existe en el contexto actual [D:\UNIVERSIDAD\PROYECTOS BDD Y DS\Proyecto Integrador\BioUTN\BioUTN.MVC\BioUTN.MVC.csproj]
D:\UNIVERSIDAD\PROYECTOS BDD Y DS\Proyecto Integrador\BioUTN\BioUTN.MVC\Program.cs(55,13): error CS0103: El nombre 'Crud' no existe en el contexto actual [D:\UNIVERSIDAD\PROYECTOS BDD Y DS\Proyecto Integrador\BioUTN\BioUTN.MVC\BioUTN.MVC.csproj]
D:\UNIVERSIDAD\PROYECTOS BDD Y DS\Proyecto Integrador\BioUTN\BioUTN.MVC\Program.cs(56,13): error CS0103: El nombre 'Crud' no existe en el contexto actual [D:\UNIVERSIDAD\PROYECTOS BDD Y DS\Proyecto Integrador\BioUTN\BioUTN.MVC\BioUTN.MVC.csproj]
D:\UNIVERSIDAD\PROYECTOS BDD Y DS\Proyecto Integrador\BioUTN\BioUTN.MVC\Program.cs(57,13): error CS0103: El nombre 'Crud' no existe en el contexto actual [D:\UNIVERSIDAD\PROYECTOS BDD Y DS\Proyecto Integrador\BioUTN\BioUTN.MVC\BioUTN.MVC.csproj]
D:\UNIVERSIDAD\PROYECTOS BDD Y DS\Proyecto Integrador\BioUTN\BioUTN.MVC\Controllers\UbicacionFisicasController.cs(43,21): error CS0103: El nombre 'Crud' no existe en el contexto actual [D:\UNIVERSIDAD\PROYECTOS BDD Y DS\Proyecto Integrador\BioUTN\BioUTN.MVC\BioUTN.MVC.csproj]
D:\UNIVERSIDAD\PROYECTOS BDD Y DS\Proyecto Integrador\BioUTN\BioUTN.MVC\Controllers\UbicacionFisicasController.cs(60,28): error CS0103: El nombre 'Crud' no existe en el contexto actual [D:\UNIVERSIDAD\PROYECTOS BDD Y DS\Proyecto Integrador\BioUTN\BioUTN.MVC\BioUTN.MVC.csproj]
D:\UNIVERSIDAD\PROYECTOS BDD Y DS\Proyecto Integrador\BioUTN\BioUTN.MVC\Controllers\UbicacionFisicasController.cs(83,21): error CS0103: El nombre 'Crud' no existe en el contexto actual [D:\UNIVERSIDAD\PROYECTOS BDD Y DS\Proyecto Integrador\BioUTN\BioUTN.MVC\BioUTN.MVC.csproj]
D:\UNIVERSIDAD\PROYECTOS BDD Y DS\Proyecto Integrador\BioUTN\BioUTN.MVC\Controllers\UbicacionFisicasController.cs(100,28): error CS0103: El nombre 'Crud' no existe en el contexto actual [D:\UNIVERSIDAD\PROYECTOS BDD Y DS\Proyecto Integrador\BioUTN\BioUTN.MVC\BioUTN.MVC.csproj]
D:\UNIVERSIDAD\PROYECTOS BDD Y DS\Proyecto Integrador\BioUTN\BioUTN.MVC\Controllers\UbicacionFisicasController.cs(119,17): error CS0103: El nombre 'Crud' no existe en el contexto actual [D:\UNIVERSIDAD\PROYECTOS BDD Y DS\Proyecto Integrador\BioUTN\BioUTN.MVC\BioUTN.MVC.csproj]
D:\UNIVERSIDAD\PROYECTOS BDD Y DS\Proyecto Integrador\BioUTN\BioUTN.MVC\Controllers\TipoPlantasController.cs(18,28): error CS0103: El nombre 'Crud' no existe en el contexto actual [D:\UNIVERSIDAD\PROYECTOS BDD Y DS\Proyecto Integrador\BioUTN\BioUTN.MVC\BioUTN.MVC.csproj]
D:\UNIVERSIDAD\PROYECTOS BDD Y DS\Proyecto Integrador\BioUTN\BioUTN.MVC\Controllers\TipoPlantasController.cs(43,21): error CS0103: El nombre 'Crud' no existe en el contexto actual [D:\UNIVERSIDAD\PROYECTOS BDD Y DS\Proyecto Integrador\BioUTN\BioUTN.MVC\BioUTN.MVC.csproj]
D:\UNIVERSIDAD\PROYECTOS BDD Y DS\Proyecto Integrador\BioUTN\BioUTN.MVC\Controllers\TipoPlantasController.cs(60,28): error CS0103: El nombre 'Crud' no existe en el contexto actual [D:\UNIVERSIDAD\PROYECTOS BDD Y DS\Proyecto Integrador\BioUTN\BioUTN.MVC\BioUTN.MVC.csproj]
D:\UNIVERSIDAD\PROYECTOS BDD Y DS\Proyecto Integrador\BioUTN\BioUTN.MVC\Controllers\TipoPlantasController.cs(83,21): error CS0103: El nombre 'Crud' no existe en el contexto actual [D:\UNIVERSIDAD\PROYECTOS BDD Y DS\Proyecto Integrador\BioUTN\BioUTN.MVC\BioUTN.MVC.csproj]
D:\UNIVERSIDAD\PROYECTOS BDD Y DS\Proyecto Integrador\BioUTN\BioUTN.MVC\Controllers\TipoPlantasController.cs(100,28): error CS0103: El nombre 'Crud' no existe en el contexto actual [D:\UNIVERSIDAD\PROYECTOS BDD Y DS\Proyecto Integrador\BioUTN\BioUTN.MVC\BioUTN.MVC.csproj]
D:\UNIVERSIDAD\PROYECTOS BDD Y DS\Proyecto Integrador\BioUTN\BioUTN.MVC\Controllers\TipoPlantasController.cs(119,17): error CS0103: El nombre 'Crud' no existe en el contexto actual [D:\UNIVERSIDAD\PROYECTOS BDD Y DS\Proyecto Integrador\BioUTN\BioUTN.MVC\BioUTN.MVC.csproj]
D:\UNIVERSIDAD\PROYECTOS BDD Y DS\Proyecto Integrador\BioUTN\BioUTN.MVC\Controllers\TipoIdentificacionsController.cs(18,28): error CS0103: El nombre 'Crud' no existe en el contexto actual [D:\UNIVERSIDAD\PROYECTOS BDD Y DS\Proyecto Integrador\BioUTN\BioUTN.MVC\BioUTN.MVC.csproj]
D:\UNIVERSIDAD\PROYECTOS BDD Y DS\Proyecto Integrador\BioUTN\BioUTN.MVC\Controllers\TipoIdentificacionsController.cs(43,21): error CS0103: El nombre 'Crud' no existe en el contexto actual [D:\UNIVERSIDAD\PROYECTOS BDD Y DS\Proyecto Integrador\BioUTN\BioUTN.MVC\BioUTN.MVC.csproj]
D:\UNIVERSIDAD\PROYECTOS BDD Y DS\Proyecto Integrador\BioUTN\BioUTN.MVC\Controllers\TipoIdentificacionsController.cs(60,28): error CS0103: El nombre 'Crud' no existe en el contexto actual [D:\UNIVERSIDAD\PROYECTOS BDD Y DS\Proyecto Integrador\BioUTN\BioUTN.MVC\BioUTN.MVC.csproj]
D:\UNIVERSIDAD\PROYECTOS BDD Y DS\Proyecto Integrador\BioUTN\BioUTN.MVC\Controllers\TipoIdentificacionsController.cs(83,21): error CS0103: El nombre 'Crud' no existe en el contexto actual [D:\UNIVERSIDAD\PROYECTOS BDD Y DS\Proyecto Integrador\BioUTN\BioUTN.MVC\BioUTN.MVC.csproj]
D:\UNIVERSIDAD\PROYECTOS BDD Y DS\Proyecto Integrador\BioUTN\BioUTN.MVC\Controllers\TipoIdentificacionsController.cs(100,28): error CS0103: El nombre 'Crud' no existe en el contexto actual [D:\UNIVERSIDAD\PROYECTOS BDD Y DS\Proyecto Integrador\BioUTN\BioUTN.MVC\BioUTN.MVC.csproj]
D:\UNIVERSIDAD\PROYECTOS BDD Y DS\Proyecto Integrador\BioUTN\BioUTN.MVC\Controllers\TipoIdentificacionsController.cs(119,17): error CS0103: El nombre 'Crud' no existe en el contexto actual [D:\UNIVERSIDAD\PROYECTOS BDD Y DS\Proyecto Integrador\BioUTN\BioUTN.MVC\BioUTN.MVC.csproj]
D:\UNIVERSIDAD\PROYECTOS BDD Y DS\Proyecto Integrador\BioUTN\BioUTN.MVC\Controllers\DocumentosController.cs(18,28): error CS0103: El nombre 'Crud' no existe en el contexto actual [D:\UNIVERSIDAD\PROYECTOS BDD Y DS\Proyecto Integrador\BioUTN\BioUTN.MVC\BioUTN.MVC.csproj]
D:\UNIVERSIDAD\PROYECTOS BDD Y DS\Proyecto Integrador\BioUTN\BioUTN.MVC\Controllers\DocumentosController.cs(43,21): error CS0103: El nombre 'Crud' no existe en el contexto actual [D:\UNIVERSIDAD\PROYECTOS BDD Y DS\Proyecto Integrador\BioUTN\BioUTN.MVC\BioUTN.MVC.csproj]
D:\UNIVERSIDAD\PROYECTOS BDD Y DS\Proyecto Integrador\BioUTN\BioUTN.MVC\Controllers\AccountController.cs(88,33): error CS0234: El tipo o el nombre del espacio de nombres 'Crud' no existe en el espacio de nombres 'BioUTN.ApiConsumer' (¿falta alguna referencia de ensamblado?) [D:\UNIVERSIDAD\PROYECTOS BDD Y DS\Proyecto Integrador\BioUTN\BioUTN.MVC\BioUTN.MVC.csproj]
D:\UNIVERSIDAD\PROYECTOS BDD Y DS\Proyecto Integrador\BioUTN\BioUTN.MVC\Controllers\AccountController.cs(89,47): error CS0234: El tipo o el nombre del espacio de nombres 'Crud' no existe en el espacio de nombres 'BioUTN.ApiConsumer' (¿falta alguna referencia de ensamblado?) [D:\UNIVERSIDAD\PROYECTOS BDD Y DS\Proyecto Integrador\BioUTN\BioUTN.MVC\BioUTN.MVC.csproj]
D:\UNIVERSIDAD\PROYECTOS BDD Y DS\Proyecto Integrador\BioUTN\BioUTN.MVC\Controllers\AccountController.cs(90,35): error CS0234: El tipo o el nombre del espacio de nombres 'Crud' no existe en el espacio de nombres 'BioUTN.ApiConsumer' (¿falta alguna referencia de ensamblado?) [D:\UNIVERSIDAD\PROYECTOS BDD Y DS\Proyecto Integrador\BioUTN\BioUTN.MVC\BioUTN.MVC.csproj]
D:\UNIVERSIDAD\PROYECTOS BDD Y DS\Proyecto Integrador\BioUTN\BioUTN.MVC\Controllers\TipoCultivosController.cs(18,28): error CS0103: El nombre 'Crud' no existe en el contexto actual [D:\UNIVERSIDAD\PROYECTOS BDD Y DS\Proyecto Integrador\BioUTN\BioUTN.MVC\BioUTN.MVC.csproj]
D:\UNIVERSIDAD\PROYECTOS BDD Y DS\Proyecto Integrador\BioUTN\BioUTN.MVC\Controllers\DocumentosController.cs(60,28): error CS0103: El nombre 'Crud' no existe en el contexto actual [D:\UNIVERSIDAD\PROYECTOS BDD Y DS\Proyecto Integrador\BioUTN\BioUTN.MVC\BioUTN.MVC.csproj]
D:\UNIVERSIDAD\PROYECTOS BDD Y DS\Proyecto Integrador\BioUTN\BioUTN.MVC\Controllers\DocumentosController.cs(83,21): error CS0103: El nombre 'Crud' no existe en el contexto actual [D:\UNIVERSIDAD\PROYECTOS BDD Y DS\Proyecto Integrador\BioUTN\BioUTN.MVC\BioUTN.MVC.csproj]
D:\UNIVERSIDAD\PROYECTOS BDD Y DS\Proyecto Integrador\BioUTN\BioUTN.MVC\Controllers\AccountController.cs(118,21): error CS0234: El tipo o el nombre del espacio de nombres 'Crud' no existe en el espacio de nombres 'BioUTN.ApiConsumer' (¿falta alguna referencia de ensamblado?) [D:\UNIVERSIDAD\PROYECTOS BDD Y DS\Proyecto Integrador\BioUTN\BioUTN.MVC\BioUTN.MVC.csproj]
D:\UNIVERSIDAD\PROYECTOS BDD Y DS\Proyecto Integrador\BioUTN\BioUTN.MVC\Controllers\AccountController.cs(130,33): error CS0234: El tipo o el nombre del espacio de nombres 'Crud' no existe en el espacio de nombres 'BioUTN.ApiConsumer' (¿falta alguna referencia de ensamblado?) [D:\UNIVERSIDAD\PROYECTOS BDD Y DS\Proyecto Integrador\BioUTN\BioUTN.MVC\BioUTN.MVC.csproj]
D:\UNIVERSIDAD\PROYECTOS BDD Y DS\Proyecto Integrador\BioUTN\BioUTN.MVC\Controllers\AccountController.cs(131,47): error CS0234: El tipo o el nombre del espacio de nombres 'Crud' no existe en el espacio de nombres 'BioUTN.ApiConsumer' (¿falta alguna referencia de ensamblado?) [D:\UNIVERSIDAD\PROYECTOS BDD Y DS\Proyecto Integrador\BioUTN\BioUTN.MVC\BioUTN.MVC.csproj]
D:\UNIVERSIDAD\PROYECTOS BDD Y DS\Proyecto Integrador\BioUTN\BioUTN.MVC\Controllers\AccountController.cs(132,35): error CS0234: El tipo o el nombre del espacio de nombres 'Crud' no existe en el espacio de nombres 'BioUTN.ApiConsumer' (¿falta alguna referencia de ensamblado?) [D:\UNIVERSIDAD\PROYECTOS BDD Y DS\Proyecto Integrador\BioUTN\BioUTN.MVC\BioUTN.MVC.csproj]
D:\UNIVERSIDAD\PROYECTOS BDD Y DS\Proyecto Integrador\BioUTN\BioUTN.MVC\Controllers\DocumentosController.cs(100,28): error CS0103: El nombre 'Crud' no existe en el contexto actual [D:\UNIVERSIDAD\PROYECTOS BDD Y DS\Proyecto Integrador\BioUTN\BioUTN.MVC\BioUTN.MVC.csproj]
D:\UNIVERSIDAD\PROYECTOS BDD Y DS\Proyecto Integrador\BioUTN\BioUTN.MVC\Controllers\TipoCultivosController.cs(43,21): error CS0103: El nombre 'Crud' no existe en el contexto actual [D:\UNIVERSIDAD\PROYECTOS BDD Y DS\Proyecto Integrador\BioUTN\BioUTN.MVC\BioUTN.MVC.csproj]
D:\UNIVERSIDAD\PROYECTOS BDD Y DS\Proyecto Integrador\BioUTN\BioUTN.MVC\Controllers\DocumentosController.cs(119,17): error CS0103: El nombre 'Crud' no existe en el contexto actual [D:\UNIVERSIDAD\PROYECTOS BDD Y DS\Proyecto Integrador\BioUTN\BioUTN.MVC\BioUTN.MVC.csproj]
D:\UNIVERSIDAD\PROYECTOS BDD Y DS\Proyecto Integrador\BioUTN\BioUTN.MVC\Controllers\EquiposController.cs(18,28): error CS0103: El nombre 'Crud' no existe en el contexto actual [D:\UNIVERSIDAD\PROYECTOS BDD Y DS\Proyecto Integrador\BioUTN\BioUTN.MVC\BioUTN.MVC.csproj]
D:\UNIVERSIDAD\PROYECTOS BDD Y DS\Proyecto Integrador\BioUTN\BioUTN.MVC\Controllers\TipoCultivosController.cs(60,28): error CS0103: El nombre 'Crud' no existe en el contexto actual [D:\UNIVERSIDAD\PROYECTOS BDD Y DS\Proyecto Integrador\BioUTN\BioUTN.MVC\BioUTN.MVC.csproj]
D:\UNIVERSIDAD\PROYECTOS BDD Y DS\Proyecto Integrador\BioUTN\BioUTN.MVC\Controllers\EquiposController.cs(43,21): error CS0103: El nombre 'Crud' no existe en el contexto actual [D:\UNIVERSIDAD\PROYECTOS BDD Y DS\Proyecto Integrador\BioUTN\BioUTN.MVC\BioUTN.MVC.csproj]
D:\UNIVERSIDAD\PROYECTOS BDD Y DS\Proyecto Integrador\BioUTN\BioUTN.MVC\Controllers\TipoCultivosController.cs(83,21): error CS0103: El nombre 'Crud' no existe en el contexto actual [D:\UNIVERSIDAD\PROYECTOS BDD Y DS\Proyecto Integrador\BioUTN\BioUTN.MVC\BioUTN.MVC.csproj]
D:\UNIVERSIDAD\PROYECTOS BDD Y DS\Proyecto Integrador\BioUTN\BioUTN.MVC\Controllers\EquiposController.cs(60,28): error CS0103: El nombre 'Crud' no existe en el contexto actual [D:\UNIVERSIDAD\PROYECTOS BDD Y DS\Proyecto Integrador\BioUTN\BioUTN.MVC\BioUTN.MVC.csproj]
D:\UNIVERSIDAD\PROYECTOS BDD Y DS\Proyecto Integrador\BioUTN\BioUTN.MVC\Controllers\TipoCultivosController.cs(100,28): error CS0103: El nombre 'Crud' no existe en el contexto actual [D:\UNIVERSIDAD\PROYECTOS BDD Y DS\Proyecto Integrador\BioUTN\BioUTN.MVC\BioUTN.MVC.csproj]
D:\UNIVERSIDAD\PROYECTOS BDD Y DS\Proyecto Integrador\BioUTN\BioUTN.MVC\Controllers\EquiposController.cs(83,21): error CS0103: El nombre 'Crud' no existe en el contexto actual [D:\UNIVERSIDAD\PROYECTOS BDD Y DS\Proyecto Integrador\BioUTN\BioUTN.MVC\BioUTN.MVC.csproj]
D:\UNIVERSIDAD\PROYECTOS BDD Y DS\Proyecto Integrador\BioUTN\BioUTN.MVC\Controllers\TipoCultivosController.cs(119,17): error CS0103: El nombre 'Crud' no existe en el contexto actual [D:\UNIVERSIDAD\PROYECTOS BDD Y DS\Proyecto Integrador\BioUTN\BioUTN.MVC\BioUTN.MVC.csproj]
D:\UNIVERSIDAD\PROYECTOS BDD Y DS\Proyecto Integrador\BioUTN\BioUTN.MVC\Controllers\EquiposController.cs(100,28): error CS0103: El nombre 'Crud' no existe en el contexto actual [D:\UNIVERSIDAD\PROYECTOS BDD Y DS\Proyecto Integrador\BioUTN\BioUTN.MVC\BioUTN.MVC.csproj]
D:\UNIVERSIDAD\PROYECTOS BDD Y DS\Proyecto Integrador\BioUTN\BioUTN.MVC\Controllers\TareaOperativasController.cs(18,28): error CS0103: El nombre 'Crud' no existe en el contexto actual [D:\UNIVERSIDAD\PROYECTOS BDD Y DS\Proyecto Integrador\BioUTN\BioUTN.MVC\BioUTN.MVC.csproj]
D:\UNIVERSIDAD\PROYECTOS BDD Y DS\Proyecto Integrador\BioUTN\BioUTN.MVC\Controllers\EquiposController.cs(119,17): error CS0103: El nombre 'Crud' no existe en el contexto actual [D:\UNIVERSIDAD\PROYECTOS BDD Y DS\Proyecto Integrador\BioUTN\BioUTN.MVC\BioUTN.MVC.csproj]
D:\UNIVERSIDAD\PROYECTOS BDD Y DS\Proyecto Integrador\BioUTN\BioUTN.MVC\Controllers\TareaOperativasController.cs(43,21): error CS0103: El nombre 'Crud' no existe en el contexto actual [D:\UNIVERSIDAD\PROYECTOS BDD Y DS\Proyecto Integrador\BioUTN\BioUTN.MVC\BioUTN.MVC.csproj]
D:\UNIVERSIDAD\PROYECTOS BDD Y DS\Proyecto Integrador\BioUTN\BioUTN.MVC\Controllers\TareaOperativasController.cs(60,28): error CS0103: El nombre 'Crud' no existe en el contexto actual [D:\UNIVERSIDAD\PROYECTOS BDD Y DS\Proyecto Integrador\BioUTN\BioUTN.MVC\BioUTN.MVC.csproj]
D:\UNIVERSIDAD\PROYECTOS BDD Y DS\Proyecto Integrador\BioUTN\BioUTN.MVC\Controllers\TareaOperativasController.cs(83,21): error CS0103: El nombre 'Crud' no existe en el contexto actual [D:\UNIVERSIDAD\PROYECTOS BDD Y DS\Proyecto Integrador\BioUTN\BioUTN.MVC\BioUTN.MVC.csproj]
D:\UNIVERSIDAD\PROYECTOS BDD Y DS\Proyecto Integrador\BioUTN\BioUTN.MVC\Controllers\TareaOperativasController.cs(100,28): error CS0103: El nombre 'Crud' no existe en el contexto actual [D:\UNIVERSIDAD\PROYECTOS BDD Y DS\Proyecto Integrador\BioUTN\BioUTN.MVC\BioUTN.MVC.csproj]
D:\UNIVERSIDAD\PROYECTOS BDD Y DS\Proyecto Integrador\BioUTN\BioUTN.MVC\Controllers\TareaOperativasController.cs(119,17): error CS0103: El nombre 'Crud' no existe en el contexto actual [D:\UNIVERSIDAD\PROYECTOS BDD Y DS\Proyecto Integrador\BioUTN\BioUTN.MVC\BioUTN.MVC.csproj]
D:\UNIVERSIDAD\PROYECTOS BDD Y DS\Proyecto Integrador\BioUTN\BioUTN.MVC\Controllers\RolsController.cs(18,28): error CS0103: El nombre 'Crud' no existe en el contexto actual [D:\UNIVERSIDAD\PROYECTOS BDD Y DS\Proyecto Integrador\BioUTN\BioUTN.MVC\BioUTN.MVC.csproj]
D:\UNIVERSIDAD\PROYECTOS BDD Y DS\Proyecto Integrador\BioUTN\BioUTN.MVC\Controllers\RolsController.cs(43,21): error CS0103: El nombre 'Crud' no existe en el contexto actual [D:\UNIVERSIDAD\PROYECTOS BDD Y DS\Proyecto Integrador\BioUTN\BioUTN.MVC\BioUTN.MVC.csproj]
D:\UNIVERSIDAD\PROYECTOS BDD Y DS\Proyecto Integrador\BioUTN\BioUTN.MVC\Controllers\RolsController.cs(60,28): error CS0103: El nombre 'Crud' no existe en el contexto actual [D:\UNIVERSIDAD\PROYECTOS BDD Y DS\Proyecto Integrador\BioUTN\BioUTN.MVC\BioUTN.MVC.csproj]
D:\UNIVERSIDAD\PROYECTOS BDD Y DS\Proyecto Integrador\BioUTN\BioUTN.MVC\Controllers\EspeciesController.cs(18,28): error CS0103: El nombre 'Crud' no existe en el contexto actual [D:\UNIVERSIDAD\PROYECTOS BDD Y DS\Proyecto Integrador\BioUTN\BioUTN.MVC\BioUTN.MVC.csproj]
D:\UNIVERSIDAD\PROYECTOS BDD Y DS\Proyecto Integrador\BioUTN\BioUTN.MVC\Controllers\RolsController.cs(83,21): error CS0103: El nombre 'Crud' no existe en el contexto actual [D:\UNIVERSIDAD\PROYECTOS BDD Y DS\Proyecto Integrador\BioUTN\BioUTN.MVC\BioUTN.MVC.csproj]
D:\UNIVERSIDAD\PROYECTOS BDD Y DS\Proyecto Integrador\BioUTN\BioUTN.MVC\Controllers\EspeciesController.cs(43,21): error CS0103: El nombre 'Crud' no existe en el contexto actual [D:\UNIVERSIDAD\PROYECTOS BDD Y DS\Proyecto Integrador\BioUTN\BioUTN.MVC\BioUTN.MVC.csproj]
D:\UNIVERSIDAD\PROYECTOS BDD Y DS\Proyecto Integrador\BioUTN\BioUTN.MVC\Controllers\RolsController.cs(100,28): error CS0103: El nombre 'Crud' no existe en el contexto actual [D:\UNIVERSIDAD\PROYECTOS BDD Y DS\Proyecto Integrador\BioUTN\BioUTN.MVC\BioUTN.MVC.csproj]
D:\UNIVERSIDAD\PROYECTOS BDD Y DS\Proyecto Integrador\BioUTN\BioUTN.MVC\Controllers\EspeciesController.cs(60,28): error CS0103: El nombre 'Crud' no existe en el contexto actual [D:\UNIVERSIDAD\PROYECTOS BDD Y DS\Proyecto Integrador\BioUTN\BioUTN.MVC\BioUTN.MVC.csproj]
D:\UNIVERSIDAD\PROYECTOS BDD Y DS\Proyecto Integrador\BioUTN\BioUTN.MVC\Controllers\RolsController.cs(119,17): error CS0103: El nombre 'Crud' no existe en el contexto actual [D:\UNIVERSIDAD\PROYECTOS BDD Y DS\Proyecto Integrador\BioUTN\BioUTN.MVC\BioUTN.MVC.csproj]
D:\UNIVERSIDAD\PROYECTOS BDD Y DS\Proyecto Integrador\BioUTN\BioUTN.MVC\Controllers\EspeciesController.cs(83,21): error CS0103: El nombre 'Crud' no existe en el contexto actual [D:\UNIVERSIDAD\PROYECTOS BDD Y DS\Proyecto Integrador\BioUTN\BioUTN.MVC\BioUTN.MVC.csproj]
D:\UNIVERSIDAD\PROYECTOS BDD Y DS\Proyecto Integrador\BioUTN\BioUTN.MVC\Controllers\EspeciesController.cs(100,28): error CS0103: El nombre 'Crud' no existe en el contexto actual [D:\UNIVERSIDAD\PROYECTOS BDD Y DS\Proyecto Integrador\BioUTN\BioUTN.MVC\BioUTN.MVC.csproj]
D:\UNIVERSIDAD\PROYECTOS BDD Y DS\Proyecto Integrador\BioUTN\BioUTN.MVC\Controllers\EspeciesController.cs(119,17): error CS0103: El nombre 'Crud' no existe en el contexto actual [D:\UNIVERSIDAD\PROYECTOS BDD Y DS\Proyecto Integrador\BioUTN\BioUTN.MVC\BioUTN.MVC.csproj]
D:\UNIVERSIDAD\PROYECTOS BDD Y DS\Proyecto Integrador\BioUTN\BioUTN.MVC\Controllers\FamiliasController.cs(18,28): error CS0103: El nombre 'Crud' no existe en el contexto actual [D:\UNIVERSIDAD\PROYECTOS BDD Y DS\Proyecto Integrador\BioUTN\BioUTN.MVC\BioUTN.MVC.csproj]
D:\UNIVERSIDAD\PROYECTOS BDD Y DS\Proyecto Integrador\BioUTN\BioUTN.MVC\Controllers\ReservaEquiposController.cs(18,28): error CS0103: El nombre 'Crud' no existe en el contexto actual [D:\UNIVERSIDAD\PROYECTOS BDD Y DS\Proyecto Integrador\BioUTN\BioUTN.MVC\BioUTN.MVC.csproj]
D:\UNIVERSIDAD\PROYECTOS BDD Y DS\Proyecto Integrador\BioUTN\BioUTN.MVC\Controllers\FamiliasController.cs(43,21): error CS0103: El nombre 'Crud' no existe en el contexto actual [D:\UNIVERSIDAD\PROYECTOS BDD Y DS\Proyecto Integrador\BioUTN\BioUTN.MVC\BioUTN.MVC.csproj]
D:\UNIVERSIDAD\PROYECTOS BDD Y DS\Proyecto Integrador\BioUTN\BioUTN.MVC\Controllers\ReservaEquiposController.cs(33,28): error CS0103: El nombre 'Crud' no existe en el contexto actual [D:\UNIVERSIDAD\PROYECTOS BDD Y DS\Proyecto Integrador\BioUTN\BioUTN.MVC\BioUTN.MVC.csproj]
D:\UNIVERSIDAD\PROYECTOS BDD Y DS\Proyecto Integrador\BioUTN\BioUTN.MVC\Controllers\FamiliasController.cs(60,28): error CS0103: El nombre 'Crud' no existe en el contexto actual [D:\UNIVERSIDAD\PROYECTOS BDD Y DS\Proyecto Integrador\BioUTN\BioUTN.MVC\BioUTN.MVC.csproj]
D:\UNIVERSIDAD\PROYECTOS BDD Y DS\Proyecto Integrador\BioUTN\BioUTN.MVC\Controllers\ReservaEquiposController.cs(59,21): error CS0103: El nombre 'Crud' no existe en el contexto actual [D:\UNIVERSIDAD\PROYECTOS BDD Y DS\Proyecto Integrador\BioUTN\BioUTN.MVC\BioUTN.MVC.csproj]
D:\UNIVERSIDAD\PROYECTOS BDD Y DS\Proyecto Integrador\BioUTN\BioUTN.MVC\Controllers\FamiliasController.cs(83,21): error CS0103: El nombre 'Crud' no existe en el contexto actual [D:\UNIVERSIDAD\PROYECTOS BDD Y DS\Proyecto Integrador\BioUTN\BioUTN.MVC\BioUTN.MVC.csproj]
D:\UNIVERSIDAD\PROYECTOS BDD Y DS\Proyecto Integrador\BioUTN\BioUTN.MVC\Controllers\ReservaEquiposController.cs(76,28): error CS0103: El nombre 'Crud' no existe en el contexto actual [D:\UNIVERSIDAD\PROYECTOS BDD Y DS\Proyecto Integrador\BioUTN\BioUTN.MVC\BioUTN.MVC.csproj]
D:\UNIVERSIDAD\PROYECTOS BDD Y DS\Proyecto Integrador\BioUTN\BioUTN.MVC\Controllers\FamiliasController.cs(100,28): error CS0103: El nombre 'Crud' no existe en el contexto actual [D:\UNIVERSIDAD\PROYECTOS BDD Y DS\Proyecto Integrador\BioUTN\BioUTN.MVC\BioUTN.MVC.csproj]
D:\UNIVERSIDAD\PROYECTOS BDD Y DS\Proyecto Integrador\BioUTN\BioUTN.MVC\Controllers\FamiliasController.cs(119,17): error CS0103: El nombre 'Crud' no existe en el contexto actual [D:\UNIVERSIDAD\PROYECTOS BDD Y DS\Proyecto Integrador\BioUTN\BioUTN.MVC\BioUTN.MVC.csproj]
D:\UNIVERSIDAD\PROYECTOS BDD Y DS\Proyecto Integrador\BioUTN\BioUTN.MVC\Controllers\FaseCultivosController.cs(18,28): error CS0103: El nombre 'Crud' no existe en el contexto actual [D:\UNIVERSIDAD\PROYECTOS BDD Y DS\Proyecto Integrador\BioUTN\BioUTN.MVC\BioUTN.MVC.csproj]
D:\UNIVERSIDAD\PROYECTOS BDD Y DS\Proyecto Integrador\BioUTN\BioUTN.MVC\Controllers\FaseCultivosController.cs(43,21): error CS0103: El nombre 'Crud' no existe en el contexto actual [D:\UNIVERSIDAD\PROYECTOS BDD Y DS\Proyecto Integrador\BioUTN\BioUTN.MVC\BioUTN.MVC.csproj]
D:\UNIVERSIDAD\PROYECTOS BDD Y DS\Proyecto Integrador\BioUTN\BioUTN.MVC\Controllers\ReservaEquiposController.cs(99,21): error CS0103: El nombre 'Crud' no existe en el contexto actual [D:\UNIVERSIDAD\PROYECTOS BDD Y DS\Proyecto Integrador\BioUTN\BioUTN.MVC\BioUTN.MVC.csproj]
D:\UNIVERSIDAD\PROYECTOS BDD Y DS\Proyecto Integrador\BioUTN\BioUTN.MVC\Controllers\ReservaEquiposController.cs(116,28): error CS0103: El nombre 'Crud' no existe en el contexto actual [D:\UNIVERSIDAD\PROYECTOS BDD Y DS\Proyecto Integrador\BioUTN\BioUTN.MVC\BioUTN.MVC.csproj]
D:\UNIVERSIDAD\PROYECTOS BDD Y DS\Proyecto Integrador\BioUTN\BioUTN.MVC\Controllers\FaseCultivosController.cs(60,28): error CS0103: El nombre 'Crud' no existe en el contexto actual [D:\UNIVERSIDAD\PROYECTOS BDD Y DS\Proyecto Integrador\BioUTN\BioUTN.MVC\BioUTN.MVC.csproj]
D:\UNIVERSIDAD\PROYECTOS BDD Y DS\Proyecto Integrador\BioUTN\BioUTN.MVC\Controllers\ReservaEquiposController.cs(135,17): error CS0103: El nombre 'Crud' no existe en el contexto actual [D:\UNIVERSIDAD\PROYECTOS BDD Y DS\Proyecto Integrador\BioUTN\BioUTN.MVC\BioUTN.MVC.csproj]
D:\UNIVERSIDAD\PROYECTOS BDD Y DS\Proyecto Integrador\BioUTN\BioUTN.MVC\Controllers\FaseCultivosController.cs(83,21): error CS0103: El nombre 'Crud' no existe en el contexto actual [D:\UNIVERSIDAD\PROYECTOS BDD Y DS\Proyecto Integrador\BioUTN\BioUTN.MVC\BioUTN.MVC.csproj]
D:\UNIVERSIDAD\PROYECTOS BDD Y DS\Proyecto Integrador\BioUTN\BioUTN.MVC\Controllers\FaseCultivosController.cs(100,28): error CS0103: El nombre 'Crud' no existe en el contexto actual [D:\UNIVERSIDAD\PROYECTOS BDD Y DS\Proyecto Integrador\BioUTN\BioUTN.MVC\BioUTN.MVC.csproj]
D:\UNIVERSIDAD\PROYECTOS BDD Y DS\Proyecto Integrador\BioUTN\BioUTN.MVC\Controllers\FaseCultivosController.cs(119,17): error CS0103: El nombre 'Crud' no existe en el contexto actual [D:\UNIVERSIDAD\PROYECTOS BDD Y DS\Proyecto Integrador\BioUTN\BioUTN.MVC\BioUTN.MVC.csproj]
D:\UNIVERSIDAD\PROYECTOS BDD Y DS\Proyecto Integrador\BioUTN\BioUTN.MVC\Controllers\ReactivosController.cs(18,28): error CS0103: El nombre 'Crud' no existe en el contexto actual [D:\UNIVERSIDAD\PROYECTOS BDD Y DS\Proyecto Integrador\BioUTN\BioUTN.MVC\BioUTN.MVC.csproj]
D:\UNIVERSIDAD\PROYECTOS BDD Y DS\Proyecto Integrador\BioUTN\BioUTN.MVC\Controllers\GenerosController.cs(18,28): error CS0103: El nombre 'Crud' no existe en el contexto actual [D:\UNIVERSIDAD\PROYECTOS BDD Y DS\Proyecto Integrador\BioUTN\BioUTN.MVC\BioUTN.MVC.csproj]
D:\UNIVERSIDAD\PROYECTOS BDD Y DS\Proyecto Integrador\BioUTN\BioUTN.MVC\Controllers\GenerosController.cs(43,21): error CS0103: El nombre 'Crud' no existe en el contexto actual [D:\UNIVERSIDAD\PROYECTOS BDD Y DS\Proyecto Integrador\BioUTN\BioUTN.MVC\BioUTN.MVC.csproj]
D:\UNIVERSIDAD\PROYECTOS BDD Y DS\Proyecto Integrador\BioUTN\BioUTN.MVC\Controllers\GenerosController.cs(60,28): error CS0103: El nombre 'Crud' no existe en el contexto actual [D:\UNIVERSIDAD\PROYECTOS BDD Y DS\Proyecto Integrador\BioUTN\BioUTN.MVC\BioUTN.MVC.csproj]
D:\UNIVERSIDAD\PROYECTOS BDD Y DS\Proyecto Integrador\BioUTN\BioUTN.MVC\Controllers\ReactivosController.cs(43,21): error CS0103: El nombre 'Crud' no existe en el contexto actual [D:\UNIVERSIDAD\PROYECTOS BDD Y DS\Proyecto Integrador\BioUTN\BioUTN.MVC\BioUTN.MVC.csproj]
D:\UNIVERSIDAD\PROYECTOS BDD Y DS\Proyecto Integrador\BioUTN\BioUTN.MVC\Controllers\GenerosController.cs(83,21): error CS0103: El nombre 'Crud' no existe en el contexto actual [D:\UNIVERSIDAD\PROYECTOS BDD Y DS\Proyecto Integrador\BioUTN\BioUTN.MVC\BioUTN.MVC.csproj]
D:\UNIVERSIDAD\PROYECTOS BDD Y DS\Proyecto Integrador\BioUTN\BioUTN.MVC\Controllers\GenerosController.cs(100,28): error CS0103: El nombre 'Crud' no existe en el contexto actual [D:\UNIVERSIDAD\PROYECTOS BDD Y DS\Proyecto Integrador\BioUTN\BioUTN.MVC\BioUTN.MVC.csproj]
D:\UNIVERSIDAD\PROYECTOS BDD Y DS\Proyecto Integrador\BioUTN\BioUTN.MVC\Controllers\ReactivosController.cs(60,28): error CS0103: El nombre 'Crud' no existe en el contexto actual [D:\UNIVERSIDAD\PROYECTOS BDD Y DS\Proyecto Integrador\BioUTN\BioUTN.MVC\BioUTN.MVC.csproj]
D:\UNIVERSIDAD\PROYECTOS BDD Y DS\Proyecto Integrador\BioUTN\BioUTN.MVC\Controllers\GenerosController.cs(119,17): error CS0103: El nombre 'Crud' no existe en el contexto actual [D:\UNIVERSIDAD\PROYECTOS BDD Y DS\Proyecto Integrador\BioUTN\BioUTN.MVC\BioUTN.MVC.csproj]
D:\UNIVERSIDAD\PROYECTOS BDD Y DS\Proyecto Integrador\BioUTN\BioUTN.MVC\Controllers\LoteCultivosController.cs(18,28): error CS0103: El nombre 'Crud' no existe en el contexto actual [D:\UNIVERSIDAD\PROYECTOS BDD Y DS\Proyecto Integrador\BioUTN\BioUTN.MVC\BioUTN.MVC.csproj]
D:\UNIVERSIDAD\PROYECTOS BDD Y DS\Proyecto Integrador\BioUTN\BioUTN.MVC\Controllers\MonitoreoFitosanitariosController.cs(18,28): error CS0103: El nombre 'Crud' no existe en el contexto actual [D:\UNIVERSIDAD\PROYECTOS BDD Y DS\Proyecto Integrador\BioUTN\BioUTN.MVC\BioUTN.MVC.csproj]
D:\UNIVERSIDAD\PROYECTOS BDD Y DS\Proyecto Integrador\BioUTN\BioUTN.MVC\Controllers\MedioCultivosController.cs(18,28): error CS0103: El nombre 'Crud' no existe en el contexto actual [D:\UNIVERSIDAD\PROYECTOS BDD Y DS\Proyecto Integrador\BioUTN\BioUTN.MVC\BioUTN.MVC.csproj]
D:\UNIVERSIDAD\PROYECTOS BDD Y DS\Proyecto Integrador\BioUTN\BioUTN.MVC\Controllers\ReactivosController.cs(83,21): error CS0103: El nombre 'Crud' no existe en el contexto actual [D:\UNIVERSIDAD\PROYECTOS BDD Y DS\Proyecto Integrador\BioUTN\BioUTN.MVC\BioUTN.MVC.csproj]
D:\UNIVERSIDAD\PROYECTOS BDD Y DS\Proyecto Integrador\BioUTN\BioUTN.MVC\Controllers\MonitoreoFitosanitariosController.cs(43,21): error CS0103: El nombre 'Crud' no existe en el contexto actual [D:\UNIVERSIDAD\PROYECTOS BDD Y DS\Proyecto Integrador\BioUTN\BioUTN.MVC\BioUTN.MVC.csproj]
D:\UNIVERSIDAD\PROYECTOS BDD Y DS\Proyecto Integrador\BioUTN\BioUTN.MVC\Controllers\LoteCultivosController.cs(43,21): error CS0103: El nombre 'Crud' no existe en el contexto actual [D:\UNIVERSIDAD\PROYECTOS BDD Y DS\Proyecto Integrador\BioUTN\BioUTN.MVC\BioUTN.MVC.csproj]
D:\UNIVERSIDAD\PROYECTOS BDD Y DS\Proyecto Integrador\BioUTN\BioUTN.MVC\Controllers\ReactivosController.cs(100,28): error CS0103: El nombre 'Crud' no existe en el contexto actual [D:\UNIVERSIDAD\PROYECTOS BDD Y DS\Proyecto Integrador\BioUTN\BioUTN.MVC\BioUTN.MVC.csproj]
D:\UNIVERSIDAD\PROYECTOS BDD Y DS\Proyecto Integrador\BioUTN\BioUTN.MVC\Controllers\MedioCultivosController.cs(43,21): error CS0103: El nombre 'Crud' no existe en el contexto actual [D:\UNIVERSIDAD\PROYECTOS BDD Y DS\Proyecto Integrador\BioUTN\BioUTN.MVC\BioUTN.MVC.csproj]
D:\UNIVERSIDAD\PROYECTOS BDD Y DS\Proyecto Integrador\BioUTN\BioUTN.MVC\Controllers\MonitoreoFitosanitariosController.cs(60,28): error CS0103: El nombre 'Crud' no existe en el contexto actual [D:\UNIVERSIDAD\PROYECTOS BDD Y DS\Proyecto Integrador\BioUTN\BioUTN.MVC\BioUTN.MVC.csproj]
D:\UNIVERSIDAD\PROYECTOS BDD Y DS\Proyecto Integrador\BioUTN\BioUTN.MVC\Controllers\LoteCultivosController.cs(60,28): error CS0103: El nombre 'Crud' no existe en el contexto actual [D:\UNIVERSIDAD\PROYECTOS BDD Y DS\Proyecto Integrador\BioUTN\BioUTN.MVC\BioUTN.MVC.csproj]
D:\UNIVERSIDAD\PROYECTOS BDD Y DS\Proyecto Integrador\BioUTN\BioUTN.MVC\Controllers\ReactivosController.cs(119,17): error CS0103: El nombre 'Crud' no existe en el contexto actual [D:\UNIVERSIDAD\PROYECTOS BDD Y DS\Proyecto Integrador\BioUTN\BioUTN.MVC\BioUTN.MVC.csproj]
D:\UNIVERSIDAD\PROYECTOS BDD Y DS\Proyecto Integrador\BioUTN\BioUTN.MVC\Controllers\MedioCultivosController.cs(60,28): error CS0103: El nombre 'Crud' no existe en el contexto actual [D:\UNIVERSIDAD\PROYECTOS BDD Y DS\Proyecto Integrador\BioUTN\BioUTN.MVC\BioUTN.MVC.csproj]
D:\UNIVERSIDAD\PROYECTOS BDD Y DS\Proyecto Integrador\BioUTN\BioUTN.MVC\Controllers\MonitoreoFitosanitariosController.cs(83,21): error CS0103: El nombre 'Crud' no existe en el contexto actual [D:\UNIVERSIDAD\PROYECTOS BDD Y DS\Proyecto Integrador\BioUTN\BioUTN.MVC\BioUTN.MVC.csproj]
D:\UNIVERSIDAD\PROYECTOS BDD Y DS\Proyecto Integrador\BioUTN\BioUTN.MVC\Controllers\MedioCultivosController.cs(83,21): error CS0103: El nombre 'Crud' no existe en el contexto actual [D:\UNIVERSIDAD\PROYECTOS BDD Y DS\Proyecto Integrador\BioUTN\BioUTN.MVC\BioUTN.MVC.csproj]
D:\UNIVERSIDAD\PROYECTOS BDD Y DS\Proyecto Integrador\BioUTN\BioUTN.MVC\Controllers\ProyectoUsuariosController.cs(16,28): error CS0103: El nombre 'Crud' no existe en el contexto actual [D:\UNIVERSIDAD\PROYECTOS BDD Y DS\Proyecto Integrador\BioUTN\BioUTN.MVC\BioUTN.MVC.csproj]
D:\UNIVERSIDAD\PROYECTOS BDD Y DS\Proyecto Integrador\BioUTN\BioUTN.MVC\Controllers\LoteCultivosController.cs(83,21): error CS0103: El nombre 'Crud' no existe en el contexto actual [D:\UNIVERSIDAD\PROYECTOS BDD Y DS\Proyecto Integrador\BioUTN\BioUTN.MVC\BioUTN.MVC.csproj]
D:\UNIVERSIDAD\PROYECTOS BDD Y DS\Proyecto Integrador\BioUTN\BioUTN.MVC\Controllers\MonitoreoFitosanitariosController.cs(100,28): error CS0103: El nombre 'Crud' no existe en el contexto actual [D:\UNIVERSIDAD\PROYECTOS BDD Y DS\Proyecto Integrador\BioUTN\BioUTN.MVC\BioUTN.MVC.csproj]
D:\UNIVERSIDAD\PROYECTOS BDD Y DS\Proyecto Integrador\BioUTN\BioUTN.MVC\Controllers\MedioCultivosController.cs(100,28): error CS0103: El nombre 'Crud' no existe en el contexto actual [D:\UNIVERSIDAD\PROYECTOS BDD Y DS\Proyecto Integrador\BioUTN\BioUTN.MVC\BioUTN.MVC.csproj]
D:\UNIVERSIDAD\PROYECTOS BDD Y DS\Proyecto Integrador\BioUTN\BioUTN.MVC\Controllers\ProyectoUsuariosController.cs(41,21): error CS0103: El nombre 'Crud' no existe en el contexto actual [D:\UNIVERSIDAD\PROYECTOS BDD Y DS\Proyecto Integrador\BioUTN\BioUTN.MVC\BioUTN.MVC.csproj]
D:\UNIVERSIDAD\PROYECTOS BDD Y DS\Proyecto Integrador\BioUTN\BioUTN.MVC\Controllers\MonitoreoFitosanitariosController.cs(119,17): error CS0103: El nombre 'Crud' no existe en el contexto actual [D:\UNIVERSIDAD\PROYECTOS BDD Y DS\Proyecto Integrador\BioUTN\BioUTN.MVC\BioUTN.MVC.csproj]
D:\UNIVERSIDAD\PROYECTOS BDD Y DS\Proyecto Integrador\BioUTN\BioUTN.MVC\Controllers\MedioCultivosController.cs(119,17): error CS0103: El nombre 'Crud' no existe en el contexto actual [D:\UNIVERSIDAD\PROYECTOS BDD Y DS\Proyecto Integrador\BioUTN\BioUTN.MVC\BioUTN.MVC.csproj]
D:\UNIVERSIDAD\PROYECTOS BDD Y DS\Proyecto Integrador\BioUTN\BioUTN.MVC\Controllers\ProyectoUsuariosController.cs(58,28): error CS0103: El nombre 'Crud' no existe en el contexto actual [D:\UNIVERSIDAD\PROYECTOS BDD Y DS\Proyecto Integrador\BioUTN\BioUTN.MVC\BioUTN.MVC.csproj]
D:\UNIVERSIDAD\PROYECTOS BDD Y DS\Proyecto Integrador\BioUTN\BioUTN.MVC\Controllers\LoteCultivosController.cs(100,28): error CS0103: El nombre 'Crud' no existe en el contexto actual [D:\UNIVERSIDAD\PROYECTOS BDD Y DS\Proyecto Integrador\BioUTN\BioUTN.MVC\BioUTN.MVC.csproj]
D:\UNIVERSIDAD\PROYECTOS BDD Y DS\Proyecto Integrador\BioUTN\BioUTN.MVC\Controllers\ProyectoUsuariosController.cs(81,21): error CS0103: El nombre 'Crud' no existe en el contexto actual [D:\UNIVERSIDAD\PROYECTOS BDD Y DS\Proyecto Integrador\BioUTN\BioUTN.MVC\BioUTN.MVC.csproj]
D:\UNIVERSIDAD\PROYECTOS BDD Y DS\Proyecto Integrador\BioUTN\BioUTN.MVC\Controllers\LoteCultivosController.cs(119,17): error CS0103: El nombre 'Crud' no existe en el contexto actual [D:\UNIVERSIDAD\PROYECTOS BDD Y DS\Proyecto Integrador\BioUTN\BioUTN.MVC\BioUTN.MVC.csproj]
D:\UNIVERSIDAD\PROYECTOS BDD Y DS\Proyecto Integrador\BioUTN\BioUTN.MVC\Controllers\ProyectoUsuariosController.cs(98,28): error CS0103: El nombre 'Crud' no existe en el contexto actual [D:\UNIVERSIDAD\PROYECTOS BDD Y DS\Proyecto Integrador\BioUTN\BioUTN.MVC\BioUTN.MVC.csproj]
D:\UNIVERSIDAD\PROYECTOS BDD Y DS\Proyecto Integrador\BioUTN\BioUTN.MVC\Controllers\ProyectoUsuariosController.cs(117,17): error CS0103: El nombre 'Crud' no existe en el contexto actual [D:\UNIVERSIDAD\PROYECTOS BDD Y DS\Proyecto Integrador\BioUTN\BioUTN.MVC\BioUTN.MVC.csproj]
D:\UNIVERSIDAD\PROYECTOS BDD Y DS\Proyecto Integrador\BioUTN\BioUTN.MVC\Controllers\ProyectosController.cs(18,28): error CS0103: El nombre 'Crud' no existe en el contexto actual [D:\UNIVERSIDAD\PROYECTOS BDD Y DS\Proyecto Integrador\BioUTN\BioUTN.MVC\BioUTN.MVC.csproj]
D:\UNIVERSIDAD\PROYECTOS BDD Y DS\Proyecto Integrador\BioUTN\BioUTN.MVC\Controllers\ProyectosController.cs(43,21): error CS0103: El nombre 'Crud' no existe en el contexto actual [D:\UNIVERSIDAD\PROYECTOS BDD Y DS\Proyecto Integrador\BioUTN\BioUTN.MVC\BioUTN.MVC.csproj]
D:\UNIVERSIDAD\PROYECTOS BDD Y DS\Proyecto Integrador\BioUTN\BioUTN.MVC\Controllers\ProyectosController.cs(60,28): error CS0103: El nombre 'Crud' no existe en el contexto actual [D:\UNIVERSIDAD\PROYECTOS BDD Y DS\Proyecto Integrador\BioUTN\BioUTN.MVC\BioUTN.MVC.csproj]
D:\UNIVERSIDAD\PROYECTOS BDD Y DS\Proyecto Integrador\BioUTN\BioUTN.MVC\Controllers\ProyectosController.cs(83,21): error CS0103: El nombre 'Crud' no existe en el contexto actual [D:\UNIVERSIDAD\PROYECTOS BDD Y DS\Proyecto Integrador\BioUTN\BioUTN.MVC\BioUTN.MVC.csproj]
D:\UNIVERSIDAD\PROYECTOS BDD Y DS\Proyecto Integrador\BioUTN\BioUTN.MVC\Controllers\ProyectosController.cs(100,28): error CS0103: El nombre 'Crud' no existe en el contexto actual [D:\UNIVERSIDAD\PROYECTOS BDD Y DS\Proyecto Integrador\BioUTN\BioUTN.MVC\BioUTN.MVC.csproj]
D:\UNIVERSIDAD\PROYECTOS BDD Y DS\Proyecto Integrador\BioUTN\BioUTN.MVC\Controllers\ProyectosController.cs(119,17): error CS0103: El nombre 'Crud' no existe en el contexto actual [D:\UNIVERSIDAD\PROYECTOS BDD Y DS\Proyecto Integrador\BioUTN\BioUTN.MVC\BioUTN.MVC.csproj]
D:\UNIVERSIDAD\PROYECTOS BDD Y DS\Proyecto Integrador\BioUTN\BioUTN.MVC\Controllers\PlantaMadresController.cs(18,28): error CS0103: El nombre 'Crud' no existe en el contexto actual [D:\UNIVERSIDAD\PROYECTOS BDD Y DS\Proyecto Integrador\BioUTN\BioUTN.MVC\BioUTN.MVC.csproj]
D:\UNIVERSIDAD\PROYECTOS BDD Y DS\Proyecto Integrador\BioUTN\BioUTN.MVC\Controllers\PlantaMadresController.cs(43,21): error CS0103: El nombre 'Crud' no existe en el contexto actual [D:\UNIVERSIDAD\PROYECTOS BDD Y DS\Proyecto Integrador\BioUTN\BioUTN.MVC\BioUTN.MVC.csproj]
D:\UNIVERSIDAD\PROYECTOS BDD Y DS\Proyecto Integrador\BioUTN\BioUTN.MVC\Controllers\PlantaMadresController.cs(60,28): error CS0103: El nombre 'Crud' no existe en el contexto actual [D:\UNIVERSIDAD\PROYECTOS BDD Y DS\Proyecto Integrador\BioUTN\BioUTN.MVC\BioUTN.MVC.csproj]
D:\UNIVERSIDAD\PROYECTOS BDD Y DS\Proyecto Integrador\BioUTN\BioUTN.MVC\Controllers\PlantaMadresController.cs(83,21): error CS0103: El nombre 'Crud' no existe en el contexto actual [D:\UNIVERSIDAD\PROYECTOS BDD Y DS\Proyecto Integrador\BioUTN\BioUTN.MVC\BioUTN.MVC.csproj]
D:\UNIVERSIDAD\PROYECTOS BDD Y DS\Proyecto Integrador\BioUTN\BioUTN.MVC\Controllers\PlantaMadresController.cs(100,28): error CS0103: El nombre 'Crud' no existe en el contexto actual [D:\UNIVERSIDAD\PROYECTOS BDD Y DS\Proyecto Integrador\BioUTN\BioUTN.MVC\BioUTN.MVC.csproj]
D:\UNIVERSIDAD\PROYECTOS BDD Y DS\Proyecto Integrador\BioUTN\BioUTN.MVC\Controllers\PlantaMadresController.cs(119,17): error CS0103: El nombre 'Crud' no existe en el contexto actual [D:\UNIVERSIDAD\PROYECTOS BDD Y DS\Proyecto Integrador\BioUTN\BioUTN.MVC\BioUTN.MVC.csproj]
D:\UNIVERSIDAD\PROYECTOS BDD Y DS\Proyecto Integrador\BioUTN\BioUTN.MVC\Controllers\PermisoAmbientalsController.cs(18,28): error CS0103: El nombre 'Crud' no existe en el contexto actual [D:\UNIVERSIDAD\PROYECTOS BDD Y DS\Proyecto Integrador\BioUTN\BioUTN.MVC\BioUTN.MVC.csproj]
D:\UNIVERSIDAD\PROYECTOS BDD Y DS\Proyecto Integrador\BioUTN\BioUTN.MVC\Controllers\PermisoAmbientalsController.cs(43,21): error CS0103: El nombre 'Crud' no existe en el contexto actual [D:\UNIVERSIDAD\PROYECTOS BDD Y DS\Proyecto Integrador\BioUTN\BioUTN.MVC\BioUTN.MVC.csproj]
D:\UNIVERSIDAD\PROYECTOS BDD Y DS\Proyecto Integrador\BioUTN\BioUTN.MVC\Controllers\PermisoAmbientalsController.cs(60,28): error CS0103: El nombre 'Crud' no existe en el contexto actual [D:\UNIVERSIDAD\PROYECTOS BDD Y DS\Proyecto Integrador\BioUTN\BioUTN.MVC\BioUTN.MVC.csproj]
D:\UNIVERSIDAD\PROYECTOS BDD Y DS\Proyecto Integrador\BioUTN\BioUTN.MVC\Controllers\PermisoAmbientalsController.cs(83,21): error CS0103: El nombre 'Crud' no existe en el contexto actual [D:\UNIVERSIDAD\PROYECTOS BDD Y DS\Proyecto Integrador\BioUTN\BioUTN.MVC\BioUTN.MVC.csproj]
D:\UNIVERSIDAD\PROYECTOS BDD Y DS\Proyecto Integrador\BioUTN\BioUTN.MVC\Controllers\PermisoAmbientalsController.cs(100,28): error CS0103: El nombre 'Crud' no existe en el contexto actual [D:\UNIVERSIDAD\PROYECTOS BDD Y DS\Proyecto Integrador\BioUTN\BioUTN.MVC\BioUTN.MVC.csproj]
D:\UNIVERSIDAD\PROYECTOS BDD Y DS\Proyecto Integrador\BioUTN\BioUTN.MVC\Controllers\PermisoAmbientalsController.cs(119,17): error CS0103: El nombre 'Crud' no existe en el contexto actual [D:\UNIVERSIDAD\PROYECTOS BDD Y DS\Proyecto Integrador\BioUTN\BioUTN.MVC\BioUTN.MVC.csproj]
D:\UNIVERSIDAD\PROYECTOS BDD Y DS\Proyecto Integrador\BioUTN\BioUTN.MVC\Views\Especies\Index.cshtml(168,42): error CS1061: "Especie" no contiene una definición para "Familia" ni un método de extensión accesible "Familia" que acepte un primer argumento del tipo "Especie" (¿falta alguna directiva using o una referencia de ensamblado?) [D:\UNIVERSIDAD\PROYECTOS BDD Y DS\Proyecto Integrador\BioUTN\BioUTN.MVC\BioUTN.MVC.csproj]
D:\UNIVERSIDAD\PROYECTOS BDD Y DS\Proyecto Integrador\BioUTN\BioUTN.MVC\Views\Especies\Index.cshtml(179,43): error CS1061: "Especie" no contiene una definición para "Familia" ni un método de extensión accesible "Familia" que acepte un primer argumento del tipo "Especie" (¿falta alguna directiva using o una referencia de ensamblado?) [D:\UNIVERSIDAD\PROYECTOS BDD Y DS\Proyecto Integrador\BioUTN\BioUTN.MVC\BioUTN.MVC.csproj]
D:\UNIVERSIDAD\PROYECTOS BDD Y DS\Proyecto Integrador\BioUTN\BioUTN.MVC\Views\Especies\Index.cshtml(181,70): error CS1061: "Especie" no contiene una definición para "Familia" ni un método de extensión accesible "Familia" que acepte un primer argumento del tipo "Especie" (¿falta alguna directiva using o una referencia de ensamblado?) [D:\UNIVERSIDAD\PROYECTOS BDD Y DS\Proyecto Integrador\BioUTN\BioUTN.MVC\BioUTN.MVC.csproj]
D:\UNIVERSIDAD\PROYECTOS BDD Y DS\Proyecto Integrador\BioUTN\BioUTN.MVC\Views\Especies\Edit.cshtml(53,41): error CS1061: "Especie" no contiene una definición para "IdFamilia" ni un método de extensión accesible "IdFamilia" que acepte un primer argumento del tipo "Especie" (¿falta alguna directiva using o una referencia de ensamblado?) [D:\UNIVERSIDAD\PROYECTOS BDD Y DS\Proyecto Integrador\BioUTN\BioUTN.MVC\BioUTN.MVC.csproj]
D:\UNIVERSIDAD\PROYECTOS BDD Y DS\Proyecto Integrador\BioUTN\BioUTN.MVC\Views\Especies\Edit.cshtml(54,41): error CS1061: "Especie" no contiene una definición para "IdFamilia" ni un método de extensión accesible "IdFamilia" que acepte un primer argumento del tipo "Especie" (¿falta alguna directiva using o una referencia de ensamblado?) [D:\UNIVERSIDAD\PROYECTOS BDD Y DS\Proyecto Integrador\BioUTN\BioUTN.MVC\BioUTN.MVC.csproj]
D:\UNIVERSIDAD\PROYECTOS BDD Y DS\Proyecto Integrador\BioUTN\BioUTN.MVC\Views\Especies\Edit.cshtml(55,51): error CS1061: "Especie" no contiene una definición para "IdFamilia" ni un método de extensión accesible "IdFamilia" que acepte un primer argumento del tipo "Especie" (¿falta alguna directiva using o una referencia de ensamblado?) [D:\UNIVERSIDAD\PROYECTOS BDD Y DS\Proyecto Integrador\BioUTN\BioUTN.MVC\BioUTN.MVC.csproj]
D:\UNIVERSIDAD\PROYECTOS BDD Y DS\Proyecto Integrador\BioUTN\BioUTN.MVC\Views\Especies\Create.cshtml(52,41): error CS1061: "Especie" no contiene una definición para "IdFamilia" ni un método de extensión accesible "IdFamilia" que acepte un primer argumento del tipo "Especie" (¿falta alguna directiva using o una referencia de ensamblado?) [D:\UNIVERSIDAD\PROYECTOS BDD Y DS\Proyecto Integrador\BioUTN\BioUTN.MVC\BioUTN.MVC.csproj]
D:\UNIVERSIDAD\PROYECTOS BDD Y DS\Proyecto Integrador\BioUTN\BioUTN.MVC\Views\Especies\Create.cshtml(53,41): error CS1061: "Especie" no contiene una definición para "IdFamilia" ni un método de extensión accesible "IdFamilia" que acepte un primer argumento del tipo "Especie" (¿falta alguna directiva using o una referencia de ensamblado?) [D:\UNIVERSIDAD\PROYECTOS BDD Y DS\Proyecto Integrador\BioUTN\BioUTN.MVC\BioUTN.MVC.csproj]
D:\UNIVERSIDAD\PROYECTOS BDD Y DS\Proyecto Integrador\BioUTN\BioUTN.MVC\Views\Especies\Create.cshtml(54,51): error CS1061: "Especie" no contiene una definición para "IdFamilia" ni un método de extensión accesible "IdFamilia" que acepte un primer argumento del tipo "Especie" (¿falta alguna directiva using o una referencia de ensamblado?) [D:\UNIVERSIDAD\PROYECTOS BDD Y DS\Proyecto Integrador\BioUTN\BioUTN.MVC\BioUTN.MVC.csproj]
D:\UNIVERSIDAD\PROYECTOS BDD Y DS\Proyecto Integrador\BioUTN\BioUTN.MVC\Views\LoteCultivos\Index.cshtml(234,73): error CS1061: "LoteCultivo" no contiene una definición para "TipoCultivo" ni un método de extensión accesible "TipoCultivo" que acepte un primer argumento del tipo "LoteCultivo" (¿falta alguna directiva using o una referencia de ensamblado?) [D:\UNIVERSIDAD\PROYECTOS BDD Y DS\Proyecto Integrador\BioUTN\BioUTN.MVC\BioUTN.MVC.csproj]
D:\UNIVERSIDAD\PROYECTOS BDD Y DS\Proyecto Integrador\BioUTN\BioUTN.MVC\Views\MonitoreoFitosanitarios\Index.cshtml(221,78): error CS1061: "MonitoreoFitosanitario" no contiene una definición para "IdLoteCultivo" ni un método de extensión accesible "IdLoteCultivo" que acepte un primer argumento del tipo "MonitoreoFitosanitario" (¿falta alguna directiva using o una referencia de ensamblado?) [D:\UNIVERSIDAD\PROYECTOS BDD Y DS\Proyecto Integrador\BioUTN\BioUTN.MVC\BioUTN.MVC.csproj]
D:\UNIVERSIDAD\PROYECTOS BDD Y DS\Proyecto Integrador\BioUTN\BioUTN.MVC\Views\MonitoreoFitosanitarios\Create.cshtml(27,41): error CS1061: "MonitoreoFitosanitario" no contiene una definición para "IdLoteCultivo" ni un método de extensión accesible "IdLoteCultivo" que acepte un primer argumento del tipo "MonitoreoFitosanitario" (¿falta alguna directiva using o una referencia de ensamblado?) [D:\UNIVERSIDAD\PROYECTOS BDD Y DS\Proyecto Integrador\BioUTN\BioUTN.MVC\BioUTN.MVC.csproj]
D:\UNIVERSIDAD\PROYECTOS BDD Y DS\Proyecto Integrador\BioUTN\BioUTN.MVC\Views\MonitoreoFitosanitarios\Create.cshtml(28,41): error CS1061: "MonitoreoFitosanitario" no contiene una definición para "IdLoteCultivo" ni un método de extensión accesible "IdLoteCultivo" que acepte un primer argumento del tipo "MonitoreoFitosanitario" (¿falta alguna directiva using o una referencia de ensamblado?) [D:\UNIVERSIDAD\PROYECTOS BDD Y DS\Proyecto Integrador\BioUTN\BioUTN.MVC\BioUTN.MVC.csproj]
D:\UNIVERSIDAD\PROYECTOS BDD Y DS\Proyecto Integrador\BioUTN\BioUTN.MVC\Views\MonitoreoFitosanitarios\Create.cshtml(29,51): error CS1061: "MonitoreoFitosanitario" no contiene una definición para "IdLoteCultivo" ni un método de extensión accesible "IdLoteCultivo" que acepte un primer argumento del tipo "MonitoreoFitosanitario" (¿falta alguna directiva using o una referencia de ensamblado?) [D:\UNIVERSIDAD\PROYECTOS BDD Y DS\Proyecto Integrador\BioUTN\BioUTN.MVC\BioUTN.MVC.csproj]
D:\UNIVERSIDAD\PROYECTOS BDD Y DS\Proyecto Integrador\BioUTN\BioUTN.MVC\Views\LoteCultivos\Edit.cshtml(73,41): error CS1061: "LoteCultivo" no contiene una definición para "IdTipoCultivo" ni un método de extensión accesible "IdTipoCultivo" que acepte un primer argumento del tipo "LoteCultivo" (¿falta alguna directiva using o una referencia de ensamblado?) [D:\UNIVERSIDAD\PROYECTOS BDD Y DS\Proyecto Integrador\BioUTN\BioUTN.MVC\BioUTN.MVC.csproj]
D:\UNIVERSIDAD\PROYECTOS BDD Y DS\Proyecto Integrador\BioUTN\BioUTN.MVC\Views\LoteCultivos\Edit.cshtml(74,41): error CS1061: "LoteCultivo" no contiene una definición para "IdTipoCultivo" ni un método de extensión accesible "IdTipoCultivo" que acepte un primer argumento del tipo "LoteCultivo" (¿falta alguna directiva using o una referencia de ensamblado?) [D:\UNIVERSIDAD\PROYECTOS BDD Y DS\Proyecto Integrador\BioUTN\BioUTN.MVC\BioUTN.MVC.csproj]
D:\UNIVERSIDAD\PROYECTOS BDD Y DS\Proyecto Integrador\BioUTN\BioUTN.MVC\Views\LoteCultivos\Edit.cshtml(75,51): error CS1061: "LoteCultivo" no contiene una definición para "IdTipoCultivo" ni un método de extensión accesible "IdTipoCultivo" que acepte un primer argumento del tipo "LoteCultivo" (¿falta alguna directiva using o una referencia de ensamblado?) [D:\UNIVERSIDAD\PROYECTOS BDD Y DS\Proyecto Integrador\BioUTN\BioUTN.MVC\BioUTN.MVC.csproj]
D:\UNIVERSIDAD\PROYECTOS BDD Y DS\Proyecto Integrador\BioUTN\BioUTN.MVC\Views\MonitoreoFitosanitarios\Edit.cshtml(28,41): error CS1061: "MonitoreoFitosanitario" no contiene una definición para "IdLoteCultivo" ni un método de extensión accesible "IdLoteCultivo" que acepte un primer argumento del tipo "MonitoreoFitosanitario" (¿falta alguna directiva using o una referencia de ensamblado?) [D:\UNIVERSIDAD\PROYECTOS BDD Y DS\Proyecto Integrador\BioUTN\BioUTN.MVC\BioUTN.MVC.csproj]
D:\UNIVERSIDAD\PROYECTOS BDD Y DS\Proyecto Integrador\BioUTN\BioUTN.MVC\Views\MonitoreoFitosanitarios\Edit.cshtml(29,41): error CS1061: "MonitoreoFitosanitario" no contiene una definición para "IdLoteCultivo" ni un método de extensión accesible "IdLoteCultivo" que acepte un primer argumento del tipo "MonitoreoFitosanitario" (¿falta alguna directiva using o una referencia de ensamblado?) [D:\UNIVERSIDAD\PROYECTOS BDD Y DS\Proyecto Integrador\BioUTN\BioUTN.MVC\BioUTN.MVC.csproj]
D:\UNIVERSIDAD\PROYECTOS BDD Y DS\Proyecto Integrador\BioUTN\BioUTN.MVC\Views\MonitoreoFitosanitarios\Edit.cshtml(30,51): error CS1061: "MonitoreoFitosanitario" no contiene una definición para "IdLoteCultivo" ni un método de extensión accesible "IdLoteCultivo" que acepte un primer argumento del tipo "MonitoreoFitosanitario" (¿falta alguna directiva using o una referencia de ensamblado?) [D:\UNIVERSIDAD\PROYECTOS BDD Y DS\Proyecto Integrador\BioUTN\BioUTN.MVC\BioUTN.MVC.csproj]
D:\UNIVERSIDAD\PROYECTOS BDD Y DS\Proyecto Integrador\BioUTN\BioUTN.MVC\Views\PlantaMadres\Index.cshtml(10,23): warning CS8602: Desreferencia de una referencia posiblemente NULL. [D:\UNIVERSIDAD\PROYECTOS BDD Y DS\Proyecto Integrador\BioUTN\BioUTN.MVC\BioUTN.MVC.csproj]
D:\UNIVERSIDAD\PROYECTOS BDD Y DS\Proyecto Integrador\BioUTN\BioUTN.MVC\Views\PlantaMadres\Index.cshtml(187,58): warning CS8602: Desreferencia de una referencia posiblemente NULL. [D:\UNIVERSIDAD\PROYECTOS BDD Y DS\Proyecto Integrador\BioUTN\BioUTN.MVC\BioUTN.MVC.csproj]
D:\UNIVERSIDAD\PROYECTOS BDD Y DS\Proyecto Integrador\BioUTN\BioUTN.MVC\Views\Reactivos\Index.cshtml(45,58): error CS1061: "DateTime?" no contiene una definición para "ToShortDateString" ni un método de extensión accesible "ToShortDateString" que acepte un primer argumento del tipo "DateTime?" (¿falta alguna directiva using o una referencia de ensamblado?) [D:\UNIVERSIDAD\PROYECTOS BDD Y DS\Proyecto Integrador\BioUTN\BioUTN.MVC\BioUTN.MVC.csproj]
D:\UNIVERSIDAD\PROYECTOS BDD Y DS\Proyecto Integrador\BioUTN\BioUTN.MVC\Views\ReservaEquipos\Index.cshtml(42,43): error CS1061: "ReservaEquipo" no contiene una definición para "FechaInicio" ni un método de extensión accesible "FechaInicio" que acepte un primer argumento del tipo "ReservaEquipo" (¿falta alguna directiva using o una referencia de ensamblado?) [D:\UNIVERSIDAD\PROYECTOS BDD Y DS\Proyecto Integrador\BioUTN\BioUTN.MVC\BioUTN.MVC.csproj]
D:\UNIVERSIDAD\PROYECTOS BDD Y DS\Proyecto Integrador\BioUTN\BioUTN.MVC\Views\ReservaEquipos\Index.cshtml(43,43): error CS1061: "ReservaEquipo" no contiene una definición para "FechaFin" ni un método de extensión accesible "FechaFin" que acepte un primer argumento del tipo "ReservaEquipo" (¿falta alguna directiva using o una referencia de ensamblado?) [D:\UNIVERSIDAD\PROYECTOS BDD Y DS\Proyecto Integrador\BioUTN\BioUTN.MVC\BioUTN.MVC.csproj]
D:\UNIVERSIDAD\PROYECTOS BDD Y DS\Proyecto Integrador\BioUTN\BioUTN.MVC\Views\ReservaEquipos\Create.cshtml(37,41): error CS1061: "ReservaEquipo" no contiene una definición para "FechaInicio" ni un método de extensión accesible "FechaInicio" que acepte un primer argumento del tipo "ReservaEquipo" (¿falta alguna directiva using o una referencia de ensamblado?) [D:\UNIVERSIDAD\PROYECTOS BDD Y DS\Proyecto Integrador\BioUTN\BioUTN.MVC\BioUTN.MVC.csproj]
D:\UNIVERSIDAD\PROYECTOS BDD Y DS\Proyecto Integrador\BioUTN\BioUTN.MVC\Views\ReservaEquipos\Create.cshtml(38,41): error CS1061: "ReservaEquipo" no contiene una definición para "FechaInicio" ni un método de extensión accesible "FechaInicio" que acepte un primer argumento del tipo "ReservaEquipo" (¿falta alguna directiva using o una referencia de ensamblado?) [D:\UNIVERSIDAD\PROYECTOS BDD Y DS\Proyecto Integrador\BioUTN\BioUTN.MVC\BioUTN.MVC.csproj]
D:\UNIVERSIDAD\PROYECTOS BDD Y DS\Proyecto Integrador\BioUTN\BioUTN.MVC\Views\ReservaEquipos\Create.cshtml(39,51): error CS1061: "ReservaEquipo" no contiene una definición para "FechaInicio" ni un método de extensión accesible "FechaInicio" que acepte un primer argumento del tipo "ReservaEquipo" (¿falta alguna directiva using o una referencia de ensamblado?) [D:\UNIVERSIDAD\PROYECTOS BDD Y DS\Proyecto Integrador\BioUTN\BioUTN.MVC\BioUTN.MVC.csproj]
D:\UNIVERSIDAD\PROYECTOS BDD Y DS\Proyecto Integrador\BioUTN\BioUTN.MVC\Views\ReservaEquipos\Create.cshtml(42,41): error CS1061: "ReservaEquipo" no contiene una definición para "FechaFin" ni un método de extensión accesible "FechaFin" que acepte un primer argumento del tipo "ReservaEquipo" (¿falta alguna directiva using o una referencia de ensamblado?) [D:\UNIVERSIDAD\PROYECTOS BDD Y DS\Proyecto Integrador\BioUTN\BioUTN.MVC\BioUTN.MVC.csproj]
D:\UNIVERSIDAD\PROYECTOS BDD Y DS\Proyecto Integrador\BioUTN\BioUTN.MVC\Views\ReservaEquipos\Create.cshtml(43,41): error CS1061: "ReservaEquipo" no contiene una definición para "FechaFin" ni un método de extensión accesible "FechaFin" que acepte un primer argumento del tipo "ReservaEquipo" (¿falta alguna directiva using o una referencia de ensamblado?) [D:\UNIVERSIDAD\PROYECTOS BDD Y DS\Proyecto Integrador\BioUTN\BioUTN.MVC\BioUTN.MVC.csproj]
D:\UNIVERSIDAD\PROYECTOS BDD Y DS\Proyecto Integrador\BioUTN\BioUTN.MVC\Views\ReservaEquipos\Create.cshtml(44,51): error CS1061: "ReservaEquipo" no contiene una definición para "FechaFin" ni un método de extensión accesible "FechaFin" que acepte un primer argumento del tipo "ReservaEquipo" (¿falta alguna directiva using o una referencia de ensamblado?) [D:\UNIVERSIDAD\PROYECTOS BDD Y DS\Proyecto Integrador\BioUTN\BioUTN.MVC\BioUTN.MVC.csproj]
D:\UNIVERSIDAD\PROYECTOS BDD Y DS\Proyecto Integrador\BioUTN\BioUTN.MVC\Views\ReservaEquipos\Edit.cshtml(38,41): error CS1061: "ReservaEquipo" no contiene una definición para "FechaInicio" ni un método de extensión accesible "FechaInicio" que acepte un primer argumento del tipo "ReservaEquipo" (¿falta alguna directiva using o una referencia de ensamblado?) [D:\UNIVERSIDAD\PROYECTOS BDD Y DS\Proyecto Integrador\BioUTN\BioUTN.MVC\BioUTN.MVC.csproj]
D:\UNIVERSIDAD\PROYECTOS BDD Y DS\Proyecto Integrador\BioUTN\BioUTN.MVC\Views\ReservaEquipos\Edit.cshtml(39,41): error CS1061: "ReservaEquipo" no contiene una definición para "FechaInicio" ni un método de extensión accesible "FechaInicio" que acepte un primer argumento del tipo "ReservaEquipo" (¿falta alguna directiva using o una referencia de ensamblado?) [D:\UNIVERSIDAD\PROYECTOS BDD Y DS\Proyecto Integrador\BioUTN\BioUTN.MVC\BioUTN.MVC.csproj]
D:\UNIVERSIDAD\PROYECTOS BDD Y DS\Proyecto Integrador\BioUTN\BioUTN.MVC\Views\ReservaEquipos\Edit.cshtml(40,51): error CS1061: "ReservaEquipo" no contiene una definición para "FechaInicio" ni un método de extensión accesible "FechaInicio" que acepte un primer argumento del tipo "ReservaEquipo" (¿falta alguna directiva using o una referencia de ensamblado?) [D:\UNIVERSIDAD\PROYECTOS BDD Y DS\Proyecto Integrador\BioUTN\BioUTN.MVC\BioUTN.MVC.csproj]
D:\UNIVERSIDAD\PROYECTOS BDD Y DS\Proyecto Integrador\BioUTN\BioUTN.MVC\Views\ReservaEquipos\Edit.cshtml(43,41): error CS1061: "ReservaEquipo" no contiene una definición para "FechaFin" ni un método de extensión accesible "FechaFin" que acepte un primer argumento del tipo "ReservaEquipo" (¿falta alguna directiva using o una referencia de ensamblado?) [D:\UNIVERSIDAD\PROYECTOS BDD Y DS\Proyecto Integrador\BioUTN\BioUTN.MVC\BioUTN.MVC.csproj]
D:\UNIVERSIDAD\PROYECTOS BDD Y DS\Proyecto Integrador\BioUTN\BioUTN.MVC\Views\ReservaEquipos\Edit.cshtml(44,41): error CS1061: "ReservaEquipo" no contiene una definición para "FechaFin" ni un método de extensión accesible "FechaFin" que acepte un primer argumento del tipo "ReservaEquipo" (¿falta alguna directiva using o una referencia de ensamblado?) [D:\UNIVERSIDAD\PROYECTOS BDD Y DS\Proyecto Integrador\BioUTN\BioUTN.MVC\BioUTN.MVC.csproj]
D:\UNIVERSIDAD\PROYECTOS BDD Y DS\Proyecto Integrador\BioUTN\BioUTN.MVC\Views\ReservaEquipos\Edit.cshtml(45,51): error CS1061: "ReservaEquipo" no contiene una definición para "FechaFin" ni un método de extensión accesible "FechaFin" que acepte un primer argumento del tipo "ReservaEquipo" (¿falta alguna directiva using o una referencia de ensamblado?) [D:\UNIVERSIDAD\PROYECTOS BDD Y DS\Proyecto Integrador\BioUTN\BioUTN.MVC\BioUTN.MVC.csproj]

ERROR al compilar.

D:\UNIVERSIDAD\PROYECTOS BDD Y DS\Proyecto Integrador\BioUTN\BioUTN.API\BioUTN.API.csproj : warning NU1903: El paquete "Microsoft.OpenApi" 2.0.0 tiene una vulnerabilidad de gravedad alta conocida, https://github.com/advisories/GHSA-v5pm-xwqc-g5wc [D:\UNIVERSIDAD\PROYECTOS BDD Y DS\Proyecto Integrador\BioUTN\BioUTN.slnx]
D:\UNIVERSIDAD\PROYECTOS BDD Y DS\Proyecto Integrador\BioUTN\BioUTN.API\BioUTN.API.csproj : warning NU1903: El paquete "Microsoft.OpenApi" 2.0.0 tiene una vulnerabilidad de gravedad alta conocida, https://github.com/advisories/GHSA-v5pm-xwqc-g5wc
D:\UNIVERSIDAD\PROYECTOS BDD Y DS\Proyecto Integrador\BioUTN\BioUTN.API\Controllers\LoteCultivosController.cs(31,44): warning CS8602: Desreferencia de una referencia posiblemente NULL. [D:\UNIVERSIDAD\PROYECTOS BDD Y DS\Proyecto Integrador\BioUTN\BioUTN.API\BioUTN.API.csproj]
D:\UNIVERSIDAD\PROYECTOS BDD Y DS\Proyecto Integrador\BioUTN\BioUTN.API\Controllers\LoteCultivosController.cs(54,44): warning CS8602: Desreferencia de una referencia posiblemente NULL. [D:\UNIVERSIDAD\PROYECTOS BDD Y DS\Proyecto Integrador\BioUTN\BioUTN.API\BioUTN.API.csproj]
D:\UNIVERSIDAD\PROYECTOS BDD Y DS\Proyecto Integrador\BioUTN\BioUTN.MVC\Views\PlantaMadres\Index.cshtml(10,23): warning CS8602: Desreferencia de una referencia posiblemente NULL. [D:\UNIVERSIDAD\PROYECTOS BDD Y DS\Proyecto Integrador\BioUTN\BioUTN.MVC\BioUTN.MVC.csproj]
D:\UNIVERSIDAD\PROYECTOS BDD Y DS\Proyecto Integrador\BioUTN\BioUTN.MVC\Views\PlantaMadres\Index.cshtml(187,58): warning CS8602: Desreferencia de una referencia posiblemente NULL. [D:\UNIVERSIDAD\PROYECTOS BDD Y DS\Proyecto Integrador\BioUTN\BioUTN.MVC\BioUTN.MVC.csproj]
D:\UNIVERSIDAD\PROYECTOS BDD Y DS\Proyecto Integrador\BioUTN\BioUTN.API\Controllers\DocumentosController.cs(29,43): error CS1061: "BioUTNContext" no contiene una definición para "Documentos" ni un método de extensión accesible "Documentos" que acepte un primer argumento del tipo "BioUTNContext" (¿falta alguna directiva using o una referencia de ensamblado?) [D:\UNIVERSIDAD\PROYECTOS BDD Y DS\Proyecto Integrador\BioUTN\BioUTN.API\BioUTN.API.csproj]
D:\UNIVERSIDAD\PROYECTOS BDD Y DS\Proyecto Integrador\BioUTN\BioUTN.API\Controllers\EspeciesController.cs(30,37): error CS1061: "Especie" no contiene una definición para "Familia" ni un método de extensión accesible "Familia" que acepte un primer argumento del tipo "Especie" (¿falta alguna directiva using o una referencia de ensamblado?) [D:\UNIVERSIDAD\PROYECTOS BDD Y DS\Proyecto Integrador\BioUTN\BioUTN.API\BioUTN.API.csproj]
D:\UNIVERSIDAD\PROYECTOS BDD Y DS\Proyecto Integrador\BioUTN\BioUTN.API\Controllers\DocumentosController.cs(44,43): error CS1061: "BioUTNContext" no contiene una definición para "Documentos" ni un método de extensión accesible "Documentos" que acepte un primer argumento del tipo "BioUTNContext" (¿falta alguna directiva using o una referencia de ensamblado?) [D:\UNIVERSIDAD\PROYECTOS BDD Y DS\Proyecto Integrador\BioUTN\BioUTN.API\BioUTN.API.csproj]
D:\UNIVERSIDAD\PROYECTOS BDD Y DS\Proyecto Integrador\BioUTN\BioUTN.API\Controllers\EspeciesController.cs(48,37): error CS1061: "Especie" no contiene una definición para "Familia" ni un método de extensión accesible "Familia" que acepte un primer argumento del tipo "Especie" (¿falta alguna directiva using o una referencia de ensamblado?) [D:\UNIVERSIDAD\PROYECTOS BDD Y DS\Proyecto Integrador\BioUTN\BioUTN.API\BioUTN.API.csproj]
D:\UNIVERSIDAD\PROYECTOS BDD Y DS\Proyecto Integrador\BioUTN\BioUTN.API\Controllers\DocumentosController.cs(98,26): error CS1061: "BioUTNContext" no contiene una definición para "Documentos" ni un método de extensión accesible "Documentos" que acepte un primer argumento del tipo "BioUTNContext" (¿falta alguna directiva using o una referencia de ensamblado?) [D:\UNIVERSIDAD\PROYECTOS BDD Y DS\Proyecto Integrador\BioUTN\BioUTN.API\BioUTN.API.csproj]
D:\UNIVERSIDAD\PROYECTOS BDD Y DS\Proyecto Integrador\BioUTN\BioUTN.API\Controllers\DocumentosController.cs(115,43): error CS1061: "BioUTNContext" no contiene una definición para "Documentos" ni un método de extensión accesible "Documentos" que acepte un primer argumento del tipo "BioUTNContext" (¿falta alguna directiva using o una referencia de ensamblado?) [D:\UNIVERSIDAD\PROYECTOS BDD Y DS\Proyecto Integrador\BioUTN\BioUTN.API\BioUTN.API.csproj]
D:\UNIVERSIDAD\PROYECTOS BDD Y DS\Proyecto Integrador\BioUTN\BioUTN.API\Controllers\DocumentosController.cs(121,26): error CS1061: "BioUTNContext" no contiene una definición para "Documentos" ni un método de extensión accesible "Documentos" que acepte un primer argumento del tipo "BioUTNContext" (¿falta alguna directiva using o una referencia de ensamblado?) [D:\UNIVERSIDAD\PROYECTOS BDD Y DS\Proyecto Integrador\BioUTN\BioUTN.API\BioUTN.API.csproj]
D:\UNIVERSIDAD\PROYECTOS BDD Y DS\Proyecto Integrador\BioUTN\BioUTN.API\Controllers\DocumentosController.cs(134,29): error CS1061: "BioUTNContext" no contiene una definición para "Documentos" ni un método de extensión accesible "Documentos" que acepte un primer argumento del tipo "BioUTNContext" (¿falta alguna directiva using o una referencia de ensamblado?) [D:\UNIVERSIDAD\PROYECTOS BDD Y DS\Proyecto Integrador\BioUTN\BioUTN.API\BioUTN.API.csproj]
D:\UNIVERSIDAD\PROYECTOS BDD Y DS\Proyecto Integrador\BioUTN\BioUTN.API\Controllers\FamiliasController.cs(29,43): error CS1061: "BioUTNContext" no contiene una definición para "Familias" ni un método de extensión accesible "Familias" que acepte un primer argumento del tipo "BioUTNContext" (¿falta alguna directiva using o una referencia de ensamblado?) [D:\UNIVERSIDAD\PROYECTOS BDD Y DS\Proyecto Integrador\BioUTN\BioUTN.API\BioUTN.API.csproj]
D:\UNIVERSIDAD\PROYECTOS BDD Y DS\Proyecto Integrador\BioUTN\BioUTN.API\Controllers\FamiliasController.cs(44,43): error CS1061: "BioUTNContext" no contiene una definición para "Familias" ni un método de extensión accesible "Familias" que acepte un primer argumento del tipo "BioUTNContext" (¿falta alguna directiva using o una referencia de ensamblado?) [D:\UNIVERSIDAD\PROYECTOS BDD Y DS\Proyecto Integrador\BioUTN\BioUTN.API\BioUTN.API.csproj]
D:\UNIVERSIDAD\PROYECTOS BDD Y DS\Proyecto Integrador\BioUTN\BioUTN.API\Controllers\FamiliasController.cs(98,26): error CS1061: "BioUTNContext" no contiene una definición para "Familias" ni un método de extensión accesible "Familias" que acepte un primer argumento del tipo "BioUTNContext" (¿falta alguna directiva using o una referencia de ensamblado?) [D:\UNIVERSIDAD\PROYECTOS BDD Y DS\Proyecto Integrador\BioUTN\BioUTN.API\BioUTN.API.csproj]
D:\UNIVERSIDAD\PROYECTOS BDD Y DS\Proyecto Integrador\BioUTN\BioUTN.API\Controllers\FamiliasController.cs(115,43): error CS1061: "BioUTNContext" no contiene una definición para "Familias" ni un método de extensión accesible "Familias" que acepte un primer argumento del tipo "BioUTNContext" (¿falta alguna directiva using o una referencia de ensamblado?) [D:\UNIVERSIDAD\PROYECTOS BDD Y DS\Proyecto Integrador\BioUTN\BioUTN.API\BioUTN.API.csproj]
D:\UNIVERSIDAD\PROYECTOS BDD Y DS\Proyecto Integrador\BioUTN\BioUTN.API\Controllers\FamiliasController.cs(121,26): error CS1061: "BioUTNContext" no contiene una definición para "Familias" ni un método de extensión accesible "Familias" que acepte un primer argumento del tipo "BioUTNContext" (¿falta alguna directiva using o una referencia de ensamblado?) [D:\UNIVERSIDAD\PROYECTOS BDD Y DS\Proyecto Integrador\BioUTN\BioUTN.API\BioUTN.API.csproj]
D:\UNIVERSIDAD\PROYECTOS BDD Y DS\Proyecto Integrador\BioUTN\BioUTN.API\Controllers\FamiliasController.cs(134,29): error CS1061: "BioUTNContext" no contiene una definición para "Familias" ni un método de extensión accesible "Familias" que acepte un primer argumento del tipo "BioUTNContext" (¿falta alguna directiva using o una referencia de ensamblado?) [D:\UNIVERSIDAD\PROYECTOS BDD Y DS\Proyecto Integrador\BioUTN\BioUTN.API\BioUTN.API.csproj]
D:\UNIVERSIDAD\PROYECTOS BDD Y DS\Proyecto Integrador\BioUTN\BioUTN.API\Controllers\LoteCultivosController.cs(36,39): error CS1061: "LoteCultivo" no contiene una definición para "TipoCultivo" ni un método de extensión accesible "TipoCultivo" que acepte un primer argumento del tipo "LoteCultivo" (¿falta alguna directiva using o una referencia de ensamblado?) [D:\UNIVERSIDAD\PROYECTOS BDD Y DS\Proyecto Integrador\BioUTN\BioUTN.API\BioUTN.API.csproj]
D:\UNIVERSIDAD\PROYECTOS BDD Y DS\Proyecto Integrador\BioUTN\BioUTN.API\Controllers\LoteCultivosController.cs(59,39): error CS1061: "LoteCultivo" no contiene una definición para "TipoCultivo" ni un método de extensión accesible "TipoCultivo" que acepte un primer argumento del tipo "LoteCultivo" (¿falta alguna directiva using o una referencia de ensamblado?) [D:\UNIVERSIDAD\PROYECTOS BDD Y DS\Proyecto Integrador\BioUTN\BioUTN.API\BioUTN.API.csproj]
D:\UNIVERSIDAD\PROYECTOS BDD Y DS\Proyecto Integrador\BioUTN\BioUTN.API\Controllers\TipoCultivosController.cs(29,43): error CS1061: "BioUTNContext" no contiene una definición para "TiposCultivo" ni un método de extensión accesible "TiposCultivo" que acepte un primer argumento del tipo "BioUTNContext" (¿falta alguna directiva using o una referencia de ensamblado?) [D:\UNIVERSIDAD\PROYECTOS BDD Y DS\Proyecto Integrador\BioUTN\BioUTN.API\BioUTN.API.csproj]
D:\UNIVERSIDAD\PROYECTOS BDD Y DS\Proyecto Integrador\BioUTN\BioUTN.API\Controllers\TipoCultivosController.cs(44,43): error CS1061: "BioUTNContext" no contiene una definición para "TiposCultivo" ni un método de extensión accesible "TiposCultivo" que acepte un primer argumento del tipo "BioUTNContext" (¿falta alguna directiva using o una referencia de ensamblado?) [D:\UNIVERSIDAD\PROYECTOS BDD Y DS\Proyecto Integrador\BioUTN\BioUTN.API\BioUTN.API.csproj]
D:\UNIVERSIDAD\PROYECTOS BDD Y DS\Proyecto Integrador\BioUTN\BioUTN.API\Controllers\TipoCultivosController.cs(98,26): error CS1061: "BioUTNContext" no contiene una definición para "TiposCultivo" ni un método de extensión accesible "TiposCultivo" que acepte un primer argumento del tipo "BioUTNContext" (¿falta alguna directiva using o una referencia de ensamblado?) [D:\UNIVERSIDAD\PROYECTOS BDD Y DS\Proyecto Integrador\BioUTN\BioUTN.API\BioUTN.API.csproj]
D:\UNIVERSIDAD\PROYECTOS BDD Y DS\Proyecto Integrador\BioUTN\BioUTN.API\Controllers\TipoCultivosController.cs(115,43): error CS1061: "BioUTNContext" no contiene una definición para "TiposCultivo" ni un método de extensión accesible "TiposCultivo" que acepte un primer argumento del tipo "BioUTNContext" (¿falta alguna directiva using o una referencia de ensamblado?) [D:\UNIVERSIDAD\PROYECTOS BDD Y DS\Proyecto Integrador\BioUTN\BioUTN.API\BioUTN.API.csproj]
D:\UNIVERSIDAD\PROYECTOS BDD Y DS\Proyecto Integrador\BioUTN\BioUTN.API\Controllers\TipoCultivosController.cs(121,26): error CS1061: "BioUTNContext" no contiene una definición para "TiposCultivo" ni un método de extensión accesible "TiposCultivo" que acepte un primer argumento del tipo "BioUTNContext" (¿falta alguna directiva using o una referencia de ensamblado?) [D:\UNIVERSIDAD\PROYECTOS BDD Y DS\Proyecto Integrador\BioUTN\BioUTN.API\BioUTN.API.csproj]
D:\UNIVERSIDAD\PROYECTOS BDD Y DS\Proyecto Integrador\BioUTN\BioUTN.API\Controllers\TipoCultivosController.cs(134,29): error CS1061: "BioUTNContext" no contiene una definición para "TiposCultivo" ni un método de extensión accesible "TiposCultivo" que acepte un primer argumento del tipo "BioUTNContext" (¿falta alguna directiva using o una referencia de ensamblado?) [D:\UNIVERSIDAD\PROYECTOS BDD Y DS\Proyecto Integrador\BioUTN\BioUTN.API\BioUTN.API.csproj]
D:\UNIVERSIDAD\PROYECTOS BDD Y DS\Proyecto Integrador\BioUTN\BioUTN.API\Controllers\ProyectoUsuariosController.cs(29,43): error CS1061: "BioUTNContext" no contiene una definición para "ProyectosUsuarios" ni un método de extensión accesible "ProyectosUsuarios" que acepte un primer argumento del tipo "BioUTNContext" (¿falta alguna directiva using o una referencia de ensamblado?) [D:\UNIVERSIDAD\PROYECTOS BDD Y DS\Proyecto Integrador\BioUTN\BioUTN.API\BioUTN.API.csproj]
D:\UNIVERSIDAD\PROYECTOS BDD Y DS\Proyecto Integrador\BioUTN\BioUTN.API\Controllers\ProyectoUsuariosController.cs(44,43): error CS1061: "BioUTNContext" no contiene una definición para "ProyectosUsuarios" ni un método de extensión accesible "ProyectosUsuarios" que acepte un primer argumento del tipo "BioUTNContext" (¿falta alguna directiva using o una referencia de ensamblado?) [D:\UNIVERSIDAD\PROYECTOS BDD Y DS\Proyecto Integrador\BioUTN\BioUTN.API\BioUTN.API.csproj]
D:\UNIVERSIDAD\PROYECTOS BDD Y DS\Proyecto Integrador\BioUTN\BioUTN.API\Controllers\ProyectoUsuariosController.cs(98,26): error CS1061: "BioUTNContext" no contiene una definición para "ProyectosUsuarios" ni un método de extensión accesible "ProyectosUsuarios" que acepte un primer argumento del tipo "BioUTNContext" (¿falta alguna directiva using o una referencia de ensamblado?) [D:\UNIVERSIDAD\PROYECTOS BDD Y DS\Proyecto Integrador\BioUTN\BioUTN.API\BioUTN.API.csproj]
D:\UNIVERSIDAD\PROYECTOS BDD Y DS\Proyecto Integrador\BioUTN\BioUTN.API\Controllers\ProyectoUsuariosController.cs(115,43): error CS1061: "BioUTNContext" no contiene una definición para "ProyectosUsuarios" ni un método de extensión accesible "ProyectosUsuarios" que acepte un primer argumento del tipo "BioUTNContext" (¿falta alguna directiva using o una referencia de ensamblado?) [D:\UNIVERSIDAD\PROYECTOS BDD Y DS\Proyecto Integrador\BioUTN\BioUTN.API\BioUTN.API.csproj]
D:\UNIVERSIDAD\PROYECTOS BDD Y DS\Proyecto Integrador\BioUTN\BioUTN.API\Controllers\ProyectoUsuariosController.cs(121,26): error CS1061: "BioUTNContext" no contiene una definición para "ProyectosUsuarios" ni un método de extensión accesible "ProyectosUsuarios" que acepte un primer argumento del tipo "BioUTNContext" (¿falta alguna directiva using o una referencia de ensamblado?) [D:\UNIVERSIDAD\PROYECTOS BDD Y DS\Proyecto Integrador\BioUTN\BioUTN.API\BioUTN.API.csproj]
D:\UNIVERSIDAD\PROYECTOS BDD Y DS\Proyecto Integrador\BioUTN\BioUTN.API\Controllers\ProyectoUsuariosController.cs(134,29): error CS1061: "BioUTNContext" no contiene una definición para "ProyectosUsuarios" ni un método de extensión accesible "ProyectosUsuarios" que acepte un primer argumento del tipo "BioUTNContext" (¿falta alguna directiva using o una referencia de ensamblado?) [D:\UNIVERSIDAD\PROYECTOS BDD Y DS\Proyecto Integrador\BioUTN\BioUTN.API\BioUTN.API.csproj]
D:\UNIVERSIDAD\PROYECTOS BDD Y DS\Proyecto Integrador\BioUTN\BioUTN.MVC\Controllers\UsuariosController.cs(18,28): error CS0103: El nombre 'Crud' no existe en el contexto actual [D:\UNIVERSIDAD\PROYECTOS BDD Y DS\Proyecto Integrador\BioUTN\BioUTN.MVC\BioUTN.MVC.csproj]
D:\UNIVERSIDAD\PROYECTOS BDD Y DS\Proyecto Integrador\BioUTN\BioUTN.MVC\Controllers\UsuariosController.cs(43,21): error CS0103: El nombre 'Crud' no existe en el contexto actual [D:\UNIVERSIDAD\PROYECTOS BDD Y DS\Proyecto Integrador\BioUTN\BioUTN.MVC\BioUTN.MVC.csproj]
D:\UNIVERSIDAD\PROYECTOS BDD Y DS\Proyecto Integrador\BioUTN\BioUTN.MVC\Controllers\UsuariosController.cs(60,28): error CS0103: El nombre 'Crud' no existe en el contexto actual [D:\UNIVERSIDAD\PROYECTOS BDD Y DS\Proyecto Integrador\BioUTN\BioUTN.MVC\BioUTN.MVC.csproj]
D:\UNIVERSIDAD\PROYECTOS BDD Y DS\Proyecto Integrador\BioUTN\BioUTN.MVC\Controllers\UsuariosController.cs(83,21): error CS0103: El nombre 'Crud' no existe en el contexto actual [D:\UNIVERSIDAD\PROYECTOS BDD Y DS\Proyecto Integrador\BioUTN\BioUTN.MVC\BioUTN.MVC.csproj]
D:\UNIVERSIDAD\PROYECTOS BDD Y DS\Proyecto Integrador\BioUTN\BioUTN.MVC\Controllers\UsuariosController.cs(100,28): error CS0103: El nombre 'Crud' no existe en el contexto actual [D:\UNIVERSIDAD\PROYECTOS BDD Y DS\Proyecto Integrador\BioUTN\BioUTN.MVC\BioUTN.MVC.csproj]
D:\UNIVERSIDAD\PROYECTOS BDD Y DS\Proyecto Integrador\BioUTN\BioUTN.MVC\Controllers\UsuariosController.cs(119,17): error CS0103: El nombre 'Crud' no existe en el contexto actual [D:\UNIVERSIDAD\PROYECTOS BDD Y DS\Proyecto Integrador\BioUTN\BioUTN.MVC\BioUTN.MVC.csproj]
D:\UNIVERSIDAD\PROYECTOS BDD Y DS\Proyecto Integrador\BioUTN\BioUTN.MVC\Controllers\UbicacionFisicasController.cs(18,28): error CS0103: El nombre 'Crud' no existe en el contexto actual [D:\UNIVERSIDAD\PROYECTOS BDD Y DS\Proyecto Integrador\BioUTN\BioUTN.MVC\BioUTN.MVC.csproj]
D:\UNIVERSIDAD\PROYECTOS BDD Y DS\Proyecto Integrador\BioUTN\BioUTN.MVC\Program.cs(36,13): error CS0103: El nombre 'Crud' no existe en el contexto actual [D:\UNIVERSIDAD\PROYECTOS BDD Y DS\Proyecto Integrador\BioUTN\BioUTN.MVC\BioUTN.MVC.csproj]
D:\UNIVERSIDAD\PROYECTOS BDD Y DS\Proyecto Integrador\BioUTN\BioUTN.MVC\Program.cs(37,13): error CS0103: El nombre 'Crud' no existe en el contexto actual [D:\UNIVERSIDAD\PROYECTOS BDD Y DS\Proyecto Integrador\BioUTN\BioUTN.MVC\BioUTN.MVC.csproj]
D:\UNIVERSIDAD\PROYECTOS BDD Y DS\Proyecto Integrador\BioUTN\BioUTN.MVC\Program.cs(38,13): error CS0103: El nombre 'Crud' no existe en el contexto actual [D:\UNIVERSIDAD\PROYECTOS BDD Y DS\Proyecto Integrador\BioUTN\BioUTN.MVC\BioUTN.MVC.csproj]
D:\UNIVERSIDAD\PROYECTOS BDD Y DS\Proyecto Integrador\BioUTN\BioUTN.MVC\Program.cs(39,13): error CS0103: El nombre 'Crud' no existe en el contexto actual [D:\UNIVERSIDAD\PROYECTOS BDD Y DS\Proyecto Integrador\BioUTN\BioUTN.MVC\BioUTN.MVC.csproj]
D:\UNIVERSIDAD\PROYECTOS BDD Y DS\Proyecto Integrador\BioUTN\BioUTN.MVC\Program.cs(40,13): error CS0103: El nombre 'Crud' no existe en el contexto actual [D:\UNIVERSIDAD\PROYECTOS BDD Y DS\Proyecto Integrador\BioUTN\BioUTN.MVC\BioUTN.MVC.csproj]
D:\UNIVERSIDAD\PROYECTOS BDD Y DS\Proyecto Integrador\BioUTN\BioUTN.MVC\Program.cs(41,13): error CS0103: El nombre 'Crud' no existe en el contexto actual [D:\UNIVERSIDAD\PROYECTOS BDD Y DS\Proyecto Integrador\BioUTN\BioUTN.MVC\BioUTN.MVC.csproj]
D:\UNIVERSIDAD\PROYECTOS BDD Y DS\Proyecto Integrador\BioUTN\BioUTN.MVC\Program.cs(42,13): error CS0103: El nombre 'Crud' no existe en el contexto actual [D:\UNIVERSIDAD\PROYECTOS BDD Y DS\Proyecto Integrador\BioUTN\BioUTN.MVC\BioUTN.MVC.csproj]
D:\UNIVERSIDAD\PROYECTOS BDD Y DS\Proyecto Integrador\BioUTN\BioUTN.MVC\Program.cs(43,13): error CS0103: El nombre 'Crud' no existe en el contexto actual [D:\UNIVERSIDAD\PROYECTOS BDD Y DS\Proyecto Integrador\BioUTN\BioUTN.MVC\BioUTN.MVC.csproj]
D:\UNIVERSIDAD\PROYECTOS BDD Y DS\Proyecto Integrador\BioUTN\BioUTN.MVC\Program.cs(44,13): error CS0103: El nombre 'Crud' no existe en el contexto actual [D:\UNIVERSIDAD\PROYECTOS BDD Y DS\Proyecto Integrador\BioUTN\BioUTN.MVC\BioUTN.MVC.csproj]
D:\UNIVERSIDAD\PROYECTOS BDD Y DS\Proyecto Integrador\BioUTN\BioUTN.MVC\Program.cs(45,13): error CS0103: El nombre 'Crud' no existe en el contexto actual [D:\UNIVERSIDAD\PROYECTOS BDD Y DS\Proyecto Integrador\BioUTN\BioUTN.MVC\BioUTN.MVC.csproj]
D:\UNIVERSIDAD\PROYECTOS BDD Y DS\Proyecto Integrador\BioUTN\BioUTN.MVC\Program.cs(46,13): error CS0103: El nombre 'Crud' no existe en el contexto actual [D:\UNIVERSIDAD\PROYECTOS BDD Y DS\Proyecto Integrador\BioUTN\BioUTN.MVC\BioUTN.MVC.csproj]
D:\UNIVERSIDAD\PROYECTOS BDD Y DS\Proyecto Integrador\BioUTN\BioUTN.MVC\Program.cs(47,13): error CS0103: El nombre 'Crud' no existe en el contexto actual [D:\UNIVERSIDAD\PROYECTOS BDD Y DS\Proyecto Integrador\BioUTN\BioUTN.MVC\BioUTN.MVC.csproj]
D:\UNIVERSIDAD\PROYECTOS BDD Y DS\Proyecto Integrador\BioUTN\BioUTN.MVC\Program.cs(48,13): error CS0103: El nombre 'Crud' no existe en el contexto actual [D:\UNIVERSIDAD\PROYECTOS BDD Y DS\Proyecto Integrador\BioUTN\BioUTN.MVC\BioUTN.MVC.csproj]
D:\UNIVERSIDAD\PROYECTOS BDD Y DS\Proyecto Integrador\BioUTN\BioUTN.MVC\Program.cs(49,13): error CS0103: El nombre 'Crud' no existe en el contexto actual [D:\UNIVERSIDAD\PROYECTOS BDD Y DS\Proyecto Integrador\BioUTN\BioUTN.MVC\BioUTN.MVC.csproj]
D:\UNIVERSIDAD\PROYECTOS BDD Y DS\Proyecto Integrador\BioUTN\BioUTN.MVC\Program.cs(50,13): error CS0103: El nombre 'Crud' no existe en el contexto actual [D:\UNIVERSIDAD\PROYECTOS BDD Y DS\Proyecto Integrador\BioUTN\BioUTN.MVC\BioUTN.MVC.csproj]
D:\UNIVERSIDAD\PROYECTOS BDD Y DS\Proyecto Integrador\BioUTN\BioUTN.MVC\Program.cs(51,13): error CS0103: El nombre 'Crud' no existe en el contexto actual [D:\UNIVERSIDAD\PROYECTOS BDD Y DS\Proyecto Integrador\BioUTN\BioUTN.MVC\BioUTN.MVC.csproj]
D:\UNIVERSIDAD\PROYECTOS BDD Y DS\Proyecto Integrador\BioUTN\BioUTN.MVC\Program.cs(52,13): error CS0103: El nombre 'Crud' no existe en el contexto actual [D:\UNIVERSIDAD\PROYECTOS BDD Y DS\Proyecto Integrador\BioUTN\BioUTN.MVC\BioUTN.MVC.csproj]
D:\UNIVERSIDAD\PROYECTOS BDD Y DS\Proyecto Integrador\BioUTN\BioUTN.MVC\Program.cs(53,13): error CS0103: El nombre 'Crud' no existe en el contexto actual [D:\UNIVERSIDAD\PROYECTOS BDD Y DS\Proyecto Integrador\BioUTN\BioUTN.MVC\BioUTN.MVC.csproj]
D:\UNIVERSIDAD\PROYECTOS BDD Y DS\Proyecto Integrador\BioUTN\BioUTN.MVC\Program.cs(54,13): error CS0103: El nombre 'Crud' no existe en el contexto actual [D:\UNIVERSIDAD\PROYECTOS BDD Y DS\Proyecto Integrador\BioUTN\BioUTN.MVC\BioUTN.MVC.csproj]
D:\UNIVERSIDAD\PROYECTOS BDD Y DS\Proyecto Integrador\BioUTN\BioUTN.MVC\Program.cs(55,13): error CS0103: El nombre 'Crud' no existe en el contexto actual [D:\UNIVERSIDAD\PROYECTOS BDD Y DS\Proyecto Integrador\BioUTN\BioUTN.MVC\BioUTN.MVC.csproj]
D:\UNIVERSIDAD\PROYECTOS BDD Y DS\Proyecto Integrador\BioUTN\BioUTN.MVC\Program.cs(56,13): error CS0103: El nombre 'Crud' no existe en el contexto actual [D:\UNIVERSIDAD\PROYECTOS BDD Y DS\Proyecto Integrador\BioUTN\BioUTN.MVC\BioUTN.MVC.csproj]
D:\UNIVERSIDAD\PROYECTOS BDD Y DS\Proyecto Integrador\BioUTN\BioUTN.MVC\Program.cs(57,13): error CS0103: El nombre 'Crud' no existe en el contexto actual [D:\UNIVERSIDAD\PROYECTOS BDD Y DS\Proyecto Integrador\BioUTN\BioUTN.MVC\BioUTN.MVC.csproj]
D:\UNIVERSIDAD\PROYECTOS BDD Y DS\Proyecto Integrador\BioUTN\BioUTN.MVC\Controllers\UbicacionFisicasController.cs(43,21): error CS0103: El nombre 'Crud' no existe en el contexto actual [D:\UNIVERSIDAD\PROYECTOS BDD Y DS\Proyecto Integrador\BioUTN\BioUTN.MVC\BioUTN.MVC.csproj]
D:\UNIVERSIDAD\PROYECTOS BDD Y DS\Proyecto Integrador\BioUTN\BioUTN.MVC\Controllers\UbicacionFisicasController.cs(60,28): error CS0103: El nombre 'Crud' no existe en el contexto actual [D:\UNIVERSIDAD\PROYECTOS BDD Y DS\Proyecto Integrador\BioUTN\BioUTN.MVC\BioUTN.MVC.csproj]
D:\UNIVERSIDAD\PROYECTOS BDD Y DS\Proyecto Integrador\BioUTN\BioUTN.MVC\Controllers\UbicacionFisicasController.cs(83,21): error CS0103: El nombre 'Crud' no existe en el contexto actual [D:\UNIVERSIDAD\PROYECTOS BDD Y DS\Proyecto Integrador\BioUTN\BioUTN.MVC\BioUTN.MVC.csproj]
D:\UNIVERSIDAD\PROYECTOS BDD Y DS\Proyecto Integrador\BioUTN\BioUTN.MVC\Controllers\UbicacionFisicasController.cs(100,28): error CS0103: El nombre 'Crud' no existe en el contexto actual [D:\UNIVERSIDAD\PROYECTOS BDD Y DS\Proyecto Integrador\BioUTN\BioUTN.MVC\BioUTN.MVC.csproj]
D:\UNIVERSIDAD\PROYECTOS BDD Y DS\Proyecto Integrador\BioUTN\BioUTN.MVC\Controllers\UbicacionFisicasController.cs(119,17): error CS0103: El nombre 'Crud' no existe en el contexto actual [D:\UNIVERSIDAD\PROYECTOS BDD Y DS\Proyecto Integrador\BioUTN\BioUTN.MVC\BioUTN.MVC.csproj]
D:\UNIVERSIDAD\PROYECTOS BDD Y DS\Proyecto Integrador\BioUTN\BioUTN.MVC\Controllers\TipoPlantasController.cs(18,28): error CS0103: El nombre 'Crud' no existe en el contexto actual [D:\UNIVERSIDAD\PROYECTOS BDD Y DS\Proyecto Integrador\BioUTN\BioUTN.MVC\BioUTN.MVC.csproj]
D:\UNIVERSIDAD\PROYECTOS BDD Y DS\Proyecto Integrador\BioUTN\BioUTN.MVC\Controllers\TipoPlantasController.cs(43,21): error CS0103: El nombre 'Crud' no existe en el contexto actual [D:\UNIVERSIDAD\PROYECTOS BDD Y DS\Proyecto Integrador\BioUTN\BioUTN.MVC\BioUTN.MVC.csproj]
D:\UNIVERSIDAD\PROYECTOS BDD Y DS\Proyecto Integrador\BioUTN\BioUTN.MVC\Controllers\TipoPlantasController.cs(60,28): error CS0103: El nombre 'Crud' no existe en el contexto actual [D:\UNIVERSIDAD\PROYECTOS BDD Y DS\Proyecto Integrador\BioUTN\BioUTN.MVC\BioUTN.MVC.csproj]
D:\UNIVERSIDAD\PROYECTOS BDD Y DS\Proyecto Integrador\BioUTN\BioUTN.MVC\Controllers\TipoPlantasController.cs(83,21): error CS0103: El nombre 'Crud' no existe en el contexto actual [D:\UNIVERSIDAD\PROYECTOS BDD Y DS\Proyecto Integrador\BioUTN\BioUTN.MVC\BioUTN.MVC.csproj]
D:\UNIVERSIDAD\PROYECTOS BDD Y DS\Proyecto Integrador\BioUTN\BioUTN.MVC\Controllers\TipoPlantasController.cs(100,28): error CS0103: El nombre 'Crud' no existe en el contexto actual [D:\UNIVERSIDAD\PROYECTOS BDD Y DS\Proyecto Integrador\BioUTN\BioUTN.MVC\BioUTN.MVC.csproj]
D:\UNIVERSIDAD\PROYECTOS BDD Y DS\Proyecto Integrador\BioUTN\BioUTN.MVC\Controllers\TipoPlantasController.cs(119,17): error CS0103: El nombre 'Crud' no existe en el contexto actual [D:\UNIVERSIDAD\PROYECTOS BDD Y DS\Proyecto Integrador\BioUTN\BioUTN.MVC\BioUTN.MVC.csproj]
D:\UNIVERSIDAD\PROYECTOS BDD Y DS\Proyecto Integrador\BioUTN\BioUTN.MVC\Controllers\TipoIdentificacionsController.cs(18,28): error CS0103: El nombre 'Crud' no existe en el contexto actual [D:\UNIVERSIDAD\PROYECTOS BDD Y DS\Proyecto Integrador\BioUTN\BioUTN.MVC\BioUTN.MVC.csproj]
D:\UNIVERSIDAD\PROYECTOS BDD Y DS\Proyecto Integrador\BioUTN\BioUTN.MVC\Controllers\TipoIdentificacionsController.cs(43,21): error CS0103: El nombre 'Crud' no existe en el contexto actual [D:\UNIVERSIDAD\PROYECTOS BDD Y DS\Proyecto Integrador\BioUTN\BioUTN.MVC\BioUTN.MVC.csproj]
D:\UNIVERSIDAD\PROYECTOS BDD Y DS\Proyecto Integrador\BioUTN\BioUTN.MVC\Controllers\TipoIdentificacionsController.cs(60,28): error CS0103: El nombre 'Crud' no existe en el contexto actual [D:\UNIVERSIDAD\PROYECTOS BDD Y DS\Proyecto Integrador\BioUTN\BioUTN.MVC\BioUTN.MVC.csproj]
D:\UNIVERSIDAD\PROYECTOS BDD Y DS\Proyecto Integrador\BioUTN\BioUTN.MVC\Controllers\TipoIdentificacionsController.cs(83,21): error CS0103: El nombre 'Crud' no existe en el contexto actual [D:\UNIVERSIDAD\PROYECTOS BDD Y DS\Proyecto Integrador\BioUTN\BioUTN.MVC\BioUTN.MVC.csproj]
D:\UNIVERSIDAD\PROYECTOS BDD Y DS\Proyecto Integrador\BioUTN\BioUTN.MVC\Controllers\TipoIdentificacionsController.cs(100,28): error CS0103: El nombre 'Crud' no existe en el contexto actual [D:\UNIVERSIDAD\PROYECTOS BDD Y DS\Proyecto Integrador\BioUTN\BioUTN.MVC\BioUTN.MVC.csproj]
D:\UNIVERSIDAD\PROYECTOS BDD Y DS\Proyecto Integrador\BioUTN\BioUTN.MVC\Controllers\TipoIdentificacionsController.cs(119,17): error CS0103: El nombre 'Crud' no existe en el contexto actual [D:\UNIVERSIDAD\PROYECTOS BDD Y DS\Proyecto Integrador\BioUTN\BioUTN.MVC\BioUTN.MVC.csproj]
D:\UNIVERSIDAD\PROYECTOS BDD Y DS\Proyecto Integrador\BioUTN\BioUTN.MVC\Controllers\DocumentosController.cs(18,28): error CS0103: El nombre 'Crud' no existe en el contexto actual [D:\UNIVERSIDAD\PROYECTOS BDD Y DS\Proyecto Integrador\BioUTN\BioUTN.MVC\BioUTN.MVC.csproj]
D:\UNIVERSIDAD\PROYECTOS BDD Y DS\Proyecto Integrador\BioUTN\BioUTN.MVC\Controllers\DocumentosController.cs(43,21): error CS0103: El nombre 'Crud' no existe en el contexto actual [D:\UNIVERSIDAD\PROYECTOS BDD Y DS\Proyecto Integrador\BioUTN\BioUTN.MVC\BioUTN.MVC.csproj]
D:\UNIVERSIDAD\PROYECTOS BDD Y DS\Proyecto Integrador\BioUTN\BioUTN.MVC\Controllers\AccountController.cs(88,33): error CS0234: El tipo o el nombre del espacio de nombres 'Crud' no existe en el espacio de nombres 'BioUTN.ApiConsumer' (¿falta alguna referencia de ensamblado?) [D:\UNIVERSIDAD\PROYECTOS BDD Y DS\Proyecto Integrador\BioUTN\BioUTN.MVC\BioUTN.MVC.csproj]
D:\UNIVERSIDAD\PROYECTOS BDD Y DS\Proyecto Integrador\BioUTN\BioUTN.MVC\Controllers\AccountController.cs(89,47): error CS0234: El tipo o el nombre del espacio de nombres 'Crud' no existe en el espacio de nombres 'BioUTN.ApiConsumer' (¿falta alguna referencia de ensamblado?) [D:\UNIVERSIDAD\PROYECTOS BDD Y DS\Proyecto Integrador\BioUTN\BioUTN.MVC\BioUTN.MVC.csproj]
D:\UNIVERSIDAD\PROYECTOS BDD Y DS\Proyecto Integrador\BioUTN\BioUTN.MVC\Controllers\AccountController.cs(90,35): error CS0234: El tipo o el nombre del espacio de nombres 'Crud' no existe en el espacio de nombres 'BioUTN.ApiConsumer' (¿falta alguna referencia de ensamblado?) [D:\UNIVERSIDAD\PROYECTOS BDD Y DS\Proyecto Integrador\BioUTN\BioUTN.MVC\BioUTN.MVC.csproj]
D:\UNIVERSIDAD\PROYECTOS BDD Y DS\Proyecto Integrador\BioUTN\BioUTN.MVC\Controllers\TipoCultivosController.cs(18,28): error CS0103: El nombre 'Crud' no existe en el contexto actual [D:\UNIVERSIDAD\PROYECTOS BDD Y DS\Proyecto Integrador\BioUTN\BioUTN.MVC\BioUTN.MVC.csproj]
D:\UNIVERSIDAD\PROYECTOS BDD Y DS\Proyecto Integrador\BioUTN\BioUTN.MVC\Controllers\DocumentosController.cs(60,28): error CS0103: El nombre 'Crud' no existe en el contexto actual [D:\UNIVERSIDAD\PROYECTOS BDD Y DS\Proyecto Integrador\BioUTN\BioUTN.MVC\BioUTN.MVC.csproj]
D:\UNIVERSIDAD\PROYECTOS BDD Y DS\Proyecto Integrador\BioUTN\BioUTN.MVC\Controllers\DocumentosController.cs(83,21): error CS0103: El nombre 'Crud' no existe en el contexto actual [D:\UNIVERSIDAD\PROYECTOS BDD Y DS\Proyecto Integrador\BioUTN\BioUTN.MVC\BioUTN.MVC.csproj]
D:\UNIVERSIDAD\PROYECTOS BDD Y DS\Proyecto Integrador\BioUTN\BioUTN.MVC\Controllers\AccountController.cs(118,21): error CS0234: El tipo o el nombre del espacio de nombres 'Crud' no existe en el espacio de nombres 'BioUTN.ApiConsumer' (¿falta alguna referencia de ensamblado?) [D:\UNIVERSIDAD\PROYECTOS BDD Y DS\Proyecto Integrador\BioUTN\BioUTN.MVC\BioUTN.MVC.csproj]
D:\UNIVERSIDAD\PROYECTOS BDD Y DS\Proyecto Integrador\BioUTN\BioUTN.MVC\Controllers\AccountController.cs(130,33): error CS0234: El tipo o el nombre del espacio de nombres 'Crud' no existe en el espacio de nombres 'BioUTN.ApiConsumer' (¿falta alguna referencia de ensamblado?) [D:\UNIVERSIDAD\PROYECTOS BDD Y DS\Proyecto Integrador\BioUTN\BioUTN.MVC\BioUTN.MVC.csproj]
D:\UNIVERSIDAD\PROYECTOS BDD Y DS\Proyecto Integrador\BioUTN\BioUTN.MVC\Controllers\AccountController.cs(131,47): error CS0234: El tipo o el nombre del espacio de nombres 'Crud' no existe en el espacio de nombres 'BioUTN.ApiConsumer' (¿falta alguna referencia de ensamblado?) [D:\UNIVERSIDAD\PROYECTOS BDD Y DS\Proyecto Integrador\BioUTN\BioUTN.MVC\BioUTN.MVC.csproj]
D:\UNIVERSIDAD\PROYECTOS BDD Y DS\Proyecto Integrador\BioUTN\BioUTN.MVC\Controllers\AccountController.cs(132,35): error CS0234: El tipo o el nombre del espacio de nombres 'Crud' no existe en el espacio de nombres 'BioUTN.ApiConsumer' (¿falta alguna referencia de ensamblado?) [D:\UNIVERSIDAD\PROYECTOS BDD Y DS\Proyecto Integrador\BioUTN\BioUTN.MVC\BioUTN.MVC.csproj]
D:\UNIVERSIDAD\PROYECTOS BDD Y DS\Proyecto Integrador\BioUTN\BioUTN.MVC\Controllers\DocumentosController.cs(100,28): error CS0103: El nombre 'Crud' no existe en el contexto actual [D:\UNIVERSIDAD\PROYECTOS BDD Y DS\Proyecto Integrador\BioUTN\BioUTN.MVC\BioUTN.MVC.csproj]
D:\UNIVERSIDAD\PROYECTOS BDD Y DS\Proyecto Integrador\BioUTN\BioUTN.MVC\Controllers\TipoCultivosController.cs(43,21): error CS0103: El nombre 'Crud' no existe en el contexto actual [D:\UNIVERSIDAD\PROYECTOS BDD Y DS\Proyecto Integrador\BioUTN\BioUTN.MVC\BioUTN.MVC.csproj]
D:\UNIVERSIDAD\PROYECTOS BDD Y DS\Proyecto Integrador\BioUTN\BioUTN.MVC\Controllers\DocumentosController.cs(119,17): error CS0103: El nombre 'Crud' no existe en el contexto actual [D:\UNIVERSIDAD\PROYECTOS BDD Y DS\Proyecto Integrador\BioUTN\BioUTN.MVC\BioUTN.MVC.csproj]
D:\UNIVERSIDAD\PROYECTOS BDD Y DS\Proyecto Integrador\BioUTN\BioUTN.MVC\Controllers\EquiposController.cs(18,28): error CS0103: El nombre 'Crud' no existe en el contexto actual [D:\UNIVERSIDAD\PROYECTOS BDD Y DS\Proyecto Integrador\BioUTN\BioUTN.MVC\BioUTN.MVC.csproj]
D:\UNIVERSIDAD\PROYECTOS BDD Y DS\Proyecto Integrador\BioUTN\BioUTN.MVC\Controllers\TipoCultivosController.cs(60,28): error CS0103: El nombre 'Crud' no existe en el contexto actual [D:\UNIVERSIDAD\PROYECTOS BDD Y DS\Proyecto Integrador\BioUTN\BioUTN.MVC\BioUTN.MVC.csproj]
D:\UNIVERSIDAD\PROYECTOS BDD Y DS\Proyecto Integrador\BioUTN\BioUTN.MVC\Controllers\EquiposController.cs(43,21): error CS0103: El nombre 'Crud' no existe en el contexto actual [D:\UNIVERSIDAD\PROYECTOS BDD Y DS\Proyecto Integrador\BioUTN\BioUTN.MVC\BioUTN.MVC.csproj]
D:\UNIVERSIDAD\PROYECTOS BDD Y DS\Proyecto Integrador\BioUTN\BioUTN.MVC\Controllers\TipoCultivosController.cs(83,21): error CS0103: El nombre 'Crud' no existe en el contexto actual [D:\UNIVERSIDAD\PROYECTOS BDD Y DS\Proyecto Integrador\BioUTN\BioUTN.MVC\BioUTN.MVC.csproj]
D:\UNIVERSIDAD\PROYECTOS BDD Y DS\Proyecto Integrador\BioUTN\BioUTN.MVC\Controllers\EquiposController.cs(60,28): error CS0103: El nombre 'Crud' no existe en el contexto actual [D:\UNIVERSIDAD\PROYECTOS BDD Y DS\Proyecto Integrador\BioUTN\BioUTN.MVC\BioUTN.MVC.csproj]
D:\UNIVERSIDAD\PROYECTOS BDD Y DS\Proyecto Integrador\BioUTN\BioUTN.MVC\Controllers\TipoCultivosController.cs(100,28): error CS0103: El nombre 'Crud' no existe en el contexto actual [D:\UNIVERSIDAD\PROYECTOS BDD Y DS\Proyecto Integrador\BioUTN\BioUTN.MVC\BioUTN.MVC.csproj]
D:\UNIVERSIDAD\PROYECTOS BDD Y DS\Proyecto Integrador\BioUTN\BioUTN.MVC\Controllers\EquiposController.cs(83,21): error CS0103: El nombre 'Crud' no existe en el contexto actual [D:\UNIVERSIDAD\PROYECTOS BDD Y DS\Proyecto Integrador\BioUTN\BioUTN.MVC\BioUTN.MVC.csproj]
D:\UNIVERSIDAD\PROYECTOS BDD Y DS\Proyecto Integrador\BioUTN\BioUTN.MVC\Controllers\TipoCultivosController.cs(119,17): error CS0103: El nombre 'Crud' no existe en el contexto actual [D:\UNIVERSIDAD\PROYECTOS BDD Y DS\Proyecto Integrador\BioUTN\BioUTN.MVC\BioUTN.MVC.csproj]
D:\UNIVERSIDAD\PROYECTOS BDD Y DS\Proyecto Integrador\BioUTN\BioUTN.MVC\Controllers\EquiposController.cs(100,28): error CS0103: El nombre 'Crud' no existe en el contexto actual [D:\UNIVERSIDAD\PROYECTOS BDD Y DS\Proyecto Integrador\BioUTN\BioUTN.MVC\BioUTN.MVC.csproj]
D:\UNIVERSIDAD\PROYECTOS BDD Y DS\Proyecto Integrador\BioUTN\BioUTN.MVC\Controllers\TareaOperativasController.cs(18,28): error CS0103: El nombre 'Crud' no existe en el contexto actual [D:\UNIVERSIDAD\PROYECTOS BDD Y DS\Proyecto Integrador\BioUTN\BioUTN.MVC\BioUTN.MVC.csproj]
D:\UNIVERSIDAD\PROYECTOS BDD Y DS\Proyecto Integrador\BioUTN\BioUTN.MVC\Controllers\EquiposController.cs(119,17): error CS0103: El nombre 'Crud' no existe en el contexto actual [D:\UNIVERSIDAD\PROYECTOS BDD Y DS\Proyecto Integrador\BioUTN\BioUTN.MVC\BioUTN.MVC.csproj]
D:\UNIVERSIDAD\PROYECTOS BDD Y DS\Proyecto Integrador\BioUTN\BioUTN.MVC\Controllers\TareaOperativasController.cs(43,21): error CS0103: El nombre 'Crud' no existe en el contexto actual [D:\UNIVERSIDAD\PROYECTOS BDD Y DS\Proyecto Integrador\BioUTN\BioUTN.MVC\BioUTN.MVC.csproj]
D:\UNIVERSIDAD\PROYECTOS BDD Y DS\Proyecto Integrador\BioUTN\BioUTN.MVC\Controllers\TareaOperativasController.cs(60,28): error CS0103: El nombre 'Crud' no existe en el contexto actual [D:\UNIVERSIDAD\PROYECTOS BDD Y DS\Proyecto Integrador\BioUTN\BioUTN.MVC\BioUTN.MVC.csproj]
D:\UNIVERSIDAD\PROYECTOS BDD Y DS\Proyecto Integrador\BioUTN\BioUTN.MVC\Controllers\TareaOperativasController.cs(83,21): error CS0103: El nombre 'Crud' no existe en el contexto actual [D:\UNIVERSIDAD\PROYECTOS BDD Y DS\Proyecto Integrador\BioUTN\BioUTN.MVC\BioUTN.MVC.csproj]
D:\UNIVERSIDAD\PROYECTOS BDD Y DS\Proyecto Integrador\BioUTN\BioUTN.MVC\Controllers\TareaOperativasController.cs(100,28): error CS0103: El nombre 'Crud' no existe en el contexto actual [D:\UNIVERSIDAD\PROYECTOS BDD Y DS\Proyecto Integrador\BioUTN\BioUTN.MVC\BioUTN.MVC.csproj]
D:\UNIVERSIDAD\PROYECTOS BDD Y DS\Proyecto Integrador\BioUTN\BioUTN.MVC\Controllers\TareaOperativasController.cs(119,17): error CS0103: El nombre 'Crud' no existe en el contexto actual [D:\UNIVERSIDAD\PROYECTOS BDD Y DS\Proyecto Integrador\BioUTN\BioUTN.MVC\BioUTN.MVC.csproj]
D:\UNIVERSIDAD\PROYECTOS BDD Y DS\Proyecto Integrador\BioUTN\BioUTN.MVC\Controllers\RolsController.cs(18,28): error CS0103: El nombre 'Crud' no existe en el contexto actual [D:\UNIVERSIDAD\PROYECTOS BDD Y DS\Proyecto Integrador\BioUTN\BioUTN.MVC\BioUTN.MVC.csproj]
D:\UNIVERSIDAD\PROYECTOS BDD Y DS\Proyecto Integrador\BioUTN\BioUTN.MVC\Controllers\RolsController.cs(43,21): error CS0103: El nombre 'Crud' no existe en el contexto actual [D:\UNIVERSIDAD\PROYECTOS BDD Y DS\Proyecto Integrador\BioUTN\BioUTN.MVC\BioUTN.MVC.csproj]
D:\UNIVERSIDAD\PROYECTOS BDD Y DS\Proyecto Integrador\BioUTN\BioUTN.MVC\Controllers\RolsController.cs(60,28): error CS0103: El nombre 'Crud' no existe en el contexto actual [D:\UNIVERSIDAD\PROYECTOS BDD Y DS\Proyecto Integrador\BioUTN\BioUTN.MVC\BioUTN.MVC.csproj]
D:\UNIVERSIDAD\PROYECTOS BDD Y DS\Proyecto Integrador\BioUTN\BioUTN.MVC\Controllers\EspeciesController.cs(18,28): error CS0103: El nombre 'Crud' no existe en el contexto actual [D:\UNIVERSIDAD\PROYECTOS BDD Y DS\Proyecto Integrador\BioUTN\BioUTN.MVC\BioUTN.MVC.csproj]
D:\UNIVERSIDAD\PROYECTOS BDD Y DS\Proyecto Integrador\BioUTN\BioUTN.MVC\Controllers\RolsController.cs(83,21): error CS0103: El nombre 'Crud' no existe en el contexto actual [D:\UNIVERSIDAD\PROYECTOS BDD Y DS\Proyecto Integrador\BioUTN\BioUTN.MVC\BioUTN.MVC.csproj]
D:\UNIVERSIDAD\PROYECTOS BDD Y DS\Proyecto Integrador\BioUTN\BioUTN.MVC\Controllers\EspeciesController.cs(43,21): error CS0103: El nombre 'Crud' no existe en el contexto actual [D:\UNIVERSIDAD\PROYECTOS BDD Y DS\Proyecto Integrador\BioUTN\BioUTN.MVC\BioUTN.MVC.csproj]
D:\UNIVERSIDAD\PROYECTOS BDD Y DS\Proyecto Integrador\BioUTN\BioUTN.MVC\Controllers\RolsController.cs(100,28): error CS0103: El nombre 'Crud' no existe en el contexto actual [D:\UNIVERSIDAD\PROYECTOS BDD Y DS\Proyecto Integrador\BioUTN\BioUTN.MVC\BioUTN.MVC.csproj]
D:\UNIVERSIDAD\PROYECTOS BDD Y DS\Proyecto Integrador\BioUTN\BioUTN.MVC\Controllers\EspeciesController.cs(60,28): error CS0103: El nombre 'Crud' no existe en el contexto actual [D:\UNIVERSIDAD\PROYECTOS BDD Y DS\Proyecto Integrador\BioUTN\BioUTN.MVC\BioUTN.MVC.csproj]
D:\UNIVERSIDAD\PROYECTOS BDD Y DS\Proyecto Integrador\BioUTN\BioUTN.MVC\Controllers\RolsController.cs(119,17): error CS0103: El nombre 'Crud' no existe en el contexto actual [D:\UNIVERSIDAD\PROYECTOS BDD Y DS\Proyecto Integrador\BioUTN\BioUTN.MVC\BioUTN.MVC.csproj]
D:\UNIVERSIDAD\PROYECTOS BDD Y DS\Proyecto Integrador\BioUTN\BioUTN.MVC\Controllers\EspeciesController.cs(83,21): error CS0103: El nombre 'Crud' no existe en el contexto actual [D:\UNIVERSIDAD\PROYECTOS BDD Y DS\Proyecto Integrador\BioUTN\BioUTN.MVC\BioUTN.MVC.csproj]
D:\UNIVERSIDAD\PROYECTOS BDD Y DS\Proyecto Integrador\BioUTN\BioUTN.MVC\Controllers\EspeciesController.cs(100,28): error CS0103: El nombre 'Crud' no existe en el contexto actual [D:\UNIVERSIDAD\PROYECTOS BDD Y DS\Proyecto Integrador\BioUTN\BioUTN.MVC\BioUTN.MVC.csproj]
D:\UNIVERSIDAD\PROYECTOS BDD Y DS\Proyecto Integrador\BioUTN\BioUTN.MVC\Controllers\EspeciesController.cs(119,17): error CS0103: El nombre 'Crud' no existe en el contexto actual [D:\UNIVERSIDAD\PROYECTOS BDD Y DS\Proyecto Integrador\BioUTN\BioUTN.MVC\BioUTN.MVC.csproj]
D:\UNIVERSIDAD\PROYECTOS BDD Y DS\Proyecto Integrador\BioUTN\BioUTN.MVC\Controllers\FamiliasController.cs(18,28): error CS0103: El nombre 'Crud' no existe en el contexto actual [D:\UNIVERSIDAD\PROYECTOS BDD Y DS\Proyecto Integrador\BioUTN\BioUTN.MVC\BioUTN.MVC.csproj]
D:\UNIVERSIDAD\PROYECTOS BDD Y DS\Proyecto Integrador\BioUTN\BioUTN.MVC\Controllers\ReservaEquiposController.cs(18,28): error CS0103: El nombre 'Crud' no existe en el contexto actual [D:\UNIVERSIDAD\PROYECTOS BDD Y DS\Proyecto Integrador\BioUTN\BioUTN.MVC\BioUTN.MVC.csproj]
D:\UNIVERSIDAD\PROYECTOS BDD Y DS\Proyecto Integrador\BioUTN\BioUTN.MVC\Controllers\FamiliasController.cs(43,21): error CS0103: El nombre 'Crud' no existe en el contexto actual [D:\UNIVERSIDAD\PROYECTOS BDD Y DS\Proyecto Integrador\BioUTN\BioUTN.MVC\BioUTN.MVC.csproj]
D:\UNIVERSIDAD\PROYECTOS BDD Y DS\Proyecto Integrador\BioUTN\BioUTN.MVC\Controllers\ReservaEquiposController.cs(33,28): error CS0103: El nombre 'Crud' no existe en el contexto actual [D:\UNIVERSIDAD\PROYECTOS BDD Y DS\Proyecto Integrador\BioUTN\BioUTN.MVC\BioUTN.MVC.csproj]
D:\UNIVERSIDAD\PROYECTOS BDD Y DS\Proyecto Integrador\BioUTN\BioUTN.MVC\Controllers\FamiliasController.cs(60,28): error CS0103: El nombre 'Crud' no existe en el contexto actual [D:\UNIVERSIDAD\PROYECTOS BDD Y DS\Proyecto Integrador\BioUTN\BioUTN.MVC\BioUTN.MVC.csproj]
D:\UNIVERSIDAD\PROYECTOS BDD Y DS\Proyecto Integrador\BioUTN\BioUTN.MVC\Controllers\ReservaEquiposController.cs(59,21): error CS0103: El nombre 'Crud' no existe en el contexto actual [D:\UNIVERSIDAD\PROYECTOS BDD Y DS\Proyecto Integrador\BioUTN\BioUTN.MVC\BioUTN.MVC.csproj]
D:\UNIVERSIDAD\PROYECTOS BDD Y DS\Proyecto Integrador\BioUTN\BioUTN.MVC\Controllers\FamiliasController.cs(83,21): error CS0103: El nombre 'Crud' no existe en el contexto actual [D:\UNIVERSIDAD\PROYECTOS BDD Y DS\Proyecto Integrador\BioUTN\BioUTN.MVC\BioUTN.MVC.csproj]
D:\UNIVERSIDAD\PROYECTOS BDD Y DS\Proyecto Integrador\BioUTN\BioUTN.MVC\Controllers\ReservaEquiposController.cs(76,28): error CS0103: El nombre 'Crud' no existe en el contexto actual [D:\UNIVERSIDAD\PROYECTOS BDD Y DS\Proyecto Integrador\BioUTN\BioUTN.MVC\BioUTN.MVC.csproj]
D:\UNIVERSIDAD\PROYECTOS BDD Y DS\Proyecto Integrador\BioUTN\BioUTN.MVC\Controllers\FamiliasController.cs(100,28): error CS0103: El nombre 'Crud' no existe en el contexto actual [D:\UNIVERSIDAD\PROYECTOS BDD Y DS\Proyecto Integrador\BioUTN\BioUTN.MVC\BioUTN.MVC.csproj]
D:\UNIVERSIDAD\PROYECTOS BDD Y DS\Proyecto Integrador\BioUTN\BioUTN.MVC\Controllers\FamiliasController.cs(119,17): error CS0103: El nombre 'Crud' no existe en el contexto actual [D:\UNIVERSIDAD\PROYECTOS BDD Y DS\Proyecto Integrador\BioUTN\BioUTN.MVC\BioUTN.MVC.csproj]
D:\UNIVERSIDAD\PROYECTOS BDD Y DS\Proyecto Integrador\BioUTN\BioUTN.MVC\Controllers\FaseCultivosController.cs(18,28): error CS0103: El nombre 'Crud' no existe en el contexto actual [D:\UNIVERSIDAD\PROYECTOS BDD Y DS\Proyecto Integrador\BioUTN\BioUTN.MVC\BioUTN.MVC.csproj]
D:\UNIVERSIDAD\PROYECTOS BDD Y DS\Proyecto Integrador\BioUTN\BioUTN.MVC\Controllers\FaseCultivosController.cs(43,21): error CS0103: El nombre 'Crud' no existe en el contexto actual [D:\UNIVERSIDAD\PROYECTOS BDD Y DS\Proyecto Integrador\BioUTN\BioUTN.MVC\BioUTN.MVC.csproj]
D:\UNIVERSIDAD\PROYECTOS BDD Y DS\Proyecto Integrador\BioUTN\BioUTN.MVC\Controllers\ReservaEquiposController.cs(99,21): error CS0103: El nombre 'Crud' no existe en el contexto actual [D:\UNIVERSIDAD\PROYECTOS BDD Y DS\Proyecto Integrador\BioUTN\BioUTN.MVC\BioUTN.MVC.csproj]
D:\UNIVERSIDAD\PROYECTOS BDD Y DS\Proyecto Integrador\BioUTN\BioUTN.MVC\Controllers\ReservaEquiposController.cs(116,28): error CS0103: El nombre 'Crud' no existe en el contexto actual [D:\UNIVERSIDAD\PROYECTOS BDD Y DS\Proyecto Integrador\BioUTN\BioUTN.MVC\BioUTN.MVC.csproj]
D:\UNIVERSIDAD\PROYECTOS BDD Y DS\Proyecto Integrador\BioUTN\BioUTN.MVC\Controllers\FaseCultivosController.cs(60,28): error CS0103: El nombre 'Crud' no existe en el contexto actual [D:\UNIVERSIDAD\PROYECTOS BDD Y DS\Proyecto Integrador\BioUTN\BioUTN.MVC\BioUTN.MVC.csproj]
D:\UNIVERSIDAD\PROYECTOS BDD Y DS\Proyecto Integrador\BioUTN\BioUTN.MVC\Controllers\ReservaEquiposController.cs(135,17): error CS0103: El nombre 'Crud' no existe en el contexto actual [D:\UNIVERSIDAD\PROYECTOS BDD Y DS\Proyecto Integrador\BioUTN\BioUTN.MVC\BioUTN.MVC.csproj]
D:\UNIVERSIDAD\PROYECTOS BDD Y DS\Proyecto Integrador\BioUTN\BioUTN.MVC\Controllers\FaseCultivosController.cs(83,21): error CS0103: El nombre 'Crud' no existe en el contexto actual [D:\UNIVERSIDAD\PROYECTOS BDD Y DS\Proyecto Integrador\BioUTN\BioUTN.MVC\BioUTN.MVC.csproj]
D:\UNIVERSIDAD\PROYECTOS BDD Y DS\Proyecto Integrador\BioUTN\BioUTN.MVC\Controllers\FaseCultivosController.cs(100,28): error CS0103: El nombre 'Crud' no existe en el contexto actual [D:\UNIVERSIDAD\PROYECTOS BDD Y DS\Proyecto Integrador\BioUTN\BioUTN.MVC\BioUTN.MVC.csproj]
D:\UNIVERSIDAD\PROYECTOS BDD Y DS\Proyecto Integrador\BioUTN\BioUTN.MVC\Controllers\FaseCultivosController.cs(119,17): error CS0103: El nombre 'Crud' no existe en el contexto actual [D:\UNIVERSIDAD\PROYECTOS BDD Y DS\Proyecto Integrador\BioUTN\BioUTN.MVC\BioUTN.MVC.csproj]
D:\UNIVERSIDAD\PROYECTOS BDD Y DS\Proyecto Integrador\BioUTN\BioUTN.MVC\Controllers\ReactivosController.cs(18,28): error CS0103: El nombre 'Crud' no existe en el contexto actual [D:\UNIVERSIDAD\PROYECTOS BDD Y DS\Proyecto Integrador\BioUTN\BioUTN.MVC\BioUTN.MVC.csproj]
D:\UNIVERSIDAD\PROYECTOS BDD Y DS\Proyecto Integrador\BioUTN\BioUTN.MVC\Controllers\GenerosController.cs(18,28): error CS0103: El nombre 'Crud' no existe en el contexto actual [D:\UNIVERSIDAD\PROYECTOS BDD Y DS\Proyecto Integrador\BioUTN\BioUTN.MVC\BioUTN.MVC.csproj]
D:\UNIVERSIDAD\PROYECTOS BDD Y DS\Proyecto Integrador\BioUTN\BioUTN.MVC\Controllers\GenerosController.cs(43,21): error CS0103: El nombre 'Crud' no existe en el contexto actual [D:\UNIVERSIDAD\PROYECTOS BDD Y DS\Proyecto Integrador\BioUTN\BioUTN.MVC\BioUTN.MVC.csproj]
D:\UNIVERSIDAD\PROYECTOS BDD Y DS\Proyecto Integrador\BioUTN\BioUTN.MVC\Controllers\GenerosController.cs(60,28): error CS0103: El nombre 'Crud' no existe en el contexto actual [D:\UNIVERSIDAD\PROYECTOS BDD Y DS\Proyecto Integrador\BioUTN\BioUTN.MVC\BioUTN.MVC.csproj]
D:\UNIVERSIDAD\PROYECTOS BDD Y DS\Proyecto Integrador\BioUTN\BioUTN.MVC\Controllers\ReactivosController.cs(43,21): error CS0103: El nombre 'Crud' no existe en el contexto actual [D:\UNIVERSIDAD\PROYECTOS BDD Y DS\Proyecto Integrador\BioUTN\BioUTN.MVC\BioUTN.MVC.csproj]
D:\UNIVERSIDAD\PROYECTOS BDD Y DS\Proyecto Integrador\BioUTN\BioUTN.MVC\Controllers\GenerosController.cs(83,21): error CS0103: El nombre 'Crud' no existe en el contexto actual [D:\UNIVERSIDAD\PROYECTOS BDD Y DS\Proyecto Integrador\BioUTN\BioUTN.MVC\BioUTN.MVC.csproj]
D:\UNIVERSIDAD\PROYECTOS BDD Y DS\Proyecto Integrador\BioUTN\BioUTN.MVC\Controllers\GenerosController.cs(100,28): error CS0103: El nombre 'Crud' no existe en el contexto actual [D:\UNIVERSIDAD\PROYECTOS BDD Y DS\Proyecto Integrador\BioUTN\BioUTN.MVC\BioUTN.MVC.csproj]
D:\UNIVERSIDAD\PROYECTOS BDD Y DS\Proyecto Integrador\BioUTN\BioUTN.MVC\Controllers\ReactivosController.cs(60,28): error CS0103: El nombre 'Crud' no existe en el contexto actual [D:\UNIVERSIDAD\PROYECTOS BDD Y DS\Proyecto Integrador\BioUTN\BioUTN.MVC\BioUTN.MVC.csproj]
D:\UNIVERSIDAD\PROYECTOS BDD Y DS\Proyecto Integrador\BioUTN\BioUTN.MVC\Controllers\GenerosController.cs(119,17): error CS0103: El nombre 'Crud' no existe en el contexto actual [D:\UNIVERSIDAD\PROYECTOS BDD Y DS\Proyecto Integrador\BioUTN\BioUTN.MVC\BioUTN.MVC.csproj]
D:\UNIVERSIDAD\PROYECTOS BDD Y DS\Proyecto Integrador\BioUTN\BioUTN.MVC\Controllers\LoteCultivosController.cs(18,28): error CS0103: El nombre 'Crud' no existe en el contexto actual [D:\UNIVERSIDAD\PROYECTOS BDD Y DS\Proyecto Integrador\BioUTN\BioUTN.MVC\BioUTN.MVC.csproj]
D:\UNIVERSIDAD\PROYECTOS BDD Y DS\Proyecto Integrador\BioUTN\BioUTN.MVC\Controllers\MonitoreoFitosanitariosController.cs(18,28): error CS0103: El nombre 'Crud' no existe en el contexto actual [D:\UNIVERSIDAD\PROYECTOS BDD Y DS\Proyecto Integrador\BioUTN\BioUTN.MVC\BioUTN.MVC.csproj]
D:\UNIVERSIDAD\PROYECTOS BDD Y DS\Proyecto Integrador\BioUTN\BioUTN.MVC\Controllers\MedioCultivosController.cs(18,28): error CS0103: El nombre 'Crud' no existe en el contexto actual [D:\UNIVERSIDAD\PROYECTOS BDD Y DS\Proyecto Integrador\BioUTN\BioUTN.MVC\BioUTN.MVC.csproj]
D:\UNIVERSIDAD\PROYECTOS BDD Y DS\Proyecto Integrador\BioUTN\BioUTN.MVC\Controllers\ReactivosController.cs(83,21): error CS0103: El nombre 'Crud' no existe en el contexto actual [D:\UNIVERSIDAD\PROYECTOS BDD Y DS\Proyecto Integrador\BioUTN\BioUTN.MVC\BioUTN.MVC.csproj]
D:\UNIVERSIDAD\PROYECTOS BDD Y DS\Proyecto Integrador\BioUTN\BioUTN.MVC\Controllers\MonitoreoFitosanitariosController.cs(43,21): error CS0103: El nombre 'Crud' no existe en el contexto actual [D:\UNIVERSIDAD\PROYECTOS BDD Y DS\Proyecto Integrador\BioUTN\BioUTN.MVC\BioUTN.MVC.csproj]
D:\UNIVERSIDAD\PROYECTOS BDD Y DS\Proyecto Integrador\BioUTN\BioUTN.MVC\Controllers\LoteCultivosController.cs(43,21): error CS0103: El nombre 'Crud' no existe en el contexto actual [D:\UNIVERSIDAD\PROYECTOS BDD Y DS\Proyecto Integrador\BioUTN\BioUTN.MVC\BioUTN.MVC.csproj]
D:\UNIVERSIDAD\PROYECTOS BDD Y DS\Proyecto Integrador\BioUTN\BioUTN.MVC\Controllers\ReactivosController.cs(100,28): error CS0103: El nombre 'Crud' no existe en el contexto actual [D:\UNIVERSIDAD\PROYECTOS BDD Y DS\Proyecto Integrador\BioUTN\BioUTN.MVC\BioUTN.MVC.csproj]
D:\UNIVERSIDAD\PROYECTOS BDD Y DS\Proyecto Integrador\BioUTN\BioUTN.MVC\Controllers\MedioCultivosController.cs(43,21): error CS0103: El nombre 'Crud' no existe en el contexto actual [D:\UNIVERSIDAD\PROYECTOS BDD Y DS\Proyecto Integrador\BioUTN\BioUTN.MVC\BioUTN.MVC.csproj]
D:\UNIVERSIDAD\PROYECTOS BDD Y DS\Proyecto Integrador\BioUTN\BioUTN.MVC\Controllers\MonitoreoFitosanitariosController.cs(60,28): error CS0103: El nombre 'Crud' no existe en el contexto actual [D:\UNIVERSIDAD\PROYECTOS BDD Y DS\Proyecto Integrador\BioUTN\BioUTN.MVC\BioUTN.MVC.csproj]
D:\UNIVERSIDAD\PROYECTOS BDD Y DS\Proyecto Integrador\BioUTN\BioUTN.MVC\Controllers\LoteCultivosController.cs(60,28): error CS0103: El nombre 'Crud' no existe en el contexto actual [D:\UNIVERSIDAD\PROYECTOS BDD Y DS\Proyecto Integrador\BioUTN\BioUTN.MVC\BioUTN.MVC.csproj]
D:\UNIVERSIDAD\PROYECTOS BDD Y DS\Proyecto Integrador\BioUTN\BioUTN.MVC\Controllers\ReactivosController.cs(119,17): error CS0103: El nombre 'Crud' no existe en el contexto actual [D:\UNIVERSIDAD\PROYECTOS BDD Y DS\Proyecto Integrador\BioUTN\BioUTN.MVC\BioUTN.MVC.csproj]
D:\UNIVERSIDAD\PROYECTOS BDD Y DS\Proyecto Integrador\BioUTN\BioUTN.MVC\Controllers\MedioCultivosController.cs(60,28): error CS0103: El nombre 'Crud' no existe en el contexto actual [D:\UNIVERSIDAD\PROYECTOS BDD Y DS\Proyecto Integrador\BioUTN\BioUTN.MVC\BioUTN.MVC.csproj]
D:\UNIVERSIDAD\PROYECTOS BDD Y DS\Proyecto Integrador\BioUTN\BioUTN.MVC\Controllers\MonitoreoFitosanitariosController.cs(83,21): error CS0103: El nombre 'Crud' no existe en el contexto actual [D:\UNIVERSIDAD\PROYECTOS BDD Y DS\Proyecto Integrador\BioUTN\BioUTN.MVC\BioUTN.MVC.csproj]
D:\UNIVERSIDAD\PROYECTOS BDD Y DS\Proyecto Integrador\BioUTN\BioUTN.MVC\Controllers\MedioCultivosController.cs(83,21): error CS0103: El nombre 'Crud' no existe en el contexto actual [D:\UNIVERSIDAD\PROYECTOS BDD Y DS\Proyecto Integrador\BioUTN\BioUTN.MVC\BioUTN.MVC.csproj]
D:\UNIVERSIDAD\PROYECTOS BDD Y DS\Proyecto Integrador\BioUTN\BioUTN.MVC\Controllers\ProyectoUsuariosController.cs(16,28): error CS0103: El nombre 'Crud' no existe en el contexto actual [D:\UNIVERSIDAD\PROYECTOS BDD Y DS\Proyecto Integrador\BioUTN\BioUTN.MVC\BioUTN.MVC.csproj]
D:\UNIVERSIDAD\PROYECTOS BDD Y DS\Proyecto Integrador\BioUTN\BioUTN.MVC\Controllers\LoteCultivosController.cs(83,21): error CS0103: El nombre 'Crud' no existe en el contexto actual [D:\UNIVERSIDAD\PROYECTOS BDD Y DS\Proyecto Integrador\BioUTN\BioUTN.MVC\BioUTN.MVC.csproj]
D:\UNIVERSIDAD\PROYECTOS BDD Y DS\Proyecto Integrador\BioUTN\BioUTN.MVC\Controllers\MonitoreoFitosanitariosController.cs(100,28): error CS0103: El nombre 'Crud' no existe en el contexto actual [D:\UNIVERSIDAD\PROYECTOS BDD Y DS\Proyecto Integrador\BioUTN\BioUTN.MVC\BioUTN.MVC.csproj]
D:\UNIVERSIDAD\PROYECTOS BDD Y DS\Proyecto Integrador\BioUTN\BioUTN.MVC\Controllers\MedioCultivosController.cs(100,28): error CS0103: El nombre 'Crud' no existe en el contexto actual [D:\UNIVERSIDAD\PROYECTOS BDD Y DS\Proyecto Integrador\BioUTN\BioUTN.MVC\BioUTN.MVC.csproj]
D:\UNIVERSIDAD\PROYECTOS BDD Y DS\Proyecto Integrador\BioUTN\BioUTN.MVC\Controllers\ProyectoUsuariosController.cs(41,21): error CS0103: El nombre 'Crud' no existe en el contexto actual [D:\UNIVERSIDAD\PROYECTOS BDD Y DS\Proyecto Integrador\BioUTN\BioUTN.MVC\BioUTN.MVC.csproj]
D:\UNIVERSIDAD\PROYECTOS BDD Y DS\Proyecto Integrador\BioUTN\BioUTN.MVC\Controllers\MonitoreoFitosanitariosController.cs(119,17): error CS0103: El nombre 'Crud' no existe en el contexto actual [D:\UNIVERSIDAD\PROYECTOS BDD Y DS\Proyecto Integrador\BioUTN\BioUTN.MVC\BioUTN.MVC.csproj]
D:\UNIVERSIDAD\PROYECTOS BDD Y DS\Proyecto Integrador\BioUTN\BioUTN.MVC\Controllers\MedioCultivosController.cs(119,17): error CS0103: El nombre 'Crud' no existe en el contexto actual [D:\UNIVERSIDAD\PROYECTOS BDD Y DS\Proyecto Integrador\BioUTN\BioUTN.MVC\BioUTN.MVC.csproj]
D:\UNIVERSIDAD\PROYECTOS BDD Y DS\Proyecto Integrador\BioUTN\BioUTN.MVC\Controllers\ProyectoUsuariosController.cs(58,28): error CS0103: El nombre 'Crud' no existe en el contexto actual [D:\UNIVERSIDAD\PROYECTOS BDD Y DS\Proyecto Integrador\BioUTN\BioUTN.MVC\BioUTN.MVC.csproj]
D:\UNIVERSIDAD\PROYECTOS BDD Y DS\Proyecto Integrador\BioUTN\BioUTN.MVC\Controllers\LoteCultivosController.cs(100,28): error CS0103: El nombre 'Crud' no existe en el contexto actual [D:\UNIVERSIDAD\PROYECTOS BDD Y DS\Proyecto Integrador\BioUTN\BioUTN.MVC\BioUTN.MVC.csproj]
D:\UNIVERSIDAD\PROYECTOS BDD Y DS\Proyecto Integrador\BioUTN\BioUTN.MVC\Controllers\ProyectoUsuariosController.cs(81,21): error CS0103: El nombre 'Crud' no existe en el contexto actual [D:\UNIVERSIDAD\PROYECTOS BDD Y DS\Proyecto Integrador\BioUTN\BioUTN.MVC\BioUTN.MVC.csproj]
D:\UNIVERSIDAD\PROYECTOS BDD Y DS\Proyecto Integrador\BioUTN\BioUTN.MVC\Controllers\LoteCultivosController.cs(119,17): error CS0103: El nombre 'Crud' no existe en el contexto actual [D:\UNIVERSIDAD\PROYECTOS BDD Y DS\Proyecto Integrador\BioUTN\BioUTN.MVC\BioUTN.MVC.csproj]
D:\UNIVERSIDAD\PROYECTOS BDD Y DS\Proyecto Integrador\BioUTN\BioUTN.MVC\Controllers\ProyectoUsuariosController.cs(98,28): error CS0103: El nombre 'Crud' no existe en el contexto actual [D:\UNIVERSIDAD\PROYECTOS BDD Y DS\Proyecto Integrador\BioUTN\BioUTN.MVC\BioUTN.MVC.csproj]
D:\UNIVERSIDAD\PROYECTOS BDD Y DS\Proyecto Integrador\BioUTN\BioUTN.MVC\Controllers\ProyectoUsuariosController.cs(117,17): error CS0103: El nombre 'Crud' no existe en el contexto actual [D:\UNIVERSIDAD\PROYECTOS BDD Y DS\Proyecto Integrador\BioUTN\BioUTN.MVC\BioUTN.MVC.csproj]
D:\UNIVERSIDAD\PROYECTOS BDD Y DS\Proyecto Integrador\BioUTN\BioUTN.MVC\Controllers\ProyectosController.cs(18,28): error CS0103: El nombre 'Crud' no existe en el contexto actual [D:\UNIVERSIDAD\PROYECTOS BDD Y DS\Proyecto Integrador\BioUTN\BioUTN.MVC\BioUTN.MVC.csproj]
D:\UNIVERSIDAD\PROYECTOS BDD Y DS\Proyecto Integrador\BioUTN\BioUTN.MVC\Controllers\ProyectosController.cs(43,21): error CS0103: El nombre 'Crud' no existe en el contexto actual [D:\UNIVERSIDAD\PROYECTOS BDD Y DS\Proyecto Integrador\BioUTN\BioUTN.MVC\BioUTN.MVC.csproj]
D:\UNIVERSIDAD\PROYECTOS BDD Y DS\Proyecto Integrador\BioUTN\BioUTN.MVC\Controllers\ProyectosController.cs(60,28): error CS0103: El nombre 'Crud' no existe en el contexto actual [D:\UNIVERSIDAD\PROYECTOS BDD Y DS\Proyecto Integrador\BioUTN\BioUTN.MVC\BioUTN.MVC.csproj]
D:\UNIVERSIDAD\PROYECTOS BDD Y DS\Proyecto Integrador\BioUTN\BioUTN.MVC\Controllers\ProyectosController.cs(83,21): error CS0103: El nombre 'Crud' no existe en el contexto actual [D:\UNIVERSIDAD\PROYECTOS BDD Y DS\Proyecto Integrador\BioUTN\BioUTN.MVC\BioUTN.MVC.csproj]
D:\UNIVERSIDAD\PROYECTOS BDD Y DS\Proyecto Integrador\BioUTN\BioUTN.MVC\Controllers\ProyectosController.cs(100,28): error CS0103: El nombre 'Crud' no existe en el contexto actual [D:\UNIVERSIDAD\PROYECTOS BDD Y DS\Proyecto Integrador\BioUTN\BioUTN.MVC\BioUTN.MVC.csproj]
D:\UNIVERSIDAD\PROYECTOS BDD Y DS\Proyecto Integrador\BioUTN\BioUTN.MVC\Controllers\ProyectosController.cs(119,17): error CS0103: El nombre 'Crud' no existe en el contexto actual [D:\UNIVERSIDAD\PROYECTOS BDD Y DS\Proyecto Integrador\BioUTN\BioUTN.MVC\BioUTN.MVC.csproj]
D:\UNIVERSIDAD\PROYECTOS BDD Y DS\Proyecto Integrador\BioUTN\BioUTN.MVC\Controllers\PlantaMadresController.cs(18,28): error CS0103: El nombre 'Crud' no existe en el contexto actual [D:\UNIVERSIDAD\PROYECTOS BDD Y DS\Proyecto Integrador\BioUTN\BioUTN.MVC\BioUTN.MVC.csproj]
D:\UNIVERSIDAD\PROYECTOS BDD Y DS\Proyecto Integrador\BioUTN\BioUTN.MVC\Controllers\PlantaMadresController.cs(43,21): error CS0103: El nombre 'Crud' no existe en el contexto actual [D:\UNIVERSIDAD\PROYECTOS BDD Y DS\Proyecto Integrador\BioUTN\BioUTN.MVC\BioUTN.MVC.csproj]
D:\UNIVERSIDAD\PROYECTOS BDD Y DS\Proyecto Integrador\BioUTN\BioUTN.MVC\Controllers\PlantaMadresController.cs(60,28): error CS0103: El nombre 'Crud' no existe en el contexto actual [D:\UNIVERSIDAD\PROYECTOS BDD Y DS\Proyecto Integrador\BioUTN\BioUTN.MVC\BioUTN.MVC.csproj]
D:\UNIVERSIDAD\PROYECTOS BDD Y DS\Proyecto Integrador\BioUTN\BioUTN.MVC\Controllers\PlantaMadresController.cs(83,21): error CS0103: El nombre 'Crud' no existe en el contexto actual [D:\UNIVERSIDAD\PROYECTOS BDD Y DS\Proyecto Integrador\BioUTN\BioUTN.MVC\BioUTN.MVC.csproj]
D:\UNIVERSIDAD\PROYECTOS BDD Y DS\Proyecto Integrador\BioUTN\BioUTN.MVC\Controllers\PlantaMadresController.cs(100,28): error CS0103: El nombre 'Crud' no existe en el contexto actual [D:\UNIVERSIDAD\PROYECTOS BDD Y DS\Proyecto Integrador\BioUTN\BioUTN.MVC\BioUTN.MVC.csproj]
D:\UNIVERSIDAD\PROYECTOS BDD Y DS\Proyecto Integrador\BioUTN\BioUTN.MVC\Controllers\PlantaMadresController.cs(119,17): error CS0103: El nombre 'Crud' no existe en el contexto actual [D:\UNIVERSIDAD\PROYECTOS BDD Y DS\Proyecto Integrador\BioUTN\BioUTN.MVC\BioUTN.MVC.csproj]
D:\UNIVERSIDAD\PROYECTOS BDD Y DS\Proyecto Integrador\BioUTN\BioUTN.MVC\Controllers\PermisoAmbientalsController.cs(18,28): error CS0103: El nombre 'Crud' no existe en el contexto actual [D:\UNIVERSIDAD\PROYECTOS BDD Y DS\Proyecto Integrador\BioUTN\BioUTN.MVC\BioUTN.MVC.csproj]
D:\UNIVERSIDAD\PROYECTOS BDD Y DS\Proyecto Integrador\BioUTN\BioUTN.MVC\Controllers\PermisoAmbientalsController.cs(43,21): error CS0103: El nombre 'Crud' no existe en el contexto actual [D:\UNIVERSIDAD\PROYECTOS BDD Y DS\Proyecto Integrador\BioUTN\BioUTN.MVC\BioUTN.MVC.csproj]
D:\UNIVERSIDAD\PROYECTOS BDD Y DS\Proyecto Integrador\BioUTN\BioUTN.MVC\Controllers\PermisoAmbientalsController.cs(60,28): error CS0103: El nombre 'Crud' no existe en el contexto actual [D:\UNIVERSIDAD\PROYECTOS BDD Y DS\Proyecto Integrador\BioUTN\BioUTN.MVC\BioUTN.MVC.csproj]
D:\UNIVERSIDAD\PROYECTOS BDD Y DS\Proyecto Integrador\BioUTN\BioUTN.MVC\Controllers\PermisoAmbientalsController.cs(83,21): error CS0103: El nombre 'Crud' no existe en el contexto actual [D:\UNIVERSIDAD\PROYECTOS BDD Y DS\Proyecto Integrador\BioUTN\BioUTN.MVC\BioUTN.MVC.csproj]
D:\UNIVERSIDAD\PROYECTOS BDD Y DS\Proyecto Integrador\BioUTN\BioUTN.MVC\Controllers\PermisoAmbientalsController.cs(100,28): error CS0103: El nombre 'Crud' no existe en el contexto actual [D:\UNIVERSIDAD\PROYECTOS BDD Y DS\Proyecto Integrador\BioUTN\BioUTN.MVC\BioUTN.MVC.csproj]
D:\UNIVERSIDAD\PROYECTOS BDD Y DS\Proyecto Integrador\BioUTN\BioUTN.MVC\Controllers\PermisoAmbientalsController.cs(119,17): error CS0103: El nombre 'Crud' no existe en el contexto actual [D:\UNIVERSIDAD\PROYECTOS BDD Y DS\Proyecto Integrador\BioUTN\BioUTN.MVC\BioUTN.MVC.csproj]
D:\UNIVERSIDAD\PROYECTOS BDD Y DS\Proyecto Integrador\BioUTN\BioUTN.MVC\Views\Especies\Index.cshtml(168,42): error CS1061: "Especie" no contiene una definición para "Familia" ni un método de extensión accesible "Familia" que acepte un primer argumento del tipo "Especie" (¿falta alguna directiva using o una referencia de ensamblado?) [D:\UNIVERSIDAD\PROYECTOS BDD Y DS\Proyecto Integrador\BioUTN\BioUTN.MVC\BioUTN.MVC.csproj]
D:\UNIVERSIDAD\PROYECTOS BDD Y DS\Proyecto Integrador\BioUTN\BioUTN.MVC\Views\Especies\Index.cshtml(179,43): error CS1061: "Especie" no contiene una definición para "Familia" ni un método de extensión accesible "Familia" que acepte un primer argumento del tipo "Especie" (¿falta alguna directiva using o una referencia de ensamblado?) [D:\UNIVERSIDAD\PROYECTOS BDD Y DS\Proyecto Integrador\BioUTN\BioUTN.MVC\BioUTN.MVC.csproj]
D:\UNIVERSIDAD\PROYECTOS BDD Y DS\Proyecto Integrador\BioUTN\BioUTN.MVC\Views\Especies\Index.cshtml(181,70): error CS1061: "Especie" no contiene una definición para "Familia" ni un método de extensión accesible "Familia" que acepte un primer argumento del tipo "Especie" (¿falta alguna directiva using o una referencia de ensamblado?) [D:\UNIVERSIDAD\PROYECTOS BDD Y DS\Proyecto Integrador\BioUTN\BioUTN.MVC\BioUTN.MVC.csproj]
D:\UNIVERSIDAD\PROYECTOS BDD Y DS\Proyecto Integrador\BioUTN\BioUTN.MVC\Views\Especies\Edit.cshtml(53,41): error CS1061: "Especie" no contiene una definición para "IdFamilia" ni un método de extensión accesible "IdFamilia" que acepte un primer argumento del tipo "Especie" (¿falta alguna directiva using o una referencia de ensamblado?) [D:\UNIVERSIDAD\PROYECTOS BDD Y DS\Proyecto Integrador\BioUTN\BioUTN.MVC\BioUTN.MVC.csproj]
D:\UNIVERSIDAD\PROYECTOS BDD Y DS\Proyecto Integrador\BioUTN\BioUTN.MVC\Views\Especies\Edit.cshtml(54,41): error CS1061: "Especie" no contiene una definición para "IdFamilia" ni un método de extensión accesible "IdFamilia" que acepte un primer argumento del tipo "Especie" (¿falta alguna directiva using o una referencia de ensamblado?) [D:\UNIVERSIDAD\PROYECTOS BDD Y DS\Proyecto Integrador\BioUTN\BioUTN.MVC\BioUTN.MVC.csproj]
D:\UNIVERSIDAD\PROYECTOS BDD Y DS\Proyecto Integrador\BioUTN\BioUTN.MVC\Views\Especies\Edit.cshtml(55,51): error CS1061: "Especie" no contiene una definición para "IdFamilia" ni un método de extensión accesible "IdFamilia" que acepte un primer argumento del tipo "Especie" (¿falta alguna directiva using o una referencia de ensamblado?) [D:\UNIVERSIDAD\PROYECTOS BDD Y DS\Proyecto Integrador\BioUTN\BioUTN.MVC\BioUTN.MVC.csproj]
D:\UNIVERSIDAD\PROYECTOS BDD Y DS\Proyecto Integrador\BioUTN\BioUTN.MVC\Views\Especies\Create.cshtml(52,41): error CS1061: "Especie" no contiene una definición para "IdFamilia" ni un método de extensión accesible "IdFamilia" que acepte un primer argumento del tipo "Especie" (¿falta alguna directiva using o una referencia de ensamblado?) [D:\UNIVERSIDAD\PROYECTOS BDD Y DS\Proyecto Integrador\BioUTN\BioUTN.MVC\BioUTN.MVC.csproj]
D:\UNIVERSIDAD\PROYECTOS BDD Y DS\Proyecto Integrador\BioUTN\BioUTN.MVC\Views\Especies\Create.cshtml(53,41): error CS1061: "Especie" no contiene una definición para "IdFamilia" ni un método de extensión accesible "IdFamilia" que acepte un primer argumento del tipo "Especie" (¿falta alguna directiva using o una referencia de ensamblado?) [D:\UNIVERSIDAD\PROYECTOS BDD Y DS\Proyecto Integrador\BioUTN\BioUTN.MVC\BioUTN.MVC.csproj]
D:\UNIVERSIDAD\PROYECTOS BDD Y DS\Proyecto Integrador\BioUTN\BioUTN.MVC\Views\Especies\Create.cshtml(54,51): error CS1061: "Especie" no contiene una definición para "IdFamilia" ni un método de extensión accesible "IdFamilia" que acepte un primer argumento del tipo "Especie" (¿falta alguna directiva using o una referencia de ensamblado?) [D:\UNIVERSIDAD\PROYECTOS BDD Y DS\Proyecto Integrador\BioUTN\BioUTN.MVC\BioUTN.MVC.csproj]
D:\UNIVERSIDAD\PROYECTOS BDD Y DS\Proyecto Integrador\BioUTN\BioUTN.MVC\Views\LoteCultivos\Index.cshtml(234,73): error CS1061: "LoteCultivo" no contiene una definición para "TipoCultivo" ni un método de extensión accesible "TipoCultivo" que acepte un primer argumento del tipo "LoteCultivo" (¿falta alguna directiva using o una referencia de ensamblado?) [D:\UNIVERSIDAD\PROYECTOS BDD Y DS\Proyecto Integrador\BioUTN\BioUTN.MVC\BioUTN.MVC.csproj]
D:\UNIVERSIDAD\PROYECTOS BDD Y DS\Proyecto Integrador\BioUTN\BioUTN.MVC\Views\MonitoreoFitosanitarios\Index.cshtml(221,78): error CS1061: "MonitoreoFitosanitario" no contiene una definición para "IdLoteCultivo" ni un método de extensión accesible "IdLoteCultivo" que acepte un primer argumento del tipo "MonitoreoFitosanitario" (¿falta alguna directiva using o una referencia de ensamblado?) [D:\UNIVERSIDAD\PROYECTOS BDD Y DS\Proyecto Integrador\BioUTN\BioUTN.MVC\BioUTN.MVC.csproj]
D:\UNIVERSIDAD\PROYECTOS BDD Y DS\Proyecto Integrador\BioUTN\BioUTN.MVC\Views\MonitoreoFitosanitarios\Create.cshtml(27,41): error CS1061: "MonitoreoFitosanitario" no contiene una definición para "IdLoteCultivo" ni un método de extensión accesible "IdLoteCultivo" que acepte un primer argumento del tipo "MonitoreoFitosanitario" (¿falta alguna directiva using o una referencia de ensamblado?) [D:\UNIVERSIDAD\PROYECTOS BDD Y DS\Proyecto Integrador\BioUTN\BioUTN.MVC\BioUTN.MVC.csproj]
D:\UNIVERSIDAD\PROYECTOS BDD Y DS\Proyecto Integrador\BioUTN\BioUTN.MVC\Views\MonitoreoFitosanitarios\Create.cshtml(28,41): error CS1061: "MonitoreoFitosanitario" no contiene una definición para "IdLoteCultivo" ni un método de extensión accesible "IdLoteCultivo" que acepte un primer argumento del tipo "MonitoreoFitosanitario" (¿falta alguna directiva using o una referencia de ensamblado?) [D:\UNIVERSIDAD\PROYECTOS BDD Y DS\Proyecto Integrador\BioUTN\BioUTN.MVC\BioUTN.MVC.csproj]
D:\UNIVERSIDAD\PROYECTOS BDD Y DS\Proyecto Integrador\BioUTN\BioUTN.MVC\Views\MonitoreoFitosanitarios\Create.cshtml(29,51): error CS1061: "MonitoreoFitosanitario" no contiene una definición para "IdLoteCultivo" ni un método de extensión accesible "IdLoteCultivo" que acepte un primer argumento del tipo "MonitoreoFitosanitario" (¿falta alguna directiva using o una referencia de ensamblado?) [D:\UNIVERSIDAD\PROYECTOS BDD Y DS\Proyecto Integrador\BioUTN\BioUTN.MVC\BioUTN.MVC.csproj]
D:\UNIVERSIDAD\PROYECTOS BDD Y DS\Proyecto Integrador\BioUTN\BioUTN.MVC\Views\LoteCultivos\Edit.cshtml(73,41): error CS1061: "LoteCultivo" no contiene una definición para "IdTipoCultivo" ni un método de extensión accesible "IdTipoCultivo" que acepte un primer argumento del tipo "LoteCultivo" (¿falta alguna directiva using o una referencia de ensamblado?) [D:\UNIVERSIDAD\PROYECTOS BDD Y DS\Proyecto Integrador\BioUTN\BioUTN.MVC\BioUTN.MVC.csproj]
D:\UNIVERSIDAD\PROYECTOS BDD Y DS\Proyecto Integrador\BioUTN\BioUTN.MVC\Views\LoteCultivos\Edit.cshtml(74,41): error CS1061: "LoteCultivo" no contiene una definición para "IdTipoCultivo" ni un método de extensión accesible "IdTipoCultivo" que acepte un primer argumento del tipo "LoteCultivo" (¿falta alguna directiva using o una referencia de ensamblado?) [D:\UNIVERSIDAD\PROYECTOS BDD Y DS\Proyecto Integrador\BioUTN\BioUTN.MVC\BioUTN.MVC.csproj]
D:\UNIVERSIDAD\PROYECTOS BDD Y DS\Proyecto Integrador\BioUTN\BioUTN.MVC\Views\LoteCultivos\Edit.cshtml(75,51): error CS1061: "LoteCultivo" no contiene una definición para "IdTipoCultivo" ni un método de extensión accesible "IdTipoCultivo" que acepte un primer argumento del tipo "LoteCultivo" (¿falta alguna directiva using o una referencia de ensamblado?) [D:\UNIVERSIDAD\PROYECTOS BDD Y DS\Proyecto Integrador\BioUTN\BioUTN.MVC\BioUTN.MVC.csproj]
D:\UNIVERSIDAD\PROYECTOS BDD Y DS\Proyecto Integrador\BioUTN\BioUTN.MVC\Views\MonitoreoFitosanitarios\Edit.cshtml(28,41): error CS1061: "MonitoreoFitosanitario" no contiene una definición para "IdLoteCultivo" ni un método de extensión accesible "IdLoteCultivo" que acepte un primer argumento del tipo "MonitoreoFitosanitario" (¿falta alguna directiva using o una referencia de ensamblado?) [D:\UNIVERSIDAD\PROYECTOS BDD Y DS\Proyecto Integrador\BioUTN\BioUTN.MVC\BioUTN.MVC.csproj]
D:\UNIVERSIDAD\PROYECTOS BDD Y DS\Proyecto Integrador\BioUTN\BioUTN.MVC\Views\MonitoreoFitosanitarios\Edit.cshtml(29,41): error CS1061: "MonitoreoFitosanitario" no contiene una definición para "IdLoteCultivo" ni un método de extensión accesible "IdLoteCultivo" que acepte un primer argumento del tipo "MonitoreoFitosanitario" (¿falta alguna directiva using o una referencia de ensamblado?) [D:\UNIVERSIDAD\PROYECTOS BDD Y DS\Proyecto Integrador\BioUTN\BioUTN.MVC\BioUTN.MVC.csproj]
D:\UNIVERSIDAD\PROYECTOS BDD Y DS\Proyecto Integrador\BioUTN\BioUTN.MVC\Views\MonitoreoFitosanitarios\Edit.cshtml(30,51): error CS1061: "MonitoreoFitosanitario" no contiene una definición para "IdLoteCultivo" ni un método de extensión accesible "IdLoteCultivo" que acepte un primer argumento del tipo "MonitoreoFitosanitario" (¿falta alguna directiva using o una referencia de ensamblado?) [D:\UNIVERSIDAD\PROYECTOS BDD Y DS\Proyecto Integrador\BioUTN\BioUTN.MVC\BioUTN.MVC.csproj]
D:\UNIVERSIDAD\PROYECTOS BDD Y DS\Proyecto Integrador\BioUTN\BioUTN.MVC\Views\Reactivos\Index.cshtml(45,58): error CS1061: "DateTime?" no contiene una definición para "ToShortDateString" ni un método de extensión accesible "ToShortDateString" que acepte un primer argumento del tipo "DateTime?" (¿falta alguna directiva using o una referencia de ensamblado?) [D:\UNIVERSIDAD\PROYECTOS BDD Y DS\Proyecto Integrador\BioUTN\BioUTN.MVC\BioUTN.MVC.csproj]
D:\UNIVERSIDAD\PROYECTOS BDD Y DS\Proyecto Integrador\BioUTN\BioUTN.MVC\Views\ReservaEquipos\Index.cshtml(42,43): error CS1061: "ReservaEquipo" no contiene una definición para "FechaInicio" ni un método de extensión accesible "FechaInicio" que acepte un primer argumento del tipo "ReservaEquipo" (¿falta alguna directiva using o una referencia de ensamblado?) [D:\UNIVERSIDAD\PROYECTOS BDD Y DS\Proyecto Integrador\BioUTN\BioUTN.MVC\BioUTN.MVC.csproj]
D:\UNIVERSIDAD\PROYECTOS BDD Y DS\Proyecto Integrador\BioUTN\BioUTN.MVC\Views\ReservaEquipos\Index.cshtml(43,43): error CS1061: "ReservaEquipo" no contiene una definición para "FechaFin" ni un método de extensión accesible "FechaFin" que acepte un primer argumento del tipo "ReservaEquipo" (¿falta alguna directiva using o una referencia de ensamblado?) [D:\UNIVERSIDAD\PROYECTOS BDD Y DS\Proyecto Integrador\BioUTN\BioUTN.MVC\BioUTN.MVC.csproj]
D:\UNIVERSIDAD\PROYECTOS BDD Y DS\Proyecto Integrador\BioUTN\BioUTN.MVC\Views\ReservaEquipos\Create.cshtml(37,41): error CS1061: "ReservaEquipo" no contiene una definición para "FechaInicio" ni un método de extensión accesible "FechaInicio" que acepte un primer argumento del tipo "ReservaEquipo" (¿falta alguna directiva using o una referencia de ensamblado?) [D:\UNIVERSIDAD\PROYECTOS BDD Y DS\Proyecto Integrador\BioUTN\BioUTN.MVC\BioUTN.MVC.csproj]
D:\UNIVERSIDAD\PROYECTOS BDD Y DS\Proyecto Integrador\BioUTN\BioUTN.MVC\Views\ReservaEquipos\Create.cshtml(38,41): error CS1061: "ReservaEquipo" no contiene una definición para "FechaInicio" ni un método de extensión accesible "FechaInicio" que acepte un primer argumento del tipo "ReservaEquipo" (¿falta alguna directiva using o una referencia de ensamblado?) [D:\UNIVERSIDAD\PROYECTOS BDD Y DS\Proyecto Integrador\BioUTN\BioUTN.MVC\BioUTN.MVC.csproj]
D:\UNIVERSIDAD\PROYECTOS BDD Y DS\Proyecto Integrador\BioUTN\BioUTN.MVC\Views\ReservaEquipos\Create.cshtml(39,51): error CS1061: "ReservaEquipo" no contiene una definición para "FechaInicio" ni un método de extensión accesible "FechaInicio" que acepte un primer argumento del tipo "ReservaEquipo" (¿falta alguna directiva using o una referencia de ensamblado?) [D:\UNIVERSIDAD\PROYECTOS BDD Y DS\Proyecto Integrador\BioUTN\BioUTN.MVC\BioUTN.MVC.csproj]
D:\UNIVERSIDAD\PROYECTOS BDD Y DS\Proyecto Integrador\BioUTN\BioUTN.MVC\Views\ReservaEquipos\Create.cshtml(42,41): error CS1061: "ReservaEquipo" no contiene una definición para "FechaFin" ni un método de extensión accesible "FechaFin" que acepte un primer argumento del tipo "ReservaEquipo" (¿falta alguna directiva using o una referencia de ensamblado?) [D:\UNIVERSIDAD\PROYECTOS BDD Y DS\Proyecto Integrador\BioUTN\BioUTN.MVC\BioUTN.MVC.csproj]
D:\UNIVERSIDAD\PROYECTOS BDD Y DS\Proyecto Integrador\BioUTN\BioUTN.MVC\Views\ReservaEquipos\Create.cshtml(43,41): error CS1061: "ReservaEquipo" no contiene una definición para "FechaFin" ni un método de extensión accesible "FechaFin" que acepte un primer argumento del tipo "ReservaEquipo" (¿falta alguna directiva using o una referencia de ensamblado?) [D:\UNIVERSIDAD\PROYECTOS BDD Y DS\Proyecto Integrador\BioUTN\BioUTN.MVC\BioUTN.MVC.csproj]
D:\UNIVERSIDAD\PROYECTOS BDD Y DS\Proyecto Integrador\BioUTN\BioUTN.MVC\Views\ReservaEquipos\Create.cshtml(44,51): error CS1061: "ReservaEquipo" no contiene una definición para "FechaFin" ni un método de extensión accesible "FechaFin" que acepte un primer argumento del tipo "ReservaEquipo" (¿falta alguna directiva using o una referencia de ensamblado?) [D:\UNIVERSIDAD\PROYECTOS BDD Y DS\Proyecto Integrador\BioUTN\BioUTN.MVC\BioUTN.MVC.csproj]
D:\UNIVERSIDAD\PROYECTOS BDD Y DS\Proyecto Integrador\BioUTN\BioUTN.MVC\Views\ReservaEquipos\Edit.cshtml(38,41): error CS1061: "ReservaEquipo" no contiene una definición para "FechaInicio" ni un método de extensión accesible "FechaInicio" que acepte un primer argumento del tipo "ReservaEquipo" (¿falta alguna directiva using o una referencia de ensamblado?) [D:\UNIVERSIDAD\PROYECTOS BDD Y DS\Proyecto Integrador\BioUTN\BioUTN.MVC\BioUTN.MVC.csproj]
D:\UNIVERSIDAD\PROYECTOS BDD Y DS\Proyecto Integrador\BioUTN\BioUTN.MVC\Views\ReservaEquipos\Edit.cshtml(39,41): error CS1061: "ReservaEquipo" no contiene una definición para "FechaInicio" ni un método de extensión accesible "FechaInicio" que acepte un primer argumento del tipo "ReservaEquipo" (¿falta alguna directiva using o una referencia de ensamblado?) [D:\UNIVERSIDAD\PROYECTOS BDD Y DS\Proyecto Integrador\BioUTN\BioUTN.MVC\BioUTN.MVC.csproj]
D:\UNIVERSIDAD\PROYECTOS BDD Y DS\Proyecto Integrador\BioUTN\BioUTN.MVC\Views\ReservaEquipos\Edit.cshtml(40,51): error CS1061: "ReservaEquipo" no contiene una definición para "FechaInicio" ni un método de extensión accesible "FechaInicio" que acepte un primer argumento del tipo "ReservaEquipo" (¿falta alguna directiva using o una referencia de ensamblado?) [D:\UNIVERSIDAD\PROYECTOS BDD Y DS\Proyecto Integrador\BioUTN\BioUTN.MVC\BioUTN.MVC.csproj]
D:\UNIVERSIDAD\PROYECTOS BDD Y DS\Proyecto Integrador\BioUTN\BioUTN.MVC\Views\ReservaEquipos\Edit.cshtml(43,41): error CS1061: "ReservaEquipo" no contiene una definición para "FechaFin" ni un método de extensión accesible "FechaFin" que acepte un primer argumento del tipo "ReservaEquipo" (¿falta alguna directiva using o una referencia de ensamblado?) [D:\UNIVERSIDAD\PROYECTOS BDD Y DS\Proyecto Integrador\BioUTN\BioUTN.MVC\BioUTN.MVC.csproj]
D:\UNIVERSIDAD\PROYECTOS BDD Y DS\Proyecto Integrador\BioUTN\BioUTN.MVC\Views\ReservaEquipos\Edit.cshtml(44,41): error CS1061: "ReservaEquipo" no contiene una definición para "FechaFin" ni un método de extensión accesible "FechaFin" que acepte un primer argumento del tipo "ReservaEquipo" (¿falta alguna directiva using o una referencia de ensamblado?) [D:\UNIVERSIDAD\PROYECTOS BDD Y DS\Proyecto Integrador\BioUTN\BioUTN.MVC\BioUTN.MVC.csproj]
D:\UNIVERSIDAD\PROYECTOS BDD Y DS\Proyecto Integrador\BioUTN\BioUTN.MVC\Views\ReservaEquipos\Edit.cshtml(45,51): error CS1061: "ReservaEquipo" no contiene una definición para "FechaFin" ni un método de extensión accesible "FechaFin" que acepte un primer argumento del tipo "ReservaEquipo" (¿falta alguna directiva using o una referencia de ensamblado?) [D:\UNIVERSIDAD\PROYECTOS BDD Y DS\Proyecto Integrador\BioUTN\BioUTN.MVC\BioUTN.MVC.csproj]
    6 Advertencia(s)
    225 Errores

Tiempo transcurrido 00:00:12.29
